<!doctype html public "-//w3c//dtd html 4.0 transitional//en">
<html><head>
<title>Static Call Graph - [.\obj\stm32f103.axf]</title></head>
<body><HR>
<H1>Static Call Graph for image .\obj\stm32f103.axf</H1><HR>
<BR><P>#&#060CALLGRAPH&#062# ARM Linker, 5.03 [Build 24]: Last Updated: Sat Jun 20 07:59:49 2015
<BR><P>
<H3>Maximum Stack Usage =        464 bytes + Unknown(Functions without stacksize, Cycles, Untraceable Function Pointers)</H3><H3>
Call chain for Maximum Stack Depth:</H3>
debug_shell_task &rArr; cli_loop &rArr; cli_simple_loop &rArr; cli_readline &rArr; cli_readline_into_buffer &rArr; cread_line &rArr; cmd_auto_complete &rArr; complete_cmdv &rArr; find_cmd &rArr; find_cmd_tbl &rArr; strncmp
<P>
<H3>
Functions with no stack information
</H3><UL>
 <LI><a href="#[180]">__user_initial_stackheap</a>
 <LI><a href="#[af]">OS_CPU_SR_Save</a>
 <LI><a href="#[b0]">OS_CPU_SR_Restore</a>
 <LI><a href="#[1ee]">CPU_IntDis</a>
 <LI><a href="#[1ef]">CPU_IntEn</a>
 <LI><a href="#[f3]">raw_start_first_task</a>
 <LI><a href="#[ec]">port_task_switch</a>
 <LI><a href="#[ff]">raw_int_switch</a>
 <LI><a href="#[19]">PendSV_Handler</a>
</UL>
</UL>
<P>
<H3>
Mutually Recursive functions
</H3> <LI><a href="#[cc]">remove_ready_list</a>&nbsp;&nbsp;&nbsp;&rArr;&nbsp;&nbsp;&nbsp;<a href="#[c]">raw_printf</a><BR>
 <LI><a href="#[c2]">mtx_chg_pri</a>&nbsp;&nbsp;&nbsp;&rArr;&nbsp;&nbsp;&nbsp;<a href="#[c1]">change_internal_task_priority</a><BR>
 <LI><a href="#[c0]">release_mutex</a>&nbsp;&nbsp;&nbsp;&rArr;&nbsp;&nbsp;&nbsp;<a href="#[c1]">change_internal_task_priority</a><BR>
 <LI><a href="#[b8]">raw_wake_object</a>&nbsp;&nbsp;&nbsp;&rArr;&nbsp;&nbsp;&nbsp;<a href="#[d0]">pend_task_wake_up</a><BR>
 <LI><a href="#[b4]">raw_pend_object</a>&nbsp;&nbsp;&nbsp;&rArr;&nbsp;&nbsp;&nbsp;<a href="#[c]">raw_printf</a><BR>
 <LI><a href="#[b6]">block_state_post_process</a>&nbsp;&nbsp;&nbsp;&rArr;&nbsp;&nbsp;&nbsp;<a href="#[c]">raw_printf</a><BR>
 <LI><a href="#[14]">MemManage_Handler</a>&nbsp;&nbsp;&nbsp;&rArr;&nbsp;&nbsp;&nbsp;<a href="#[14]">MemManage_Handler</a><BR>
 <LI><a href="#[15]">BusFault_Handler</a>&nbsp;&nbsp;&nbsp;&rArr;&nbsp;&nbsp;&nbsp;<a href="#[15]">BusFault_Handler</a><BR>
 <LI><a href="#[16]">UsageFault_Handler</a>&nbsp;&nbsp;&nbsp;&rArr;&nbsp;&nbsp;&nbsp;<a href="#[16]">UsageFault_Handler</a><BR>
 <LI><a href="#[17]">SVC_Handler</a>&nbsp;&nbsp;&nbsp;&rArr;&nbsp;&nbsp;&nbsp;<a href="#[17]">SVC_Handler</a><BR>
 <LI><a href="#[18]">DebugMon_Handler</a>&nbsp;&nbsp;&nbsp;&rArr;&nbsp;&nbsp;&nbsp;<a href="#[18]">DebugMon_Handler</a><BR>
 <LI><a href="#[2d]">ADC1_2_IRQHandler</a>&nbsp;&nbsp;&nbsp;&rArr;&nbsp;&nbsp;&nbsp;<a href="#[2d]">ADC1_2_IRQHandler</a><BR>
</UL>
<P>
<H3>
Function Pointers
</H3><UL>
 <LI><a href="#[2d]">ADC1_2_IRQHandler</a> from startup_stm32f10x_md.o(.text) referenced from startup_stm32f10x_md.o(RESET)
 <LI><a href="#[15]">BusFault_Handler</a> from startup_stm32f10x_md.o(.text) referenced from startup_stm32f10x_md.o(RESET)
 <LI><a href="#[30]">CAN1_RX1_IRQHandler</a> from startup_stm32f10x_md.o(.text) referenced from startup_stm32f10x_md.o(RESET)
 <LI><a href="#[31]">CAN1_SCE_IRQHandler</a> from startup_stm32f10x_md.o(.text) referenced from startup_stm32f10x_md.o(RESET)
 <LI><a href="#[26]">DMA1_Channel1_IRQHandler</a> from startup_stm32f10x_md.o(.text) referenced from startup_stm32f10x_md.o(RESET)
 <LI><a href="#[27]">DMA1_Channel2_IRQHandler</a> from startup_stm32f10x_md.o(.text) referenced from startup_stm32f10x_md.o(RESET)
 <LI><a href="#[28]">DMA1_Channel3_IRQHandler</a> from startup_stm32f10x_md.o(.text) referenced from startup_stm32f10x_md.o(RESET)
 <LI><a href="#[29]">DMA1_Channel4_IRQHandler</a> from startup_stm32f10x_md.o(.text) referenced from startup_stm32f10x_md.o(RESET)
 <LI><a href="#[2a]">DMA1_Channel5_IRQHandler</a> from startup_stm32f10x_md.o(.text) referenced from startup_stm32f10x_md.o(RESET)
 <LI><a href="#[2b]">DMA1_Channel6_IRQHandler</a> from startup_stm32f10x_md.o(.text) referenced from startup_stm32f10x_md.o(RESET)
 <LI><a href="#[2c]">DMA1_Channel7_IRQHandler</a> from startup_stm32f10x_md.o(.text) referenced from startup_stm32f10x_md.o(RESET)
 <LI><a href="#[18]">DebugMon_Handler</a> from startup_stm32f10x_md.o(.text) referenced from startup_stm32f10x_md.o(RESET)
 <LI><a href="#[21]">EXTI0_IRQHandler</a> from startup_stm32f10x_md.o(.text) referenced from startup_stm32f10x_md.o(RESET)
 <LI><a href="#[43]">EXTI15_10_IRQHandler</a> from startup_stm32f10x_md.o(.text) referenced from startup_stm32f10x_md.o(RESET)
 <LI><a href="#[22]">EXTI1_IRQHandler</a> from startup_stm32f10x_md.o(.text) referenced from startup_stm32f10x_md.o(RESET)
 <LI><a href="#[23]">EXTI2_IRQHandler</a> from startup_stm32f10x_md.o(.text) referenced from startup_stm32f10x_md.o(RESET)
 <LI><a href="#[24]">EXTI3_IRQHandler</a> from startup_stm32f10x_md.o(.text) referenced from startup_stm32f10x_md.o(RESET)
 <LI><a href="#[25]">EXTI4_IRQHandler</a> from startup_stm32f10x_md.o(.text) referenced from startup_stm32f10x_md.o(RESET)
 <LI><a href="#[32]">EXTI9_5_IRQHandler</a> from startup_stm32f10x_md.o(.text) referenced from startup_stm32f10x_md.o(RESET)
 <LI><a href="#[1f]">FLASH_IRQHandler</a> from startup_stm32f10x_md.o(.text) referenced from startup_stm32f10x_md.o(RESET)
 <LI><a href="#[13]">HardFault_Handler</a> from stm32f10x_it.o(.text) referenced from startup_stm32f10x_md.o(RESET)
 <LI><a href="#[3b]">I2C1_ER_IRQHandler</a> from startup_stm32f10x_md.o(.text) referenced from startup_stm32f10x_md.o(RESET)
 <LI><a href="#[3a]">I2C1_EV_IRQHandler</a> from startup_stm32f10x_md.o(.text) referenced from startup_stm32f10x_md.o(RESET)
 <LI><a href="#[3d]">I2C2_ER_IRQHandler</a> from startup_stm32f10x_md.o(.text) referenced from startup_stm32f10x_md.o(RESET)
 <LI><a href="#[3c]">I2C2_EV_IRQHandler</a> from startup_stm32f10x_md.o(.text) referenced from startup_stm32f10x_md.o(RESET)
 <LI><a href="#[14]">MemManage_Handler</a> from startup_stm32f10x_md.o(.text) referenced from startup_stm32f10x_md.o(RESET)
 <LI><a href="#[12]">NMI_Handler</a> from stm32f10x_it.o(.text) referenced from startup_stm32f10x_md.o(RESET)
 <LI><a href="#[1c]">PVD_IRQHandler</a> from startup_stm32f10x_md.o(.text) referenced from startup_stm32f10x_md.o(RESET)
 <LI><a href="#[19]">PendSV_Handler</a> from cpu.o(.text) referenced from startup_stm32f10x_md.o(RESET)
 <LI><a href="#[20]">RCC_IRQHandler</a> from startup_stm32f10x_md.o(.text) referenced from startup_stm32f10x_md.o(RESET)
 <LI><a href="#[44]">RTCAlarm_IRQHandler</a> from startup_stm32f10x_md.o(.text) referenced from startup_stm32f10x_md.o(RESET)
 <LI><a href="#[1e]">RTC_IRQHandler</a> from startup_stm32f10x_md.o(.text) referenced from startup_stm32f10x_md.o(RESET)
 <LI><a href="#[11]">Reset_Handler</a> from startup_stm32f10x_md.o(.text) referenced from startup_stm32f10x_md.o(RESET)
 <LI><a href="#[3e]">SPI1_IRQHandler</a> from startup_stm32f10x_md.o(.text) referenced from startup_stm32f10x_md.o(RESET)
 <LI><a href="#[3f]">SPI2_IRQHandler</a> from startup_stm32f10x_md.o(.text) referenced from startup_stm32f10x_md.o(RESET)
 <LI><a href="#[17]">SVC_Handler</a> from startup_stm32f10x_md.o(.text) referenced from startup_stm32f10x_md.o(RESET)
 <LI><a href="#[1a]">SysTick_Handler</a> from port.o(.text) referenced from startup_stm32f10x_md.o(RESET)
 <LI><a href="#[4b]">SystemInit</a> from system_stm32f10x.o(.text) referenced from startup_stm32f10x_md.o(.text)
 <LI><a href="#[1d]">TAMPER_IRQHandler</a> from startup_stm32f10x_md.o(.text) referenced from startup_stm32f10x_md.o(RESET)
 <LI><a href="#[33]">TIM1_BRK_IRQHandler</a> from startup_stm32f10x_md.o(.text) referenced from startup_stm32f10x_md.o(RESET)
 <LI><a href="#[36]">TIM1_CC_IRQHandler</a> from startup_stm32f10x_md.o(.text) referenced from startup_stm32f10x_md.o(RESET)
 <LI><a href="#[35]">TIM1_TRG_COM_IRQHandler</a> from startup_stm32f10x_md.o(.text) referenced from startup_stm32f10x_md.o(RESET)
 <LI><a href="#[34]">TIM1_UP_IRQHandler</a> from startup_stm32f10x_md.o(.text) referenced from startup_stm32f10x_md.o(RESET)
 <LI><a href="#[37]">TIM2_IRQHandler</a> from startup_stm32f10x_md.o(.text) referenced from startup_stm32f10x_md.o(RESET)
 <LI><a href="#[38]">TIM3_IRQHandler</a> from startup_stm32f10x_md.o(.text) referenced from startup_stm32f10x_md.o(RESET)
 <LI><a href="#[39]">TIM4_IRQHandler</a> from startup_stm32f10x_md.o(.text) referenced from startup_stm32f10x_md.o(RESET)
 <LI><a href="#[40]">USART1_IRQHandler</a> from debug_uart.o(.text) referenced from startup_stm32f10x_md.o(RESET)
 <LI><a href="#[41]">USART2_IRQHandler</a> from startup_stm32f10x_md.o(.text) referenced from startup_stm32f10x_md.o(RESET)
 <LI><a href="#[42]">USART3_IRQHandler</a> from startup_stm32f10x_md.o(.text) referenced from startup_stm32f10x_md.o(RESET)
 <LI><a href="#[45]">USBWakeUp_IRQHandler</a> from startup_stm32f10x_md.o(.text) referenced from startup_stm32f10x_md.o(RESET)
 <LI><a href="#[2e]">USB_HP_CAN1_TX_IRQHandler</a> from startup_stm32f10x_md.o(.text) referenced from startup_stm32f10x_md.o(RESET)
 <LI><a href="#[2f]">USB_LP_CAN1_RX0_IRQHandler</a> from startup_stm32f10x_md.o(.text) referenced from startup_stm32f10x_md.o(RESET)
 <LI><a href="#[16]">UsageFault_Handler</a> from startup_stm32f10x_md.o(.text) referenced from startup_stm32f10x_md.o(RESET)
 <LI><a href="#[1b]">WWDG_IRQHandler</a> from startup_stm32f10x_md.o(.text) referenced from startup_stm32f10x_md.o(RESET)
 <LI><a href="#[161]">__ll_entry_start</a> from cmds.o(.text) referenced from cmds.o(.text)
 <LI><a href="#[55]">__main</a> from __main.o(!!!main) referenced from startup_stm32f10x_md.o(.text)
 <LI><a href="#[b]">cli_getc</a> from cli_port.o(.text) referenced 2 times from cli_port.o(.data)
 <LI><a href="#[8]">cli_putc</a> from cli_port.o(.text) referenced 2 times from cli_port.o(.data)
 <LI><a href="#[a]">cli_putnstr</a> from cli_port.o(.text) referenced 2 times from cli_port.o(.data)
 <LI><a href="#[9]">cli_puts</a> from cli_port.o(.text) referenced 2 times from cli_port.o(.data)
 <LI><a href="#[48]">debug_fifo_read</a> from debug_uart.o(.text) referenced from debug_uart.o(.text)
 <LI><a href="#[49]">debug_shell_task</a> from debug_uart.o(.text) referenced from debug_uart.o(.text)
 <LI><a href="#[10]">do_date</a> from cmds.o(.text) referenced 2 times from cmds.o(.data)
 <LI><a href="#[d]">do_help</a> from cmds.o(.text) referenced 2 times from cmds.o(.data)
 <LI><a href="#[e]">do_reboot</a> from cmds.o(.text) referenced 2 times from cmds.o(.data)
 <LI><a href="#[f]">do_stack</a> from cmds.o(.text) referenced 2 times from cmds.o(.data)
 <LI><a href="#[4e]">int_msg_handler</a> from raw_task_0.o(.text) referenced from raw_task_0.o(.text)
 <LI><a href="#[4d]">raw_idle_task</a> from raw_idle.o(.text) referenced from raw_sched.o(.text)
 <LI><a href="#[c]">raw_printf</a> from simple_printf.o(.text) referenced 2 times from cli_port.o(.data)
 <LI><a href="#[53]">shell_init</a> from debug_uart.o(.text) referenced from sys_init.o(.constdata)
 <LI><a href="#[46]">sys_init_task</a> from sys_init.o(.text) referenced from sys_init.o(.text)
 <LI><a href="#[54]">sys_key_init</a> from key.o(.text) referenced from sys_init.o(.constdata)
 <LI><a href="#[4a]">sys_key_task</a> from key.o(.text) referenced from key.o(.text)
 <LI><a href="#[52]">sys_led_init</a> from sys_led.o(.text) referenced from sys_init.o(.constdata)
 <LI><a href="#[47]">sys_led_task</a> from sys_led.o(.text) referenced from sys_led.o(.text)
 <LI><a href="#[4f]">task_0_process</a> from raw_task_0.o(.text) referenced from raw_task_0.o(.text)
 <LI><a href="#[50]">task_0_tick_handler</a> from raw_task_0.o(.text) referenced from raw_task_0.o(.text)
 <LI><a href="#[51]">tick_task_process</a> from raw_tick.o(.text) referenced from raw_tick.o(.text)
 <LI><a href="#[12e]">timer_task</a> from raw_timer.o(.text) referenced from raw_timer.o(.text)
</UL>
<P>
<H3>
Global Symbols
</H3>
<P><STRONG><a name="[55]"></a>__main</STRONG> (Thumb, 8 bytes, Stack size 0 bytes, __main.o(!!!main))
<BR><BR>[Calls]<UL><LI><a href="#[57]">&gt;&gt;</a>&nbsp;&nbsp;&nbsp;__rt_entry
<LI><a href="#[56]">&gt;&gt;</a>&nbsp;&nbsp;&nbsp;__scatterload
</UL>

<P><STRONG><a name="[56]"></a>__scatterload</STRONG> (Thumb, 0 bytes, Stack size unknown bytes, __scatter.o(!!!scatter))
<BR><BR>[Called By]<UL><LI><a href="#[55]">&gt;&gt;</a>&nbsp;&nbsp;&nbsp;__main
</UL>

<P><STRONG><a name="[58]"></a>__scatterload_rt2</STRONG> (Thumb, 44 bytes, Stack size unknown bytes, __scatter.o(!!!scatter), UNUSED)
<BR><BR>[Calls]<UL><LI><a href="#[57]">&gt;&gt;</a>&nbsp;&nbsp;&nbsp;__rt_entry
</UL>

<P><STRONG><a name="[184]"></a>__scatterload_rt2_thumb_only</STRONG> (Thumb, 0 bytes, Stack size unknown bytes, __scatter.o(!!!scatter), UNUSED)

<P><STRONG><a name="[185]"></a>__scatterload_null</STRONG> (Thumb, 0 bytes, Stack size unknown bytes, __scatter.o(!!!scatter), UNUSED)

<P><STRONG><a name="[186]"></a>__decompress</STRONG> (Thumb, 90 bytes, Stack size unknown bytes, __dczerorl2.o(!!dczerorl2), UNUSED)

<P><STRONG><a name="[187]"></a>__decompress1</STRONG> (Thumb, 0 bytes, Stack size unknown bytes, __dczerorl2.o(!!dczerorl2), UNUSED)

<P><STRONG><a name="[188]"></a>__scatterload_zeroinit</STRONG> (Thumb, 28 bytes, Stack size unknown bytes, __scatter_zi.o(!!handler_zi), UNUSED)

<P><STRONG><a name="[5e]"></a>__rt_lib_init</STRONG> (Thumb, 0 bytes, Stack size unknown bytes, libinit.o(.ARM.Collect$$libinit$$00000000))
<BR><BR>[Called By]<UL><LI><a href="#[5d]">&gt;&gt;</a>&nbsp;&nbsp;&nbsp;__rt_entry_li
</UL>

<P><STRONG><a name="[189]"></a>__rt_lib_init_fp_1</STRONG> (Thumb, 0 bytes, Stack size unknown bytes, libinit2.o(.ARM.Collect$$libinit$$00000002))

<P><STRONG><a name="[59]"></a>__rt_lib_init_heap_2</STRONG> (Thumb, 0 bytes, Stack size unknown bytes, libinit2.o(.ARM.Collect$$libinit$$00000003))
<BR><BR>[Stack]<UL><LI>Max Depth = 64 + Unknown Stack Size
<LI>Call Chain = __rt_lib_init_heap_2 &rArr; _init_alloc &rArr; __rt_SIGRTMEM &rArr; __rt_SIGRTMEM_inner &rArr; __default_signal_display &rArr; _ttywrch
</UL>
<BR>[Calls]<UL><LI><a href="#[5a]">&gt;&gt;</a>&nbsp;&nbsp;&nbsp;_init_alloc
</UL>

<P><STRONG><a name="[18a]"></a>__rt_lib_init_alloca_1</STRONG> (Thumb, 0 bytes, Stack size unknown bytes, libinit2.o(.ARM.Collect$$libinit$$0000002C))

<P><STRONG><a name="[18b]"></a>__rt_lib_init_argv_1</STRONG> (Thumb, 0 bytes, Stack size unknown bytes, libinit2.o(.ARM.Collect$$libinit$$0000002A))

<P><STRONG><a name="[18c]"></a>__rt_lib_init_atexit_1</STRONG> (Thumb, 0 bytes, Stack size unknown bytes, libinit2.o(.ARM.Collect$$libinit$$00000019))

<P><STRONG><a name="[18d]"></a>__rt_lib_init_clock_1</STRONG> (Thumb, 0 bytes, Stack size unknown bytes, libinit2.o(.ARM.Collect$$libinit$$0000001F))

<P><STRONG><a name="[18e]"></a>__rt_lib_init_cpp_1</STRONG> (Thumb, 0 bytes, Stack size unknown bytes, libinit2.o(.ARM.Collect$$libinit$$00000030))

<P><STRONG><a name="[18f]"></a>__rt_lib_init_exceptions_1</STRONG> (Thumb, 0 bytes, Stack size unknown bytes, libinit2.o(.ARM.Collect$$libinit$$0000002E))

<P><STRONG><a name="[190]"></a>__rt_lib_init_fp_trap_1</STRONG> (Thumb, 0 bytes, Stack size unknown bytes, libinit2.o(.ARM.Collect$$libinit$$0000001D))

<P><STRONG><a name="[191]"></a>__rt_lib_init_getenv_1</STRONG> (Thumb, 0 bytes, Stack size unknown bytes, libinit2.o(.ARM.Collect$$libinit$$00000021))

<P><STRONG><a name="[192]"></a>__rt_lib_init_heap_1</STRONG> (Thumb, 0 bytes, Stack size unknown bytes, libinit2.o(.ARM.Collect$$libinit$$00000008))

<P><STRONG><a name="[193]"></a>__rt_lib_init_lc_collate_1</STRONG> (Thumb, 0 bytes, Stack size unknown bytes, libinit2.o(.ARM.Collect$$libinit$$0000000F))

<P><STRONG><a name="[194]"></a>__rt_lib_init_lc_ctype_1</STRONG> (Thumb, 0 bytes, Stack size unknown bytes, libinit2.o(.ARM.Collect$$libinit$$00000011))

<P><STRONG><a name="[195]"></a>__rt_lib_init_lc_monetary_1</STRONG> (Thumb, 0 bytes, Stack size unknown bytes, libinit2.o(.ARM.Collect$$libinit$$00000013))

<P><STRONG><a name="[196]"></a>__rt_lib_init_lc_numeric_1</STRONG> (Thumb, 0 bytes, Stack size unknown bytes, libinit2.o(.ARM.Collect$$libinit$$00000015))

<P><STRONG><a name="[197]"></a>__rt_lib_init_lc_time_1</STRONG> (Thumb, 0 bytes, Stack size unknown bytes, libinit2.o(.ARM.Collect$$libinit$$00000017))

<P><STRONG><a name="[198]"></a>__rt_lib_init_rand_1</STRONG> (Thumb, 0 bytes, Stack size unknown bytes, libinit2.o(.ARM.Collect$$libinit$$0000000C))

<P><STRONG><a name="[199]"></a>__rt_lib_init_return</STRONG> (Thumb, 0 bytes, Stack size unknown bytes, libinit2.o(.ARM.Collect$$libinit$$00000031))

<P><STRONG><a name="[19a]"></a>__rt_lib_init_signal_1</STRONG> (Thumb, 0 bytes, Stack size unknown bytes, libinit2.o(.ARM.Collect$$libinit$$0000001B))

<P><STRONG><a name="[19b]"></a>__rt_lib_init_stdio_1</STRONG> (Thumb, 0 bytes, Stack size unknown bytes, libinit2.o(.ARM.Collect$$libinit$$00000023))

<P><STRONG><a name="[19c]"></a>__rt_lib_init_user_alloc_1</STRONG> (Thumb, 0 bytes, Stack size unknown bytes, libinit2.o(.ARM.Collect$$libinit$$0000000A))

<P><STRONG><a name="[63]"></a>__rt_lib_shutdown</STRONG> (Thumb, 0 bytes, Stack size unknown bytes, libshutdown.o(.ARM.Collect$$libshutdown$$00000000))
<BR><BR>[Called By]<UL><LI><a href="#[62]">&gt;&gt;</a>&nbsp;&nbsp;&nbsp;__rt_exit_ls
</UL>

<P><STRONG><a name="[19d]"></a>__rt_lib_shutdown_fp_trap_1</STRONG> (Thumb, 0 bytes, Stack size unknown bytes, libshutdown2.o(.ARM.Collect$$libshutdown$$00000006))

<P><STRONG><a name="[19e]"></a>__rt_lib_shutdown_heap_1</STRONG> (Thumb, 0 bytes, Stack size unknown bytes, libshutdown2.o(.ARM.Collect$$libshutdown$$0000000E))

<P><STRONG><a name="[19f]"></a>__rt_lib_shutdown_return</STRONG> (Thumb, 0 bytes, Stack size unknown bytes, libshutdown2.o(.ARM.Collect$$libshutdown$$0000000F))

<P><STRONG><a name="[1a0]"></a>__rt_lib_shutdown_signal_1</STRONG> (Thumb, 0 bytes, Stack size unknown bytes, libshutdown2.o(.ARM.Collect$$libshutdown$$00000009))

<P><STRONG><a name="[1a1]"></a>__rt_lib_shutdown_stdio_1</STRONG> (Thumb, 0 bytes, Stack size unknown bytes, libshutdown2.o(.ARM.Collect$$libshutdown$$00000003))

<P><STRONG><a name="[1a2]"></a>__rt_lib_shutdown_user_alloc_1</STRONG> (Thumb, 0 bytes, Stack size unknown bytes, libshutdown2.o(.ARM.Collect$$libshutdown$$0000000B))

<P><STRONG><a name="[57]"></a>__rt_entry</STRONG> (Thumb, 0 bytes, Stack size unknown bytes, rtentry.o(.ARM.Collect$$rtentry$$00000000))
<BR><BR>[Called By]<UL><LI><a href="#[55]">&gt;&gt;</a>&nbsp;&nbsp;&nbsp;__main
<LI><a href="#[58]">&gt;&gt;</a>&nbsp;&nbsp;&nbsp;__scatterload_rt2
</UL>

<P><STRONG><a name="[1a3]"></a>__rt_entry_presh_1</STRONG> (Thumb, 0 bytes, Stack size unknown bytes, rtentry2.o(.ARM.Collect$$rtentry$$00000002))

<P><STRONG><a name="[5b]"></a>__rt_entry_sh</STRONG> (Thumb, 0 bytes, Stack size unknown bytes, rtentry4.o(.ARM.Collect$$rtentry$$00000004))
<BR><BR>[Stack]<UL><LI>Max Depth = 8 + Unknown Stack Size
<LI>Call Chain = __rt_entry_sh &rArr; __user_setup_stackheap
</UL>
<BR>[Calls]<UL><LI><a href="#[5c]">&gt;&gt;</a>&nbsp;&nbsp;&nbsp;__user_setup_stackheap
</UL>

<P><STRONG><a name="[5d]"></a>__rt_entry_li</STRONG> (Thumb, 0 bytes, Stack size unknown bytes, rtentry2.o(.ARM.Collect$$rtentry$$0000000A))
<BR><BR>[Calls]<UL><LI><a href="#[5e]">&gt;&gt;</a>&nbsp;&nbsp;&nbsp;__rt_lib_init
</UL>

<P><STRONG><a name="[1a4]"></a>__rt_entry_postsh_1</STRONG> (Thumb, 0 bytes, Stack size unknown bytes, rtentry2.o(.ARM.Collect$$rtentry$$00000009))

<P><STRONG><a name="[5f]"></a>__rt_entry_main</STRONG> (Thumb, 0 bytes, Stack size unknown bytes, rtentry2.o(.ARM.Collect$$rtentry$$0000000D))
<BR><BR>[Stack]<UL><LI>Max Depth = 144 + Unknown Stack Size
<LI>Call Chain = __rt_entry_main &rArr; main &rArr; raw_os_init &rArr; tick_task_start &rArr; raw_task_create &rArr; hybrid_int_process
</UL>
<BR>[Calls]<UL><LI><a href="#[60]">&gt;&gt;</a>&nbsp;&nbsp;&nbsp;main
<LI><a href="#[61]">&gt;&gt;</a>&nbsp;&nbsp;&nbsp;exit
</UL>

<P><STRONG><a name="[1a5]"></a>__rt_entry_postli_1</STRONG> (Thumb, 0 bytes, Stack size unknown bytes, rtentry2.o(.ARM.Collect$$rtentry$$0000000C))

<P><STRONG><a name="[181]"></a>__rt_exit</STRONG> (Thumb, 0 bytes, Stack size unknown bytes, rtexit.o(.ARM.Collect$$rtexit$$00000000))
<BR><BR>[Called By]<UL><LI><a href="#[61]">&gt;&gt;</a>&nbsp;&nbsp;&nbsp;exit
</UL>

<P><STRONG><a name="[62]"></a>__rt_exit_ls</STRONG> (Thumb, 0 bytes, Stack size unknown bytes, rtexit2.o(.ARM.Collect$$rtexit$$00000003))
<BR><BR>[Calls]<UL><LI><a href="#[63]">&gt;&gt;</a>&nbsp;&nbsp;&nbsp;__rt_lib_shutdown
</UL>

<P><STRONG><a name="[1a6]"></a>__rt_exit_prels_1</STRONG> (Thumb, 0 bytes, Stack size unknown bytes, rtexit2.o(.ARM.Collect$$rtexit$$00000002))

<P><STRONG><a name="[64]"></a>__rt_exit_exit</STRONG> (Thumb, 0 bytes, Stack size unknown bytes, rtexit2.o(.ARM.Collect$$rtexit$$00000004))
<BR><BR>[Calls]<UL><LI><a href="#[65]">&gt;&gt;</a>&nbsp;&nbsp;&nbsp;_sys_exit
</UL>

<P><STRONG><a name="[1a7]"></a>_maybe_terminate_alloc</STRONG> (Thumb, 0 bytes, Stack size 8 bytes, maybetermalloc1.o(.emb_text), UNUSED)

<P><STRONG><a name="[60]"></a>main</STRONG> (Thumb, 80 bytes, Stack size 8 bytes, main.o(.text))
<BR><BR>[Stack]<UL><LI>Max Depth = 144 + Unknown Stack Size
<LI>Call Chain = main &rArr; raw_os_init &rArr; tick_task_start &rArr; raw_task_create &rArr; hybrid_int_process
</UL>
<BR>[Calls]<UL><LI><a href="#[6b]">&gt;&gt;</a>&nbsp;&nbsp;&nbsp;raw_os_start
<LI><a href="#[69]">&gt;&gt;</a>&nbsp;&nbsp;&nbsp;raw_os_init
<LI><a href="#[6a]">&gt;&gt;</a>&nbsp;&nbsp;&nbsp;create_init_task
<LI><a href="#[66]">&gt;&gt;</a>&nbsp;&nbsp;&nbsp;RCC_APB2PeriphClockCmd
<LI><a href="#[67]">&gt;&gt;</a>&nbsp;&nbsp;&nbsp;RCC_APB1PeriphClockCmd
<LI><a href="#[68]">&gt;&gt;</a>&nbsp;&nbsp;&nbsp;RCC_AHBPeriphClockCmd
</UL>
<BR>[Called By]<UL><LI><a href="#[5f]">&gt;&gt;</a>&nbsp;&nbsp;&nbsp;__rt_entry_main
</UL>

<P><STRONG><a name="[6a]"></a>create_init_task</STRONG> (Thumb, 40 bytes, Stack size 24 bytes, sys_init.o(.text))
<BR><BR>[Stack]<UL><LI>Max Depth = 112 + Unknown Stack Size
<LI>Call Chain = create_init_task &rArr; raw_task_create &rArr; hybrid_int_process
</UL>
<BR>[Calls]<UL><LI><a href="#[72]">&gt;&gt;</a>&nbsp;&nbsp;&nbsp;raw_task_create
</UL>
<BR>[Called By]<UL><LI><a href="#[60]">&gt;&gt;</a>&nbsp;&nbsp;&nbsp;main
</UL>

<P><STRONG><a name="[52]"></a>sys_led_init</STRONG> (Thumb, 42 bytes, Stack size 32 bytes, sys_led.o(.text))
<BR><BR>[Stack]<UL><LI>Max Depth = 120 + Unknown Stack Size
<LI>Call Chain = sys_led_init &rArr; raw_task_create &rArr; hybrid_int_process
</UL>
<BR>[Calls]<UL><LI><a href="#[72]">&gt;&gt;</a>&nbsp;&nbsp;&nbsp;raw_task_create
</UL>
<BR>[Address Reference Count : 1]<UL><LI> sys_init.o(.constdata)
</UL>
<P><STRONG><a name="[40]"></a>USART1_IRQHandler</STRONG> (Thumb, 96 bytes, Stack size 8 bytes, debug_uart.o(.text))
<BR><BR>[Stack]<UL><LI>Max Depth = 336 + Unknown Stack Size
<LI>Call Chain = USART1_IRQHandler &rArr; serial_fifo_int_recv &rArr; serial_append &rArr; raw_queue_size_end_post &rArr; msg_size_post &rArr; wake_send_msg_size &rArr; pend_task_wake_up &rArr; raw_printf &rArr; print &rArr; printi &rArr; prints
</UL>
<BR>[Calls]<UL><LI><a href="#[80]">&gt;&gt;</a>&nbsp;&nbsp;&nbsp;serial_fifo_int_recv
<LI><a href="#[81]">&gt;&gt;</a>&nbsp;&nbsp;&nbsp;raw_finish_int
<LI><a href="#[7e]">&gt;&gt;</a>&nbsp;&nbsp;&nbsp;raw_enter_interrupt
<LI><a href="#[7f]">&gt;&gt;</a>&nbsp;&nbsp;&nbsp;USART_GetITStatus
</UL>
<BR>[Address Reference Count : 1]<UL><LI> startup_stm32f10x_md.o(RESET)
</UL>
<P><STRONG><a name="[85]"></a>debug_cahce_empty</STRONG> (Thumb, 78 bytes, Stack size 24 bytes, debug_uart.o(.text))
<BR><BR>[Stack]<UL><LI>Max Depth = 216 + Unknown Stack Size
<LI>Call Chain = debug_cahce_empty &rArr; raw_printf &rArr; print &rArr; printi &rArr; prints
</UL>
<BR>[Calls]<UL><LI><a href="#[86]">&gt;&gt;</a>&nbsp;&nbsp;&nbsp;raw_queue_size_get_information
<LI><a href="#[c]">&gt;&gt;</a>&nbsp;&nbsp;&nbsp;raw_printf
</UL>
<BR>[Called By]<UL><LI><a href="#[14b]">&gt;&gt;</a>&nbsp;&nbsp;&nbsp;tstc
</UL>

<P><STRONG><a name="[87]"></a>debug_putc</STRONG> (Thumb, 12 bytes, Stack size 8 bytes, debug_uart.o(.text), UNUSED)
<BR><BR>[Calls]<UL><LI><a href="#[88]">&gt;&gt;</a>&nbsp;&nbsp;&nbsp;debug_putchar
</UL>

<P><STRONG><a name="[89]"></a>debug_write</STRONG> (Thumb, 104 bytes, Stack size 32 bytes, debug_uart.o(.text))
<BR><BR>[Stack]<UL><LI>Max Depth = 224 + Unknown Stack Size
<LI>Call Chain = debug_write &rArr; raw_printf &rArr; print &rArr; printi &rArr; prints
</UL>
<BR>[Calls]<UL><LI><a href="#[8b]">&gt;&gt;</a>&nbsp;&nbsp;&nbsp;raw_mutex_put
<LI><a href="#[8a]">&gt;&gt;</a>&nbsp;&nbsp;&nbsp;raw_mutex_get
<LI><a href="#[88]">&gt;&gt;</a>&nbsp;&nbsp;&nbsp;debug_putchar
<LI><a href="#[c]">&gt;&gt;</a>&nbsp;&nbsp;&nbsp;raw_printf
</UL>
<BR>[Called By]<UL><LI><a href="#[a]">&gt;&gt;</a>&nbsp;&nbsp;&nbsp;cli_putnstr
<LI><a href="#[9]">&gt;&gt;</a>&nbsp;&nbsp;&nbsp;cli_puts
</UL>

<P><STRONG><a name="[8c]"></a>debug_read</STRONG> (Thumb, 18 bytes, Stack size 16 bytes, debug_uart.o(.text))
<BR><BR>[Stack]<UL><LI>Max Depth = 204 + Unknown Stack Size
<LI>Call Chain = debug_read &rArr; serial_read &rArr; serial_read_noblock &rArr; serial_fifo_cache_refresh &rArr; raw_queue_size_receive &rArr; raw_pend_object &rArr;  raw_printf (Cycle)
</UL>
<BR>[Calls]<UL><LI><a href="#[8d]">&gt;&gt;</a>&nbsp;&nbsp;&nbsp;serial_read
</UL>
<BR>[Called By]<UL><LI><a href="#[b]">&gt;&gt;</a>&nbsp;&nbsp;&nbsp;cli_getc
</UL>

<P><STRONG><a name="[8e]"></a>debug_read_at_least_one</STRONG> (Thumb, 22 bytes, Stack size 16 bytes, debug_uart.o(.text), UNUSED)
<BR><BR>[Calls]<UL><LI><a href="#[8f]">&gt;&gt;</a>&nbsp;&nbsp;&nbsp;serial_read_at_least_one
</UL>

<P><STRONG><a name="[90]"></a>debug_read_noblock</STRONG> (Thumb, 22 bytes, Stack size 16 bytes, debug_uart.o(.text), UNUSED)
<BR><BR>[Calls]<UL><LI><a href="#[91]">&gt;&gt;</a>&nbsp;&nbsp;&nbsp;serial_read_noblock
</UL>

<P><STRONG><a name="[6e]"></a>get_shell_task_obj</STRONG> (Thumb, 4 bytes, Stack size 0 bytes, debug_uart.o(.text))
<BR><BR>[Called By]<UL><LI><a href="#[46]">&gt;&gt;</a>&nbsp;&nbsp;&nbsp;sys_init_task
</UL>

<P><STRONG><a name="[6d]"></a>debug_serial_init</STRONG> (Thumb, 12 bytes, Stack size 8 bytes, debug_uart.o(.text))
<BR><BR>[Stack]<UL><LI>Max Depth = 264 + Unknown Stack Size
<LI>Call Chain = debug_serial_init &rArr; debug_fifo_init &rArr; serial_fifo_init &rArr; raw_printf &rArr; print &rArr; printi &rArr; prints
</UL>
<BR>[Calls]<UL><LI><a href="#[82]">&gt;&gt;</a>&nbsp;&nbsp;&nbsp;debug_fifo_init
<LI><a href="#[78]">&gt;&gt;</a>&nbsp;&nbsp;&nbsp;debug_uart_init
</UL>
<BR>[Called By]<UL><LI><a href="#[46]">&gt;&gt;</a>&nbsp;&nbsp;&nbsp;sys_init_task
</UL>

<P><STRONG><a name="[53]"></a>shell_init</STRONG> (Thumb, 42 bytes, Stack size 32 bytes, debug_uart.o(.text))
<BR><BR>[Stack]<UL><LI>Max Depth = 120 + Unknown Stack Size
<LI>Call Chain = shell_init &rArr; raw_task_create &rArr; hybrid_int_process
</UL>
<BR>[Calls]<UL><LI><a href="#[72]">&gt;&gt;</a>&nbsp;&nbsp;&nbsp;raw_task_create
</UL>
<BR>[Address Reference Count : 1]<UL><LI> sys_init.o(.constdata)
</UL>
<P><STRONG><a name="[94]"></a>KeyBoard_Init</STRONG> (Thumb, 20 bytes, Stack size 8 bytes, key.o(.text))
<BR><BR>[Stack]<UL><LI>Max Depth = 48<LI>Call Chain = KeyBoard_Init &rArr; Pub_Gpio_Output_OUTPP &rArr; GPIO_Init
</UL>
<BR>[Calls]<UL><LI><a href="#[95]">&gt;&gt;</a>&nbsp;&nbsp;&nbsp;Pub_Gpio_Output_OUTPP
<LI><a href="#[96]">&gt;&gt;</a>&nbsp;&nbsp;&nbsp;Pub_Gpio_Input_IPU
</UL>
<BR>[Called By]<UL><LI><a href="#[4a]">&gt;&gt;</a>&nbsp;&nbsp;&nbsp;sys_key_task
</UL>

<P><STRONG><a name="[98]"></a>Load_KeyPort</STRONG> (Thumb, 54 bytes, Stack size 0 bytes, key.o(.text))
<BR><BR>[Called By]<UL><LI><a href="#[97]">&gt;&gt;</a>&nbsp;&nbsp;&nbsp;Read_KeyValue
</UL>

<P><STRONG><a name="[99]"></a>Read_KeyPort</STRONG> (Thumb, 68 bytes, Stack size 0 bytes, key.o(.text))
<BR><BR>[Called By]<UL><LI><a href="#[97]">&gt;&gt;</a>&nbsp;&nbsp;&nbsp;Read_KeyValue
</UL>

<P><STRONG><a name="[97]"></a>Read_KeyValue</STRONG> (Thumb, 116 bytes, Stack size 16 bytes, key.o(.text))
<BR><BR>[Stack]<UL><LI>Max Depth = 16<LI>Call Chain = Read_KeyValue
</UL>
<BR>[Calls]<UL><LI><a href="#[99]">&gt;&gt;</a>&nbsp;&nbsp;&nbsp;Read_KeyPort
<LI><a href="#[98]">&gt;&gt;</a>&nbsp;&nbsp;&nbsp;Load_KeyPort
</UL>
<BR>[Called By]<UL><LI><a href="#[4a]">&gt;&gt;</a>&nbsp;&nbsp;&nbsp;sys_key_task
</UL>

<P><STRONG><a name="[54]"></a>sys_key_init</STRONG> (Thumb, 42 bytes, Stack size 32 bytes, key.o(.text))
<BR><BR>[Stack]<UL><LI>Max Depth = 120 + Unknown Stack Size
<LI>Call Chain = sys_key_init &rArr; raw_task_create &rArr; hybrid_int_process
</UL>
<BR>[Calls]<UL><LI><a href="#[72]">&gt;&gt;</a>&nbsp;&nbsp;&nbsp;raw_task_create
</UL>
<BR>[Address Reference Count : 1]<UL><LI> sys_init.o(.constdata)
</UL>
<P><STRONG><a name="[9a]"></a>Pub_Nvic_Config</STRONG> (Thumb, 34 bytes, Stack size 24 bytes, pub.o(.text), UNUSED)
<BR><BR>[Calls]<UL><LI><a href="#[7b]">&gt;&gt;</a>&nbsp;&nbsp;&nbsp;NVIC_Init
</UL>

<P><STRONG><a name="[95]"></a>Pub_Gpio_Output_OUTPP</STRONG> (Thumb, 32 bytes, Stack size 16 bytes, pub.o(.text))
<BR><BR>[Stack]<UL><LI>Max Depth = 40<LI>Call Chain = Pub_Gpio_Output_OUTPP &rArr; GPIO_Init
</UL>
<BR>[Calls]<UL><LI><a href="#[74]">&gt;&gt;</a>&nbsp;&nbsp;&nbsp;GPIO_Init
</UL>
<BR>[Called By]<UL><LI><a href="#[94]">&gt;&gt;</a>&nbsp;&nbsp;&nbsp;KeyBoard_Init
</UL>

<P><STRONG><a name="[9b]"></a>Pub_Gpio_Output_AFPP</STRONG> (Thumb, 32 bytes, Stack size 16 bytes, pub.o(.text), UNUSED)
<BR><BR>[Calls]<UL><LI><a href="#[74]">&gt;&gt;</a>&nbsp;&nbsp;&nbsp;GPIO_Init
</UL>

<P><STRONG><a name="[9c]"></a>Pub_Gpio_Output_OD</STRONG> (Thumb, 32 bytes, Stack size 16 bytes, pub.o(.text), UNUSED)
<BR><BR>[Calls]<UL><LI><a href="#[74]">&gt;&gt;</a>&nbsp;&nbsp;&nbsp;GPIO_Init
</UL>

<P><STRONG><a name="[9d]"></a>Pub_Gpio_Input_AIN</STRONG> (Thumb, 26 bytes, Stack size 16 bytes, pub.o(.text), UNUSED)
<BR><BR>[Calls]<UL><LI><a href="#[74]">&gt;&gt;</a>&nbsp;&nbsp;&nbsp;GPIO_Init
</UL>

<P><STRONG><a name="[9e]"></a>Pub_Gpio_Input_IPD</STRONG> (Thumb, 26 bytes, Stack size 16 bytes, pub.o(.text), UNUSED)
<BR><BR>[Calls]<UL><LI><a href="#[74]">&gt;&gt;</a>&nbsp;&nbsp;&nbsp;GPIO_Init
</UL>

<P><STRONG><a name="[9f]"></a>Pub_Gpio_Input_INFLOATING</STRONG> (Thumb, 26 bytes, Stack size 16 bytes, pub.o(.text), UNUSED)
<BR><BR>[Calls]<UL><LI><a href="#[74]">&gt;&gt;</a>&nbsp;&nbsp;&nbsp;GPIO_Init
</UL>

<P><STRONG><a name="[96]"></a>Pub_Gpio_Input_IPU</STRONG> (Thumb, 26 bytes, Stack size 16 bytes, pub.o(.text))
<BR><BR>[Stack]<UL><LI>Max Depth = 40<LI>Call Chain = Pub_Gpio_Input_IPU &rArr; GPIO_Init
</UL>
<BR>[Calls]<UL><LI><a href="#[74]">&gt;&gt;</a>&nbsp;&nbsp;&nbsp;GPIO_Init
</UL>
<BR>[Called By]<UL><LI><a href="#[94]">&gt;&gt;</a>&nbsp;&nbsp;&nbsp;KeyBoard_Init
</UL>

<P><STRONG><a name="[a0]"></a>Pub_Uart_Hardware_Cfg</STRONG> (Thumb, 78 bytes, Stack size 40 bytes, pub.o(.text), UNUSED)
<BR><BR>[Calls]<UL><LI><a href="#[a1]">&gt;&gt;</a>&nbsp;&nbsp;&nbsp;USART_ClockInit
<LI><a href="#[7a]">&gt;&gt;</a>&nbsp;&nbsp;&nbsp;USART_Init
</UL>

<P><STRONG><a name="[a2]"></a>Pub_Uart_Int_Cfg</STRONG> (Thumb, 22 bytes, Stack size 8 bytes, pub.o(.text), UNUSED)
<BR><BR>[Calls]<UL><LI><a href="#[a3]">&gt;&gt;</a>&nbsp;&nbsp;&nbsp;USART_ClearFlag
<LI><a href="#[7d]">&gt;&gt;</a>&nbsp;&nbsp;&nbsp;USART_Cmd
</UL>

<P><STRONG><a name="[11]"></a>Reset_Handler</STRONG> (Thumb, 8 bytes, Stack size 0 bytes, startup_stm32f10x_md.o(.text))
<BR>[Address Reference Count : 1]<UL><LI> startup_stm32f10x_md.o(RESET)
</UL>
<P><STRONG><a name="[14]"></a>MemManage_Handler</STRONG> (Thumb, 2 bytes, Stack size 0 bytes, startup_stm32f10x_md.o(.text))
<BR><BR>[Calls]<UL><LI><a href="#[14]">&gt;&gt;</a>&nbsp;&nbsp;&nbsp;MemManage_Handler
</UL>
<BR>[Called By]<UL><LI><a href="#[14]">&gt;&gt;</a>&nbsp;&nbsp;&nbsp;MemManage_Handler
</UL>
<BR>[Address Reference Count : 1]<UL><LI> startup_stm32f10x_md.o(RESET)
</UL>
<P><STRONG><a name="[15]"></a>BusFault_Handler</STRONG> (Thumb, 2 bytes, Stack size 0 bytes, startup_stm32f10x_md.o(.text))
<BR><BR>[Calls]<UL><LI><a href="#[15]">&gt;&gt;</a>&nbsp;&nbsp;&nbsp;BusFault_Handler
</UL>
<BR>[Called By]<UL><LI><a href="#[15]">&gt;&gt;</a>&nbsp;&nbsp;&nbsp;BusFault_Handler
</UL>
<BR>[Address Reference Count : 1]<UL><LI> startup_stm32f10x_md.o(RESET)
</UL>
<P><STRONG><a name="[16]"></a>UsageFault_Handler</STRONG> (Thumb, 2 bytes, Stack size 0 bytes, startup_stm32f10x_md.o(.text))
<BR><BR>[Calls]<UL><LI><a href="#[16]">&gt;&gt;</a>&nbsp;&nbsp;&nbsp;UsageFault_Handler
</UL>
<BR>[Called By]<UL><LI><a href="#[16]">&gt;&gt;</a>&nbsp;&nbsp;&nbsp;UsageFault_Handler
</UL>
<BR>[Address Reference Count : 1]<UL><LI> startup_stm32f10x_md.o(RESET)
</UL>
<P><STRONG><a name="[17]"></a>SVC_Handler</STRONG> (Thumb, 2 bytes, Stack size 0 bytes, startup_stm32f10x_md.o(.text))
<BR><BR>[Calls]<UL><LI><a href="#[17]">&gt;&gt;</a>&nbsp;&nbsp;&nbsp;SVC_Handler
</UL>
<BR>[Called By]<UL><LI><a href="#[17]">&gt;&gt;</a>&nbsp;&nbsp;&nbsp;SVC_Handler
</UL>
<BR>[Address Reference Count : 1]<UL><LI> startup_stm32f10x_md.o(RESET)
</UL>
<P><STRONG><a name="[18]"></a>DebugMon_Handler</STRONG> (Thumb, 2 bytes, Stack size 0 bytes, startup_stm32f10x_md.o(.text))
<BR><BR>[Calls]<UL><LI><a href="#[18]">&gt;&gt;</a>&nbsp;&nbsp;&nbsp;DebugMon_Handler
</UL>
<BR>[Called By]<UL><LI><a href="#[18]">&gt;&gt;</a>&nbsp;&nbsp;&nbsp;DebugMon_Handler
</UL>
<BR>[Address Reference Count : 1]<UL><LI> startup_stm32f10x_md.o(RESET)
</UL>
<P><STRONG><a name="[2d]"></a>ADC1_2_IRQHandler</STRONG> (Thumb, 0 bytes, Stack size 0 bytes, startup_stm32f10x_md.o(.text))
<BR><BR>[Calls]<UL><LI><a href="#[2d]">&gt;&gt;</a>&nbsp;&nbsp;&nbsp;ADC1_2_IRQHandler
</UL>
<BR>[Called By]<UL><LI><a href="#[2d]">&gt;&gt;</a>&nbsp;&nbsp;&nbsp;ADC1_2_IRQHandler
</UL>
<BR>[Address Reference Count : 1]<UL><LI> startup_stm32f10x_md.o(RESET)
</UL>
<P><STRONG><a name="[30]"></a>CAN1_RX1_IRQHandler</STRONG> (Thumb, 0 bytes, Stack size 0 bytes, startup_stm32f10x_md.o(.text))
<BR>[Address Reference Count : 1]<UL><LI> startup_stm32f10x_md.o(RESET)
</UL>
<P><STRONG><a name="[31]"></a>CAN1_SCE_IRQHandler</STRONG> (Thumb, 0 bytes, Stack size 0 bytes, startup_stm32f10x_md.o(.text))
<BR>[Address Reference Count : 1]<UL><LI> startup_stm32f10x_md.o(RESET)
</UL>
<P><STRONG><a name="[26]"></a>DMA1_Channel1_IRQHandler</STRONG> (Thumb, 0 bytes, Stack size 0 bytes, startup_stm32f10x_md.o(.text))
<BR>[Address Reference Count : 1]<UL><LI> startup_stm32f10x_md.o(RESET)
</UL>
<P><STRONG><a name="[27]"></a>DMA1_Channel2_IRQHandler</STRONG> (Thumb, 0 bytes, Stack size 0 bytes, startup_stm32f10x_md.o(.text))
<BR>[Address Reference Count : 1]<UL><LI> startup_stm32f10x_md.o(RESET)
</UL>
<P><STRONG><a name="[28]"></a>DMA1_Channel3_IRQHandler</STRONG> (Thumb, 0 bytes, Stack size 0 bytes, startup_stm32f10x_md.o(.text))
<BR>[Address Reference Count : 1]<UL><LI> startup_stm32f10x_md.o(RESET)
</UL>
<P><STRONG><a name="[29]"></a>DMA1_Channel4_IRQHandler</STRONG> (Thumb, 0 bytes, Stack size 0 bytes, startup_stm32f10x_md.o(.text))
<BR>[Address Reference Count : 1]<UL><LI> startup_stm32f10x_md.o(RESET)
</UL>
<P><STRONG><a name="[2a]"></a>DMA1_Channel5_IRQHandler</STRONG> (Thumb, 0 bytes, Stack size 0 bytes, startup_stm32f10x_md.o(.text))
<BR>[Address Reference Count : 1]<UL><LI> startup_stm32f10x_md.o(RESET)
</UL>
<P><STRONG><a name="[2b]"></a>DMA1_Channel6_IRQHandler</STRONG> (Thumb, 0 bytes, Stack size 0 bytes, startup_stm32f10x_md.o(.text))
<BR>[Address Reference Count : 1]<UL><LI> startup_stm32f10x_md.o(RESET)
</UL>
<P><STRONG><a name="[2c]"></a>DMA1_Channel7_IRQHandler</STRONG> (Thumb, 0 bytes, Stack size 0 bytes, startup_stm32f10x_md.o(.text))
<BR>[Address Reference Count : 1]<UL><LI> startup_stm32f10x_md.o(RESET)
</UL>
<P><STRONG><a name="[21]"></a>EXTI0_IRQHandler</STRONG> (Thumb, 0 bytes, Stack size 0 bytes, startup_stm32f10x_md.o(.text))
<BR>[Address Reference Count : 1]<UL><LI> startup_stm32f10x_md.o(RESET)
</UL>
<P><STRONG><a name="[43]"></a>EXTI15_10_IRQHandler</STRONG> (Thumb, 0 bytes, Stack size 0 bytes, startup_stm32f10x_md.o(.text))
<BR>[Address Reference Count : 1]<UL><LI> startup_stm32f10x_md.o(RESET)
</UL>
<P><STRONG><a name="[22]"></a>EXTI1_IRQHandler</STRONG> (Thumb, 0 bytes, Stack size 0 bytes, startup_stm32f10x_md.o(.text))
<BR>[Address Reference Count : 1]<UL><LI> startup_stm32f10x_md.o(RESET)
</UL>
<P><STRONG><a name="[23]"></a>EXTI2_IRQHandler</STRONG> (Thumb, 0 bytes, Stack size 0 bytes, startup_stm32f10x_md.o(.text))
<BR>[Address Reference Count : 1]<UL><LI> startup_stm32f10x_md.o(RESET)
</UL>
<P><STRONG><a name="[24]"></a>EXTI3_IRQHandler</STRONG> (Thumb, 0 bytes, Stack size 0 bytes, startup_stm32f10x_md.o(.text))
<BR>[Address Reference Count : 1]<UL><LI> startup_stm32f10x_md.o(RESET)
</UL>
<P><STRONG><a name="[25]"></a>EXTI4_IRQHandler</STRONG> (Thumb, 0 bytes, Stack size 0 bytes, startup_stm32f10x_md.o(.text))
<BR>[Address Reference Count : 1]<UL><LI> startup_stm32f10x_md.o(RESET)
</UL>
<P><STRONG><a name="[32]"></a>EXTI9_5_IRQHandler</STRONG> (Thumb, 0 bytes, Stack size 0 bytes, startup_stm32f10x_md.o(.text))
<BR>[Address Reference Count : 1]<UL><LI> startup_stm32f10x_md.o(RESET)
</UL>
<P><STRONG><a name="[1f]"></a>FLASH_IRQHandler</STRONG> (Thumb, 0 bytes, Stack size 0 bytes, startup_stm32f10x_md.o(.text))
<BR>[Address Reference Count : 1]<UL><LI> startup_stm32f10x_md.o(RESET)
</UL>
<P><STRONG><a name="[3b]"></a>I2C1_ER_IRQHandler</STRONG> (Thumb, 0 bytes, Stack size 0 bytes, startup_stm32f10x_md.o(.text))
<BR>[Address Reference Count : 1]<UL><LI> startup_stm32f10x_md.o(RESET)
</UL>
<P><STRONG><a name="[3a]"></a>I2C1_EV_IRQHandler</STRONG> (Thumb, 0 bytes, Stack size 0 bytes, startup_stm32f10x_md.o(.text))
<BR>[Address Reference Count : 1]<UL><LI> startup_stm32f10x_md.o(RESET)
</UL>
<P><STRONG><a name="[3d]"></a>I2C2_ER_IRQHandler</STRONG> (Thumb, 0 bytes, Stack size 0 bytes, startup_stm32f10x_md.o(.text))
<BR>[Address Reference Count : 1]<UL><LI> startup_stm32f10x_md.o(RESET)
</UL>
<P><STRONG><a name="[3c]"></a>I2C2_EV_IRQHandler</STRONG> (Thumb, 0 bytes, Stack size 0 bytes, startup_stm32f10x_md.o(.text))
<BR>[Address Reference Count : 1]<UL><LI> startup_stm32f10x_md.o(RESET)
</UL>
<P><STRONG><a name="[1c]"></a>PVD_IRQHandler</STRONG> (Thumb, 0 bytes, Stack size 0 bytes, startup_stm32f10x_md.o(.text))
<BR>[Address Reference Count : 1]<UL><LI> startup_stm32f10x_md.o(RESET)
</UL>
<P><STRONG><a name="[20]"></a>RCC_IRQHandler</STRONG> (Thumb, 0 bytes, Stack size 0 bytes, startup_stm32f10x_md.o(.text))
<BR>[Address Reference Count : 1]<UL><LI> startup_stm32f10x_md.o(RESET)
</UL>
<P><STRONG><a name="[44]"></a>RTCAlarm_IRQHandler</STRONG> (Thumb, 0 bytes, Stack size 0 bytes, startup_stm32f10x_md.o(.text))
<BR>[Address Reference Count : 1]<UL><LI> startup_stm32f10x_md.o(RESET)
</UL>
<P><STRONG><a name="[1e]"></a>RTC_IRQHandler</STRONG> (Thumb, 0 bytes, Stack size 0 bytes, startup_stm32f10x_md.o(.text))
<BR>[Address Reference Count : 1]<UL><LI> startup_stm32f10x_md.o(RESET)
</UL>
<P><STRONG><a name="[3e]"></a>SPI1_IRQHandler</STRONG> (Thumb, 0 bytes, Stack size 0 bytes, startup_stm32f10x_md.o(.text))
<BR>[Address Reference Count : 1]<UL><LI> startup_stm32f10x_md.o(RESET)
</UL>
<P><STRONG><a name="[3f]"></a>SPI2_IRQHandler</STRONG> (Thumb, 0 bytes, Stack size 0 bytes, startup_stm32f10x_md.o(.text))
<BR>[Address Reference Count : 1]<UL><LI> startup_stm32f10x_md.o(RESET)
</UL>
<P><STRONG><a name="[1d]"></a>TAMPER_IRQHandler</STRONG> (Thumb, 0 bytes, Stack size 0 bytes, startup_stm32f10x_md.o(.text))
<BR>[Address Reference Count : 1]<UL><LI> startup_stm32f10x_md.o(RESET)
</UL>
<P><STRONG><a name="[33]"></a>TIM1_BRK_IRQHandler</STRONG> (Thumb, 0 bytes, Stack size 0 bytes, startup_stm32f10x_md.o(.text))
<BR>[Address Reference Count : 1]<UL><LI> startup_stm32f10x_md.o(RESET)
</UL>
<P><STRONG><a name="[36]"></a>TIM1_CC_IRQHandler</STRONG> (Thumb, 0 bytes, Stack size 0 bytes, startup_stm32f10x_md.o(.text))
<BR>[Address Reference Count : 1]<UL><LI> startup_stm32f10x_md.o(RESET)
</UL>
<P><STRONG><a name="[35]"></a>TIM1_TRG_COM_IRQHandler</STRONG> (Thumb, 0 bytes, Stack size 0 bytes, startup_stm32f10x_md.o(.text))
<BR>[Address Reference Count : 1]<UL><LI> startup_stm32f10x_md.o(RESET)
</UL>
<P><STRONG><a name="[34]"></a>TIM1_UP_IRQHandler</STRONG> (Thumb, 0 bytes, Stack size 0 bytes, startup_stm32f10x_md.o(.text))
<BR>[Address Reference Count : 1]<UL><LI> startup_stm32f10x_md.o(RESET)
</UL>
<P><STRONG><a name="[37]"></a>TIM2_IRQHandler</STRONG> (Thumb, 0 bytes, Stack size 0 bytes, startup_stm32f10x_md.o(.text))
<BR>[Address Reference Count : 1]<UL><LI> startup_stm32f10x_md.o(RESET)
</UL>
<P><STRONG><a name="[38]"></a>TIM3_IRQHandler</STRONG> (Thumb, 0 bytes, Stack size 0 bytes, startup_stm32f10x_md.o(.text))
<BR>[Address Reference Count : 1]<UL><LI> startup_stm32f10x_md.o(RESET)
</UL>
<P><STRONG><a name="[39]"></a>TIM4_IRQHandler</STRONG> (Thumb, 0 bytes, Stack size 0 bytes, startup_stm32f10x_md.o(.text))
<BR>[Address Reference Count : 1]<UL><LI> startup_stm32f10x_md.o(RESET)
</UL>
<P><STRONG><a name="[41]"></a>USART2_IRQHandler</STRONG> (Thumb, 0 bytes, Stack size 0 bytes, startup_stm32f10x_md.o(.text))
<BR>[Address Reference Count : 1]<UL><LI> startup_stm32f10x_md.o(RESET)
</UL>
<P><STRONG><a name="[42]"></a>USART3_IRQHandler</STRONG> (Thumb, 0 bytes, Stack size 0 bytes, startup_stm32f10x_md.o(.text))
<BR>[Address Reference Count : 1]<UL><LI> startup_stm32f10x_md.o(RESET)
</UL>
<P><STRONG><a name="[45]"></a>USBWakeUp_IRQHandler</STRONG> (Thumb, 0 bytes, Stack size 0 bytes, startup_stm32f10x_md.o(.text))
<BR>[Address Reference Count : 1]<UL><LI> startup_stm32f10x_md.o(RESET)
</UL>
<P><STRONG><a name="[2e]"></a>USB_HP_CAN1_TX_IRQHandler</STRONG> (Thumb, 0 bytes, Stack size 0 bytes, startup_stm32f10x_md.o(.text))
<BR>[Address Reference Count : 1]<UL><LI> startup_stm32f10x_md.o(RESET)
</UL>
<P><STRONG><a name="[2f]"></a>USB_LP_CAN1_RX0_IRQHandler</STRONG> (Thumb, 0 bytes, Stack size 0 bytes, startup_stm32f10x_md.o(.text))
<BR>[Address Reference Count : 1]<UL><LI> startup_stm32f10x_md.o(RESET)
</UL>
<P><STRONG><a name="[1b]"></a>WWDG_IRQHandler</STRONG> (Thumb, 0 bytes, Stack size 0 bytes, startup_stm32f10x_md.o(.text))
<BR>[Address Reference Count : 1]<UL><LI> startup_stm32f10x_md.o(RESET)
</UL>
<P><STRONG><a name="[180]"></a>__user_initial_stackheap</STRONG> (Thumb, 0 bytes, Stack size unknown bytes, startup_stm32f10x_md.o(.text))
<BR><BR>[Called By]<UL><LI><a href="#[5c]">&gt;&gt;</a>&nbsp;&nbsp;&nbsp;__user_setup_stackheap
</UL>

<P><STRONG><a name="[12]"></a>NMI_Handler</STRONG> (Thumb, 2 bytes, Stack size 0 bytes, stm32f10x_it.o(.text))
<BR>[Address Reference Count : 1]<UL><LI> startup_stm32f10x_md.o(RESET)
</UL>
<P><STRONG><a name="[13]"></a>HardFault_Handler</STRONG> (Thumb, 4 bytes, Stack size 0 bytes, stm32f10x_it.o(.text))
<BR>[Address Reference Count : 1]<UL><LI> startup_stm32f10x_md.o(RESET)
</UL>
<P><STRONG><a name="[4b]"></a>SystemInit</STRONG> (Thumb, 78 bytes, Stack size 8 bytes, system_stm32f10x.o(.text))
<BR><BR>[Stack]<UL><LI>Max Depth = 28<LI>Call Chain = SystemInit &rArr; SetSysClock &rArr; SetSysClockTo72
</UL>
<BR>[Calls]<UL><LI><a href="#[a4]">&gt;&gt;</a>&nbsp;&nbsp;&nbsp;SetSysClock
</UL>
<BR>[Address Reference Count : 1]<UL><LI> startup_stm32f10x_md.o(.text)
</UL>
<P><STRONG><a name="[1a8]"></a>SystemCoreClockUpdate</STRONG> (Thumb, 142 bytes, Stack size 8 bytes, system_stm32f10x.o(.text), UNUSED)

<P><STRONG><a name="[1a9]"></a>NVIC_PriorityGroupConfig</STRONG> (Thumb, 10 bytes, Stack size 0 bytes, misc.o(.text), UNUSED)

<P><STRONG><a name="[7b]"></a>NVIC_Init</STRONG> (Thumb, 102 bytes, Stack size 16 bytes, misc.o(.text))
<BR><BR>[Stack]<UL><LI>Max Depth = 16<LI>Call Chain = NVIC_Init
</UL>
<BR>[Called By]<UL><LI><a href="#[9a]">&gt;&gt;</a>&nbsp;&nbsp;&nbsp;Pub_Nvic_Config
<LI><a href="#[78]">&gt;&gt;</a>&nbsp;&nbsp;&nbsp;debug_uart_init
</UL>

<P><STRONG><a name="[1aa]"></a>NVIC_SetVectorTable</STRONG> (Thumb, 14 bytes, Stack size 0 bytes, misc.o(.text), UNUSED)

<P><STRONG><a name="[1ab]"></a>NVIC_SystemLPConfig</STRONG> (Thumb, 34 bytes, Stack size 0 bytes, misc.o(.text), UNUSED)

<P><STRONG><a name="[1ac]"></a>SysTick_CLKSourceConfig</STRONG> (Thumb, 40 bytes, Stack size 0 bytes, misc.o(.text), UNUSED)

<P><STRONG><a name="[a6]"></a>GPIO_DeInit</STRONG> (Thumb, 172 bytes, Stack size 8 bytes, stm32f10x_gpio.o(.text), UNUSED)
<BR><BR>[Calls]<UL><LI><a href="#[a7]">&gt;&gt;</a>&nbsp;&nbsp;&nbsp;RCC_APB2PeriphResetCmd
</UL>

<P><STRONG><a name="[a8]"></a>GPIO_AFIODeInit</STRONG> (Thumb, 20 bytes, Stack size 8 bytes, stm32f10x_gpio.o(.text), UNUSED)
<BR><BR>[Calls]<UL><LI><a href="#[a7]">&gt;&gt;</a>&nbsp;&nbsp;&nbsp;RCC_APB2PeriphResetCmd
</UL>

<P><STRONG><a name="[74]"></a>GPIO_Init</STRONG> (Thumb, 274 bytes, Stack size 24 bytes, stm32f10x_gpio.o(.text))
<BR><BR>[Stack]<UL><LI>Max Depth = 24<LI>Call Chain = GPIO_Init
</UL>
<BR>[Called By]<UL><LI><a href="#[9f]">&gt;&gt;</a>&nbsp;&nbsp;&nbsp;Pub_Gpio_Input_INFLOATING
<LI><a href="#[9e]">&gt;&gt;</a>&nbsp;&nbsp;&nbsp;Pub_Gpio_Input_IPD
<LI><a href="#[9d]">&gt;&gt;</a>&nbsp;&nbsp;&nbsp;Pub_Gpio_Input_AIN
<LI><a href="#[9c]">&gt;&gt;</a>&nbsp;&nbsp;&nbsp;Pub_Gpio_Output_OD
<LI><a href="#[9b]">&gt;&gt;</a>&nbsp;&nbsp;&nbsp;Pub_Gpio_Output_AFPP
<LI><a href="#[95]">&gt;&gt;</a>&nbsp;&nbsp;&nbsp;Pub_Gpio_Output_OUTPP
<LI><a href="#[96]">&gt;&gt;</a>&nbsp;&nbsp;&nbsp;Pub_Gpio_Input_IPU
<LI><a href="#[78]">&gt;&gt;</a>&nbsp;&nbsp;&nbsp;debug_uart_init
<LI><a href="#[73]">&gt;&gt;</a>&nbsp;&nbsp;&nbsp;sys_len_init
</UL>

<P><STRONG><a name="[1ad]"></a>GPIO_StructInit</STRONG> (Thumb, 16 bytes, Stack size 0 bytes, stm32f10x_gpio.o(.text), UNUSED)

<P><STRONG><a name="[1ae]"></a>GPIO_ReadInputDataBit</STRONG> (Thumb, 18 bytes, Stack size 0 bytes, stm32f10x_gpio.o(.text), UNUSED)

<P><STRONG><a name="[1af]"></a>GPIO_ReadInputData</STRONG> (Thumb, 8 bytes, Stack size 0 bytes, stm32f10x_gpio.o(.text), UNUSED)

<P><STRONG><a name="[1b0]"></a>GPIO_ReadOutputDataBit</STRONG> (Thumb, 18 bytes, Stack size 0 bytes, stm32f10x_gpio.o(.text), UNUSED)

<P><STRONG><a name="[1b1]"></a>GPIO_ReadOutputData</STRONG> (Thumb, 8 bytes, Stack size 0 bytes, stm32f10x_gpio.o(.text), UNUSED)

<P><STRONG><a name="[1b2]"></a>GPIO_SetBits</STRONG> (Thumb, 4 bytes, Stack size 0 bytes, stm32f10x_gpio.o(.text), UNUSED)

<P><STRONG><a name="[1b3]"></a>GPIO_ResetBits</STRONG> (Thumb, 4 bytes, Stack size 0 bytes, stm32f10x_gpio.o(.text), UNUSED)

<P><STRONG><a name="[1b4]"></a>GPIO_WriteBit</STRONG> (Thumb, 10 bytes, Stack size 0 bytes, stm32f10x_gpio.o(.text), UNUSED)

<P><STRONG><a name="[1b5]"></a>GPIO_Write</STRONG> (Thumb, 4 bytes, Stack size 0 bytes, stm32f10x_gpio.o(.text), UNUSED)

<P><STRONG><a name="[1b6]"></a>GPIO_PinLockConfig</STRONG> (Thumb, 18 bytes, Stack size 0 bytes, stm32f10x_gpio.o(.text), UNUSED)

<P><STRONG><a name="[1b7]"></a>GPIO_EventOutputConfig</STRONG> (Thumb, 26 bytes, Stack size 0 bytes, stm32f10x_gpio.o(.text), UNUSED)

<P><STRONG><a name="[1b8]"></a>GPIO_EventOutputCmd</STRONG> (Thumb, 6 bytes, Stack size 0 bytes, stm32f10x_gpio.o(.text), UNUSED)

<P><STRONG><a name="[1b9]"></a>GPIO_PinRemapConfig</STRONG> (Thumb, 138 bytes, Stack size 20 bytes, stm32f10x_gpio.o(.text), UNUSED)

<P><STRONG><a name="[1ba]"></a>GPIO_EXTILineConfig</STRONG> (Thumb, 66 bytes, Stack size 12 bytes, stm32f10x_gpio.o(.text), UNUSED)

<P><STRONG><a name="[1bb]"></a>GPIO_ETH_MediaInterfaceConfig</STRONG> (Thumb, 6 bytes, Stack size 0 bytes, stm32f10x_gpio.o(.text), UNUSED)

<P><STRONG><a name="[1bc]"></a>RCC_DeInit</STRONG> (Thumb, 64 bytes, Stack size 0 bytes, stm32f10x_rcc.o(.text), UNUSED)

<P><STRONG><a name="[1bd]"></a>RCC_HSEConfig</STRONG> (Thumb, 70 bytes, Stack size 0 bytes, stm32f10x_rcc.o(.text), UNUSED)

<P><STRONG><a name="[aa]"></a>RCC_GetFlagStatus</STRONG> (Thumb, 56 bytes, Stack size 8 bytes, stm32f10x_rcc.o(.text), UNUSED)
<BR><BR>[Called By]<UL><LI><a href="#[a9]">&gt;&gt;</a>&nbsp;&nbsp;&nbsp;RCC_WaitForHSEStartUp
</UL>

<P><STRONG><a name="[a9]"></a>RCC_WaitForHSEStartUp</STRONG> (Thumb, 56 bytes, Stack size 16 bytes, stm32f10x_rcc.o(.text), UNUSED)
<BR><BR>[Calls]<UL><LI><a href="#[aa]">&gt;&gt;</a>&nbsp;&nbsp;&nbsp;RCC_GetFlagStatus
</UL>

<P><STRONG><a name="[1be]"></a>RCC_AdjustHSICalibrationValue</STRONG> (Thumb, 20 bytes, Stack size 0 bytes, stm32f10x_rcc.o(.text), UNUSED)

<P><STRONG><a name="[1bf]"></a>RCC_HSICmd</STRONG> (Thumb, 6 bytes, Stack size 0 bytes, stm32f10x_rcc.o(.text), UNUSED)

<P><STRONG><a name="[1c0]"></a>RCC_PLLConfig</STRONG> (Thumb, 24 bytes, Stack size 0 bytes, stm32f10x_rcc.o(.text), UNUSED)

<P><STRONG><a name="[1c1]"></a>RCC_PLLCmd</STRONG> (Thumb, 6 bytes, Stack size 0 bytes, stm32f10x_rcc.o(.text), UNUSED)

<P><STRONG><a name="[1c2]"></a>RCC_SYSCLKConfig</STRONG> (Thumb, 18 bytes, Stack size 0 bytes, stm32f10x_rcc.o(.text), UNUSED)

<P><STRONG><a name="[1c3]"></a>RCC_GetSYSCLKSource</STRONG> (Thumb, 10 bytes, Stack size 0 bytes, stm32f10x_rcc.o(.text), UNUSED)

<P><STRONG><a name="[1c4]"></a>RCC_HCLKConfig</STRONG> (Thumb, 18 bytes, Stack size 0 bytes, stm32f10x_rcc.o(.text), UNUSED)

<P><STRONG><a name="[1c5]"></a>RCC_PCLK1Config</STRONG> (Thumb, 18 bytes, Stack size 0 bytes, stm32f10x_rcc.o(.text), UNUSED)

<P><STRONG><a name="[1c6]"></a>RCC_PCLK2Config</STRONG> (Thumb, 20 bytes, Stack size 0 bytes, stm32f10x_rcc.o(.text), UNUSED)

<P><STRONG><a name="[1c7]"></a>RCC_ITConfig</STRONG> (Thumb, 26 bytes, Stack size 0 bytes, stm32f10x_rcc.o(.text), UNUSED)

<P><STRONG><a name="[1c8]"></a>RCC_USBCLKConfig</STRONG> (Thumb, 6 bytes, Stack size 0 bytes, stm32f10x_rcc.o(.text), UNUSED)

<P><STRONG><a name="[1c9]"></a>RCC_ADCCLKConfig</STRONG> (Thumb, 18 bytes, Stack size 0 bytes, stm32f10x_rcc.o(.text), UNUSED)

<P><STRONG><a name="[1ca]"></a>RCC_LSEConfig</STRONG> (Thumb, 44 bytes, Stack size 0 bytes, stm32f10x_rcc.o(.text), UNUSED)

<P><STRONG><a name="[1cb]"></a>RCC_LSICmd</STRONG> (Thumb, 6 bytes, Stack size 0 bytes, stm32f10x_rcc.o(.text), UNUSED)

<P><STRONG><a name="[1cc]"></a>RCC_RTCCLKConfig</STRONG> (Thumb, 12 bytes, Stack size 0 bytes, stm32f10x_rcc.o(.text), UNUSED)

<P><STRONG><a name="[1cd]"></a>RCC_RTCCLKCmd</STRONG> (Thumb, 8 bytes, Stack size 0 bytes, stm32f10x_rcc.o(.text), UNUSED)

<P><STRONG><a name="[ad]"></a>RCC_GetClocksFreq</STRONG> (Thumb, 192 bytes, Stack size 12 bytes, stm32f10x_rcc.o(.text))
<BR><BR>[Stack]<UL><LI>Max Depth = 12<LI>Call Chain = RCC_GetClocksFreq
</UL>
<BR>[Called By]<UL><LI><a href="#[7a]">&gt;&gt;</a>&nbsp;&nbsp;&nbsp;USART_Init
</UL>

<P><STRONG><a name="[68]"></a>RCC_AHBPeriphClockCmd</STRONG> (Thumb, 26 bytes, Stack size 0 bytes, stm32f10x_rcc.o(.text))
<BR><BR>[Called By]<UL><LI><a href="#[60]">&gt;&gt;</a>&nbsp;&nbsp;&nbsp;main
</UL>

<P><STRONG><a name="[66]"></a>RCC_APB2PeriphClockCmd</STRONG> (Thumb, 26 bytes, Stack size 0 bytes, stm32f10x_rcc.o(.text))
<BR><BR>[Called By]<UL><LI><a href="#[78]">&gt;&gt;</a>&nbsp;&nbsp;&nbsp;debug_uart_init
<LI><a href="#[60]">&gt;&gt;</a>&nbsp;&nbsp;&nbsp;main
</UL>

<P><STRONG><a name="[67]"></a>RCC_APB1PeriphClockCmd</STRONG> (Thumb, 26 bytes, Stack size 0 bytes, stm32f10x_rcc.o(.text))
<BR><BR>[Called By]<UL><LI><a href="#[60]">&gt;&gt;</a>&nbsp;&nbsp;&nbsp;main
</UL>

<P><STRONG><a name="[a7]"></a>RCC_APB2PeriphResetCmd</STRONG> (Thumb, 26 bytes, Stack size 0 bytes, stm32f10x_rcc.o(.text), UNUSED)
<BR><BR>[Called By]<UL><LI><a href="#[ab]">&gt;&gt;</a>&nbsp;&nbsp;&nbsp;USART_DeInit
<LI><a href="#[a8]">&gt;&gt;</a>&nbsp;&nbsp;&nbsp;GPIO_AFIODeInit
<LI><a href="#[a6]">&gt;&gt;</a>&nbsp;&nbsp;&nbsp;GPIO_DeInit
</UL>

<P><STRONG><a name="[ac]"></a>RCC_APB1PeriphResetCmd</STRONG> (Thumb, 26 bytes, Stack size 0 bytes, stm32f10x_rcc.o(.text), UNUSED)
<BR><BR>[Called By]<UL><LI><a href="#[ab]">&gt;&gt;</a>&nbsp;&nbsp;&nbsp;USART_DeInit
</UL>

<P><STRONG><a name="[1ce]"></a>RCC_BackupResetCmd</STRONG> (Thumb, 8 bytes, Stack size 0 bytes, stm32f10x_rcc.o(.text), UNUSED)

<P><STRONG><a name="[1cf]"></a>RCC_ClockSecuritySystemCmd</STRONG> (Thumb, 6 bytes, Stack size 0 bytes, stm32f10x_rcc.o(.text), UNUSED)

<P><STRONG><a name="[1d0]"></a>RCC_MCOConfig</STRONG> (Thumb, 6 bytes, Stack size 0 bytes, stm32f10x_rcc.o(.text), UNUSED)

<P><STRONG><a name="[1d1]"></a>RCC_ClearFlag</STRONG> (Thumb, 14 bytes, Stack size 0 bytes, stm32f10x_rcc.o(.text), UNUSED)

<P><STRONG><a name="[1d2]"></a>RCC_GetITStatus</STRONG> (Thumb, 20 bytes, Stack size 0 bytes, stm32f10x_rcc.o(.text), UNUSED)

<P><STRONG><a name="[1d3]"></a>RCC_ClearITPendingBit</STRONG> (Thumb, 6 bytes, Stack size 0 bytes, stm32f10x_rcc.o(.text), UNUSED)

<P><STRONG><a name="[ab]"></a>USART_DeInit</STRONG> (Thumb, 134 bytes, Stack size 8 bytes, stm32f10x_usart.o(.text), UNUSED)
<BR><BR>[Calls]<UL><LI><a href="#[ac]">&gt;&gt;</a>&nbsp;&nbsp;&nbsp;RCC_APB1PeriphResetCmd
<LI><a href="#[a7]">&gt;&gt;</a>&nbsp;&nbsp;&nbsp;RCC_APB2PeriphResetCmd
</UL>

<P><STRONG><a name="[7a]"></a>USART_Init</STRONG> (Thumb, 210 bytes, Stack size 56 bytes, stm32f10x_usart.o(.text))
<BR><BR>[Stack]<UL><LI>Max Depth = 68<LI>Call Chain = USART_Init &rArr; RCC_GetClocksFreq
</UL>
<BR>[Calls]<UL><LI><a href="#[ad]">&gt;&gt;</a>&nbsp;&nbsp;&nbsp;RCC_GetClocksFreq
</UL>
<BR>[Called By]<UL><LI><a href="#[a0]">&gt;&gt;</a>&nbsp;&nbsp;&nbsp;Pub_Uart_Hardware_Cfg
<LI><a href="#[78]">&gt;&gt;</a>&nbsp;&nbsp;&nbsp;debug_uart_init
</UL>

<P><STRONG><a name="[79]"></a>USART_StructInit</STRONG> (Thumb, 24 bytes, Stack size 0 bytes, stm32f10x_usart.o(.text))
<BR><BR>[Called By]<UL><LI><a href="#[78]">&gt;&gt;</a>&nbsp;&nbsp;&nbsp;debug_uart_init
</UL>

<P><STRONG><a name="[a1]"></a>USART_ClockInit</STRONG> (Thumb, 34 bytes, Stack size 8 bytes, stm32f10x_usart.o(.text), UNUSED)
<BR><BR>[Called By]<UL><LI><a href="#[a0]">&gt;&gt;</a>&nbsp;&nbsp;&nbsp;Pub_Uart_Hardware_Cfg
</UL>

<P><STRONG><a name="[1d4]"></a>USART_ClockStructInit</STRONG> (Thumb, 12 bytes, Stack size 0 bytes, stm32f10x_usart.o(.text), UNUSED)

<P><STRONG><a name="[7d]"></a>USART_Cmd</STRONG> (Thumb, 24 bytes, Stack size 0 bytes, stm32f10x_usart.o(.text))
<BR><BR>[Called By]<UL><LI><a href="#[a2]">&gt;&gt;</a>&nbsp;&nbsp;&nbsp;Pub_Uart_Int_Cfg
<LI><a href="#[78]">&gt;&gt;</a>&nbsp;&nbsp;&nbsp;debug_uart_init
</UL>

<P><STRONG><a name="[7c]"></a>USART_ITConfig</STRONG> (Thumb, 74 bytes, Stack size 20 bytes, stm32f10x_usart.o(.text))
<BR><BR>[Stack]<UL><LI>Max Depth = 20<LI>Call Chain = USART_ITConfig
</UL>
<BR>[Called By]<UL><LI><a href="#[78]">&gt;&gt;</a>&nbsp;&nbsp;&nbsp;debug_uart_init
</UL>

<P><STRONG><a name="[1d5]"></a>USART_DMACmd</STRONG> (Thumb, 18 bytes, Stack size 0 bytes, stm32f10x_usart.o(.text), UNUSED)

<P><STRONG><a name="[1d6]"></a>USART_SetAddress</STRONG> (Thumb, 18 bytes, Stack size 0 bytes, stm32f10x_usart.o(.text), UNUSED)

<P><STRONG><a name="[1d7]"></a>USART_WakeUpConfig</STRONG> (Thumb, 18 bytes, Stack size 0 bytes, stm32f10x_usart.o(.text), UNUSED)

<P><STRONG><a name="[1d8]"></a>USART_ReceiverWakeUpCmd</STRONG> (Thumb, 24 bytes, Stack size 0 bytes, stm32f10x_usart.o(.text), UNUSED)

<P><STRONG><a name="[1d9]"></a>USART_LINBreakDetectLengthConfig</STRONG> (Thumb, 18 bytes, Stack size 0 bytes, stm32f10x_usart.o(.text), UNUSED)

<P><STRONG><a name="[1da]"></a>USART_LINCmd</STRONG> (Thumb, 24 bytes, Stack size 0 bytes, stm32f10x_usart.o(.text), UNUSED)

<P><STRONG><a name="[1db]"></a>USART_SendData</STRONG> (Thumb, 8 bytes, Stack size 0 bytes, stm32f10x_usart.o(.text), UNUSED)

<P><STRONG><a name="[1dc]"></a>USART_ReceiveData</STRONG> (Thumb, 10 bytes, Stack size 0 bytes, stm32f10x_usart.o(.text), UNUSED)

<P><STRONG><a name="[1dd]"></a>USART_SendBreak</STRONG> (Thumb, 10 bytes, Stack size 0 bytes, stm32f10x_usart.o(.text), UNUSED)

<P><STRONG><a name="[1de]"></a>USART_SetGuardTime</STRONG> (Thumb, 16 bytes, Stack size 0 bytes, stm32f10x_usart.o(.text), UNUSED)

<P><STRONG><a name="[1df]"></a>USART_SetPrescaler</STRONG> (Thumb, 16 bytes, Stack size 0 bytes, stm32f10x_usart.o(.text), UNUSED)

<P><STRONG><a name="[1e0]"></a>USART_SmartCardCmd</STRONG> (Thumb, 24 bytes, Stack size 0 bytes, stm32f10x_usart.o(.text), UNUSED)

<P><STRONG><a name="[1e1]"></a>USART_SmartCardNACKCmd</STRONG> (Thumb, 24 bytes, Stack size 0 bytes, stm32f10x_usart.o(.text), UNUSED)

<P><STRONG><a name="[1e2]"></a>USART_HalfDuplexCmd</STRONG> (Thumb, 24 bytes, Stack size 0 bytes, stm32f10x_usart.o(.text), UNUSED)

<P><STRONG><a name="[1e3]"></a>USART_OverSampling8Cmd</STRONG> (Thumb, 22 bytes, Stack size 0 bytes, stm32f10x_usart.o(.text), UNUSED)

<P><STRONG><a name="[1e4]"></a>USART_OneBitMethodCmd</STRONG> (Thumb, 24 bytes, Stack size 0 bytes, stm32f10x_usart.o(.text), UNUSED)

<P><STRONG><a name="[1e5]"></a>USART_IrDAConfig</STRONG> (Thumb, 18 bytes, Stack size 0 bytes, stm32f10x_usart.o(.text), UNUSED)

<P><STRONG><a name="[1e6]"></a>USART_IrDACmd</STRONG> (Thumb, 24 bytes, Stack size 0 bytes, stm32f10x_usart.o(.text), UNUSED)

<P><STRONG><a name="[1e7]"></a>USART_GetFlagStatus</STRONG> (Thumb, 26 bytes, Stack size 0 bytes, stm32f10x_usart.o(.text), UNUSED)

<P><STRONG><a name="[a3]"></a>USART_ClearFlag</STRONG> (Thumb, 18 bytes, Stack size 0 bytes, stm32f10x_usart.o(.text), UNUSED)
<BR><BR>[Called By]<UL><LI><a href="#[a2]">&gt;&gt;</a>&nbsp;&nbsp;&nbsp;Pub_Uart_Int_Cfg
</UL>

<P><STRONG><a name="[7f]"></a>USART_GetITStatus</STRONG> (Thumb, 84 bytes, Stack size 16 bytes, stm32f10x_usart.o(.text))
<BR><BR>[Stack]<UL><LI>Max Depth = 16<LI>Call Chain = USART_GetITStatus
</UL>
<BR>[Called By]<UL><LI><a href="#[40]">&gt;&gt;</a>&nbsp;&nbsp;&nbsp;USART1_IRQHandler
</UL>

<P><STRONG><a name="[1e8]"></a>USART_ClearITPendingBit</STRONG> (Thumb, 52 bytes, Stack size 8 bytes, stm32f10x_usart.o(.text), UNUSED)

<P><STRONG><a name="[139]"></a>raw_block_pool_create</STRONG> (Thumb, 120 bytes, Stack size 28 bytes, raw_block.o(.text))
<BR><BR>[Stack]<UL><LI>Max Depth = 28<LI>Call Chain = raw_block_pool_create
</UL>
<BR>[Called By]<UL><LI><a href="#[84]">&gt;&gt;</a>&nbsp;&nbsp;&nbsp;serial_fifo_init
</UL>

<P><STRONG><a name="[ae]"></a>raw_block_allocate</STRONG> (Thumb, 88 bytes, Stack size 24 bytes, raw_block.o(.text))
<BR><BR>[Stack]<UL><LI>Max Depth = 24 + Unknown Stack Size
<LI>Call Chain = raw_block_allocate
</UL>
<BR>[Calls]<UL><LI><a href="#[af]">&gt;&gt;</a>&nbsp;&nbsp;&nbsp;OS_CPU_SR_Save
<LI><a href="#[b0]">&gt;&gt;</a>&nbsp;&nbsp;&nbsp;OS_CPU_SR_Restore
</UL>
<BR>[Called By]<UL><LI><a href="#[13f]">&gt;&gt;</a>&nbsp;&nbsp;&nbsp;serial_alloc
</UL>

<P><STRONG><a name="[b1]"></a>raw_block_release</STRONG> (Thumb, 72 bytes, Stack size 24 bytes, raw_block.o(.text))
<BR><BR>[Stack]<UL><LI>Max Depth = 24 + Unknown Stack Size
<LI>Call Chain = raw_block_release
</UL>
<BR>[Calls]<UL><LI><a href="#[af]">&gt;&gt;</a>&nbsp;&nbsp;&nbsp;OS_CPU_SR_Save
<LI><a href="#[b0]">&gt;&gt;</a>&nbsp;&nbsp;&nbsp;OS_CPU_SR_Restore
</UL>
<BR>[Called By]<UL><LI><a href="#[140]">&gt;&gt;</a>&nbsp;&nbsp;&nbsp;serial_fifo_append
<LI><a href="#[13a]">&gt;&gt;</a>&nbsp;&nbsp;&nbsp;serial_fifo_cache_refresh
</UL>

<P><STRONG><a name="[1e9]"></a>raw_event_create</STRONG> (Thumb, 32 bytes, Stack size 0 bytes, raw_event.o(.text), UNUSED)

<P><STRONG><a name="[b2]"></a>raw_event_get</STRONG> (Thumb, 432 bytes, Stack size 40 bytes, raw_event.o(.text), UNUSED)
<BR><BR>[Calls]<UL><LI><a href="#[b5]">&gt;&gt;</a>&nbsp;&nbsp;&nbsp;raw_sched
<LI><a href="#[b4]">&gt;&gt;</a>&nbsp;&nbsp;&nbsp;raw_pend_object
<LI><a href="#[b3]">&gt;&gt;</a>&nbsp;&nbsp;&nbsp;hybrid_int_process
<LI><a href="#[b6]">&gt;&gt;</a>&nbsp;&nbsp;&nbsp;block_state_post_process
<LI><a href="#[af]">&gt;&gt;</a>&nbsp;&nbsp;&nbsp;OS_CPU_SR_Save
<LI><a href="#[b0]">&gt;&gt;</a>&nbsp;&nbsp;&nbsp;OS_CPU_SR_Restore
</UL>

<P><STRONG><a name="[b7]"></a>event_set</STRONG> (Thumb, 312 bytes, Stack size 48 bytes, raw_event.o(.text))
<BR><BR>[Stack]<UL><LI>Max Depth = 80 + Unknown Stack Size
<LI>Call Chain = event_set &rArr; hybrid_int_process
</UL>
<BR>[Calls]<UL><LI><a href="#[b8]">&gt;&gt;</a>&nbsp;&nbsp;&nbsp;raw_wake_object
<LI><a href="#[b5]">&gt;&gt;</a>&nbsp;&nbsp;&nbsp;raw_sched
<LI><a href="#[b3]">&gt;&gt;</a>&nbsp;&nbsp;&nbsp;hybrid_int_process
<LI><a href="#[af]">&gt;&gt;</a>&nbsp;&nbsp;&nbsp;OS_CPU_SR_Save
<LI><a href="#[b0]">&gt;&gt;</a>&nbsp;&nbsp;&nbsp;OS_CPU_SR_Restore
</UL>
<BR>[Called By]<UL><LI><a href="#[b9]">&gt;&gt;</a>&nbsp;&nbsp;&nbsp;raw_event_set
<LI><a href="#[4e]">&gt;&gt;</a>&nbsp;&nbsp;&nbsp;int_msg_handler
</UL>

<P><STRONG><a name="[b9]"></a>raw_event_set</STRONG> (Thumb, 60 bytes, Stack size 24 bytes, raw_event.o(.text), UNUSED)
<BR><BR>[Calls]<UL><LI><a href="#[ba]">&gt;&gt;</a>&nbsp;&nbsp;&nbsp;int_msg_post
<LI><a href="#[b7]">&gt;&gt;</a>&nbsp;&nbsp;&nbsp;event_set
</UL>

<P><STRONG><a name="[bb]"></a>raw_event_delete</STRONG> (Thumb, 184 bytes, Stack size 16 bytes, raw_event.o(.text), UNUSED)
<BR><BR>[Calls]<UL><LI><a href="#[b5]">&gt;&gt;</a>&nbsp;&nbsp;&nbsp;raw_sched
<LI><a href="#[b3]">&gt;&gt;</a>&nbsp;&nbsp;&nbsp;hybrid_int_process
<LI><a href="#[bc]">&gt;&gt;</a>&nbsp;&nbsp;&nbsp;delete_pend_obj
<LI><a href="#[af]">&gt;&gt;</a>&nbsp;&nbsp;&nbsp;OS_CPU_SR_Save
<LI><a href="#[b0]">&gt;&gt;</a>&nbsp;&nbsp;&nbsp;OS_CPU_SR_Restore
</UL>

<P><STRONG><a name="[4d]"></a>raw_idle_task</STRONG> (Thumb, 42 bytes, Stack size 0 bytes, raw_idle.o(.text))
<BR><BR>[Calls]<UL><LI><a href="#[bd]">&gt;&gt;</a>&nbsp;&nbsp;&nbsp;raw_idle_coroutine_hook
<LI><a href="#[af]">&gt;&gt;</a>&nbsp;&nbsp;&nbsp;OS_CPU_SR_Save
<LI><a href="#[b0]">&gt;&gt;</a>&nbsp;&nbsp;&nbsp;OS_CPU_SR_Restore
</UL>
<BR>[Address Reference Count : 1]<UL><LI> raw_sched.o(.text)
</UL>
<P><STRONG><a name="[83]"></a>raw_mutex_create</STRONG> (Thumb, 66 bytes, Stack size 8 bytes, raw_mutex.o(.text))
<BR><BR>[Stack]<UL><LI>Max Depth = 8<LI>Call Chain = raw_mutex_create
</UL>
<BR>[Called By]<UL><LI><a href="#[84]">&gt;&gt;</a>&nbsp;&nbsp;&nbsp;serial_fifo_init
<LI><a href="#[82]">&gt;&gt;</a>&nbsp;&nbsp;&nbsp;debug_fifo_init
<LI><a href="#[69]">&gt;&gt;</a>&nbsp;&nbsp;&nbsp;raw_os_init
<LI><a href="#[137]">&gt;&gt;</a>&nbsp;&nbsp;&nbsp;raw_printf_init
</UL>

<P><STRONG><a name="[be]"></a>chg_pri_mutex</STRONG> (Thumb, 130 bytes, Stack size 40 bytes, raw_mutex.o(.text), UNUSED)
<BR><BR>[Calls]<UL><LI><a href="#[bf]">&gt;&gt;</a>&nbsp;&nbsp;&nbsp;is_list_empty
</UL>
<BR>[Called By]<UL><LI><a href="#[10d]">&gt;&gt;</a>&nbsp;&nbsp;&nbsp;raw_task_priority_change
</UL>

<P><STRONG><a name="[c2]"></a>mtx_chg_pri</STRONG> (Thumb, 112 bytes, Stack size 24 bytes, raw_mutex.o(.text))
<BR><BR>[Stack]<UL><LI>Max Depth = 64 + In Cycle
<LI>Call Chain = mtx_chg_pri &rArr;  change_internal_task_priority (Cycle)
</UL>
<BR>[Calls]<UL><LI><a href="#[c1]">&gt;&gt;</a>&nbsp;&nbsp;&nbsp;change_internal_task_priority
<LI><a href="#[c0]">&gt;&gt;</a>&nbsp;&nbsp;&nbsp;release_mutex
</UL>
<BR>[Called By]<UL><LI><a href="#[c1]">&gt;&gt;</a>&nbsp;&nbsp;&nbsp;change_internal_task_priority
</UL>

<P><STRONG><a name="[c3]"></a>mutex_state_change</STRONG> (Thumb, 38 bytes, Stack size 16 bytes, raw_mutex.o(.text))
<BR><BR>[Stack]<UL><LI>Max Depth = 56<LI>Call Chain = mutex_state_change &rArr; release_mutex &rArr;  change_internal_task_priority (Cycle)
</UL>
<BR>[Calls]<UL><LI><a href="#[c0]">&gt;&gt;</a>&nbsp;&nbsp;&nbsp;release_mutex
</UL>
<BR>[Called By]<UL><LI><a href="#[124]">&gt;&gt;</a>&nbsp;&nbsp;&nbsp;tick_list_update
<LI><a href="#[115]">&gt;&gt;</a>&nbsp;&nbsp;&nbsp;raw_task_wait_abort
<LI><a href="#[10e]">&gt;&gt;</a>&nbsp;&nbsp;&nbsp;raw_task_delete
</UL>

<P><STRONG><a name="[8a]"></a>raw_mutex_get</STRONG> (Thumb, 532 bytes, Stack size 24 bytes, raw_mutex.o(.text))
<BR><BR>[Stack]<UL><LI>Max Depth = 104 + Unknown Stack Size
<LI>Call Chain = raw_mutex_get &rArr; change_internal_task_priority &rArr; mtx_chg_pri &rArr;  change_internal_task_priority (Cycle)
</UL>
<BR>[Calls]<UL><LI><a href="#[c1]">&gt;&gt;</a>&nbsp;&nbsp;&nbsp;change_internal_task_priority
<LI><a href="#[b5]">&gt;&gt;</a>&nbsp;&nbsp;&nbsp;raw_sched
<LI><a href="#[b4]">&gt;&gt;</a>&nbsp;&nbsp;&nbsp;raw_pend_object
<LI><a href="#[b3]">&gt;&gt;</a>&nbsp;&nbsp;&nbsp;hybrid_int_process
<LI><a href="#[b6]">&gt;&gt;</a>&nbsp;&nbsp;&nbsp;block_state_post_process
<LI><a href="#[af]">&gt;&gt;</a>&nbsp;&nbsp;&nbsp;OS_CPU_SR_Save
<LI><a href="#[b0]">&gt;&gt;</a>&nbsp;&nbsp;&nbsp;OS_CPU_SR_Restore
</UL>
<BR>[Called By]<UL><LI><a href="#[91]">&gt;&gt;</a>&nbsp;&nbsp;&nbsp;serial_read_noblock
<LI><a href="#[8f]">&gt;&gt;</a>&nbsp;&nbsp;&nbsp;serial_read_at_least_one
<LI><a href="#[89]">&gt;&gt;</a>&nbsp;&nbsp;&nbsp;debug_write
<LI><a href="#[12f]">&gt;&gt;</a>&nbsp;&nbsp;&nbsp;simple_printf_lock
<LI><a href="#[12e]">&gt;&gt;</a>&nbsp;&nbsp;&nbsp;timer_task
<LI><a href="#[12d]">&gt;&gt;</a>&nbsp;&nbsp;&nbsp;raw_timer_delete
<LI><a href="#[12b]">&gt;&gt;</a>&nbsp;&nbsp;&nbsp;raw_timer_deactivate
<LI><a href="#[12a]">&gt;&gt;</a>&nbsp;&nbsp;&nbsp;raw_timer_change
<LI><a href="#[127]">&gt;&gt;</a>&nbsp;&nbsp;&nbsp;raw_timer_activate
</UL>

<P><STRONG><a name="[8b]"></a>raw_mutex_put</STRONG> (Thumb, 392 bytes, Stack size 24 bytes, raw_mutex.o(.text))
<BR><BR>[Stack]<UL><LI>Max Depth = 104 + Unknown Stack Size
<LI>Call Chain = raw_mutex_put &rArr; change_internal_task_priority &rArr; mtx_chg_pri &rArr;  change_internal_task_priority (Cycle)
</UL>
<BR>[Calls]<UL><LI><a href="#[c1]">&gt;&gt;</a>&nbsp;&nbsp;&nbsp;change_internal_task_priority
<LI><a href="#[bf]">&gt;&gt;</a>&nbsp;&nbsp;&nbsp;is_list_empty
<LI><a href="#[c0]">&gt;&gt;</a>&nbsp;&nbsp;&nbsp;release_mutex
<LI><a href="#[b8]">&gt;&gt;</a>&nbsp;&nbsp;&nbsp;raw_wake_object
<LI><a href="#[b5]">&gt;&gt;</a>&nbsp;&nbsp;&nbsp;raw_sched
<LI><a href="#[b3]">&gt;&gt;</a>&nbsp;&nbsp;&nbsp;hybrid_int_process
<LI><a href="#[af]">&gt;&gt;</a>&nbsp;&nbsp;&nbsp;OS_CPU_SR_Save
<LI><a href="#[b0]">&gt;&gt;</a>&nbsp;&nbsp;&nbsp;OS_CPU_SR_Restore
</UL>
<BR>[Called By]<UL><LI><a href="#[91]">&gt;&gt;</a>&nbsp;&nbsp;&nbsp;serial_read_noblock
<LI><a href="#[8f]">&gt;&gt;</a>&nbsp;&nbsp;&nbsp;serial_read_at_least_one
<LI><a href="#[89]">&gt;&gt;</a>&nbsp;&nbsp;&nbsp;debug_write
<LI><a href="#[130]">&gt;&gt;</a>&nbsp;&nbsp;&nbsp;simple_printf_unlock
<LI><a href="#[12e]">&gt;&gt;</a>&nbsp;&nbsp;&nbsp;timer_task
<LI><a href="#[12d]">&gt;&gt;</a>&nbsp;&nbsp;&nbsp;raw_timer_delete
<LI><a href="#[12b]">&gt;&gt;</a>&nbsp;&nbsp;&nbsp;raw_timer_deactivate
<LI><a href="#[12a]">&gt;&gt;</a>&nbsp;&nbsp;&nbsp;raw_timer_change
<LI><a href="#[127]">&gt;&gt;</a>&nbsp;&nbsp;&nbsp;raw_timer_activate
</UL>

<P><STRONG><a name="[c4]"></a>raw_task_free_mutex</STRONG> (Thumb, 82 bytes, Stack size 24 bytes, raw_mutex.o(.text), UNUSED)
<BR><BR>[Calls]<UL><LI><a href="#[c1]">&gt;&gt;</a>&nbsp;&nbsp;&nbsp;change_internal_task_priority
<LI><a href="#[bf]">&gt;&gt;</a>&nbsp;&nbsp;&nbsp;is_list_empty
<LI><a href="#[b8]">&gt;&gt;</a>&nbsp;&nbsp;&nbsp;raw_wake_object
</UL>
<BR>[Called By]<UL><LI><a href="#[10e]">&gt;&gt;</a>&nbsp;&nbsp;&nbsp;raw_task_delete
</UL>

<P><STRONG><a name="[c5]"></a>raw_mutex_delete</STRONG> (Thumb, 174 bytes, Stack size 16 bytes, raw_mutex.o(.text), UNUSED)
<BR><BR>[Calls]<UL><LI><a href="#[bf]">&gt;&gt;</a>&nbsp;&nbsp;&nbsp;is_list_empty
<LI><a href="#[c0]">&gt;&gt;</a>&nbsp;&nbsp;&nbsp;release_mutex
<LI><a href="#[b5]">&gt;&gt;</a>&nbsp;&nbsp;&nbsp;raw_sched
<LI><a href="#[b3]">&gt;&gt;</a>&nbsp;&nbsp;&nbsp;hybrid_int_process
<LI><a href="#[bc]">&gt;&gt;</a>&nbsp;&nbsp;&nbsp;delete_pend_obj
<LI><a href="#[af]">&gt;&gt;</a>&nbsp;&nbsp;&nbsp;OS_CPU_SR_Save
<LI><a href="#[b0]">&gt;&gt;</a>&nbsp;&nbsp;&nbsp;OS_CPU_SR_Restore
</UL>

<P><STRONG><a name="[ed]"></a>run_queue_init</STRONG> (Thumb, 36 bytes, Stack size 0 bytes, raw_pend.o(.text))
<BR><BR>[Called By]<UL><LI><a href="#[69]">&gt;&gt;</a>&nbsp;&nbsp;&nbsp;raw_os_init
</UL>

<P><STRONG><a name="[c8]"></a>add_ready_list_head</STRONG> (Thumb, 40 bytes, Stack size 16 bytes, raw_pend.o(.text))
<BR><BR>[Stack]<UL><LI>Max Depth = 28<LI>Call Chain = add_ready_list_head &rArr; bit_set
</UL>
<BR>[Calls]<UL><LI><a href="#[c9]">&gt;&gt;</a>&nbsp;&nbsp;&nbsp;bit_set
<LI><a href="#[c7]">&gt;&gt;</a>&nbsp;&nbsp;&nbsp;list_insert
</UL>
<BR>[Called By]<UL><LI><a href="#[cb]">&gt;&gt;</a>&nbsp;&nbsp;&nbsp;add_ready_list
<LI><a href="#[c1]">&gt;&gt;</a>&nbsp;&nbsp;&nbsp;change_internal_task_priority
</UL>

<P><STRONG><a name="[ca]"></a>add_ready_list_end</STRONG> (Thumb, 40 bytes, Stack size 16 bytes, raw_pend.o(.text))
<BR><BR>[Stack]<UL><LI>Max Depth = 28<LI>Call Chain = add_ready_list_end &rArr; bit_set
</UL>
<BR>[Calls]<UL><LI><a href="#[c9]">&gt;&gt;</a>&nbsp;&nbsp;&nbsp;bit_set
<LI><a href="#[c7]">&gt;&gt;</a>&nbsp;&nbsp;&nbsp;list_insert
</UL>
<BR>[Called By]<UL><LI><a href="#[72]">&gt;&gt;</a>&nbsp;&nbsp;&nbsp;raw_task_create
<LI><a href="#[cb]">&gt;&gt;</a>&nbsp;&nbsp;&nbsp;add_ready_list
<LI><a href="#[c1]">&gt;&gt;</a>&nbsp;&nbsp;&nbsp;change_internal_task_priority
</UL>

<P><STRONG><a name="[cb]"></a>add_ready_list</STRONG> (Thumb, 38 bytes, Stack size 16 bytes, raw_pend.o(.text))
<BR><BR>[Stack]<UL><LI>Max Depth = 44<LI>Call Chain = add_ready_list &rArr; add_ready_list_end &rArr; bit_set
</UL>
<BR>[Calls]<UL><LI><a href="#[ca]">&gt;&gt;</a>&nbsp;&nbsp;&nbsp;add_ready_list_end
<LI><a href="#[c8]">&gt;&gt;</a>&nbsp;&nbsp;&nbsp;add_ready_list_head
</UL>
<BR>[Called By]<UL><LI><a href="#[d0]">&gt;&gt;</a>&nbsp;&nbsp;&nbsp;pend_task_wake_up
<LI><a href="#[bc]">&gt;&gt;</a>&nbsp;&nbsp;&nbsp;delete_pend_obj
<LI><a href="#[124]">&gt;&gt;</a>&nbsp;&nbsp;&nbsp;tick_list_update
<LI><a href="#[115]">&gt;&gt;</a>&nbsp;&nbsp;&nbsp;raw_task_wait_abort
<LI><a href="#[10c]">&gt;&gt;</a>&nbsp;&nbsp;&nbsp;task_resume
</UL>

<P><STRONG><a name="[cc]"></a>remove_ready_list</STRONG> (Thumb, 142 bytes, Stack size 24 bytes, raw_pend.o(.text))
<BR><BR>[Stack]<UL><LI>Max Depth = 44 + In Cycle
<LI>Call Chain = remove_ready_list &rArr;  raw_printf (Cycle)
</UL>
<BR>[Calls]<UL><LI><a href="#[c]">&gt;&gt;</a>&nbsp;&nbsp;&nbsp;raw_printf
<LI><a href="#[ce]">&gt;&gt;</a>&nbsp;&nbsp;&nbsp;bit_search_first_one
<LI><a href="#[cd]">&gt;&gt;</a>&nbsp;&nbsp;&nbsp;list_delete
</UL>
<BR>[Called By]<UL><LI><a href="#[76]">&gt;&gt;</a>&nbsp;&nbsp;&nbsp;raw_sleep
<LI><a href="#[c1]">&gt;&gt;</a>&nbsp;&nbsp;&nbsp;change_internal_task_priority
<LI><a href="#[b4]">&gt;&gt;</a>&nbsp;&nbsp;&nbsp;raw_pend_object
<LI><a href="#[4f]">&gt;&gt;</a>&nbsp;&nbsp;&nbsp;task_0_process
<LI><a href="#[10e]">&gt;&gt;</a>&nbsp;&nbsp;&nbsp;raw_task_delete
<LI><a href="#[10b]">&gt;&gt;</a>&nbsp;&nbsp;&nbsp;task_suspend
</UL>

<P><STRONG><a name="[cf]"></a>move_to_ready_list_end</STRONG> (Thumb, 30 bytes, Stack size 16 bytes, raw_pend.o(.text))
<BR><BR>[Stack]<UL><LI>Max Depth = 16<LI>Call Chain = move_to_ready_list_end
</UL>
<BR>[Calls]<UL><LI><a href="#[cd]">&gt;&gt;</a>&nbsp;&nbsp;&nbsp;list_delete
<LI><a href="#[c7]">&gt;&gt;</a>&nbsp;&nbsp;&nbsp;list_insert
</UL>
<BR>[Called By]<UL><LI><a href="#[76]">&gt;&gt;</a>&nbsp;&nbsp;&nbsp;raw_sleep
<LI><a href="#[f4]">&gt;&gt;</a>&nbsp;&nbsp;&nbsp;calculate_time_slice
</UL>

<P><STRONG><a name="[eb]"></a>get_ready_task</STRONG> (Thumb, 34 bytes, Stack size 8 bytes, raw_pend.o(.text))
<BR><BR>[Stack]<UL><LI>Max Depth = 8<LI>Call Chain = get_ready_task
</UL>
<BR>[Called By]<UL><LI><a href="#[81]">&gt;&gt;</a>&nbsp;&nbsp;&nbsp;raw_finish_int
<LI><a href="#[6b]">&gt;&gt;</a>&nbsp;&nbsp;&nbsp;raw_os_start
<LI><a href="#[b5]">&gt;&gt;</a>&nbsp;&nbsp;&nbsp;raw_sched
<LI><a href="#[4f]">&gt;&gt;</a>&nbsp;&nbsp;&nbsp;task_0_process
</UL>

<P><STRONG><a name="[b8]"></a>raw_wake_object</STRONG> (Thumb, 12 bytes, Stack size 8 bytes, raw_pend.o(.text))
<BR><BR>[Stack]<UL><LI>Max Depth = 8 + In Cycle
<LI>Call Chain = raw_wake_object &rArr;  pend_task_wake_up (Cycle)
</UL>
<BR>[Calls]<UL><LI><a href="#[d0]">&gt;&gt;</a>&nbsp;&nbsp;&nbsp;pend_task_wake_up
</UL>
<BR>[Called By]<UL><LI><a href="#[8b]">&gt;&gt;</a>&nbsp;&nbsp;&nbsp;raw_mutex_put
<LI><a href="#[f5]">&gt;&gt;</a>&nbsp;&nbsp;&nbsp;semaphore_put
<LI><a href="#[c4]">&gt;&gt;</a>&nbsp;&nbsp;&nbsp;raw_task_free_mutex
<LI><a href="#[b7]">&gt;&gt;</a>&nbsp;&nbsp;&nbsp;event_set
<LI><a href="#[117]">&gt;&gt;</a>&nbsp;&nbsp;&nbsp;raw_iter_block_task
</UL>

<P><STRONG><a name="[d2]"></a>wake_send_msg</STRONG> (Thumb, 16 bytes, Stack size 16 bytes, raw_pend.o(.text))
<BR><BR>[Stack]<UL><LI>Max Depth = 224 + Unknown Stack Size
<LI>Call Chain = wake_send_msg &rArr; pend_task_wake_up &rArr; raw_printf &rArr; print &rArr; printi &rArr; prints
</UL>
<BR>[Calls]<UL><LI><a href="#[d0]">&gt;&gt;</a>&nbsp;&nbsp;&nbsp;pend_task_wake_up
</UL>
<BR>[Called By]<UL><LI><a href="#[d6]">&gt;&gt;</a>&nbsp;&nbsp;&nbsp;msg_post
</UL>

<P><STRONG><a name="[d3]"></a>wake_send_msg_size</STRONG> (Thumb, 20 bytes, Stack size 16 bytes, raw_pend.o(.text))
<BR><BR>[Stack]<UL><LI>Max Depth = 224 + Unknown Stack Size
<LI>Call Chain = wake_send_msg_size &rArr; pend_task_wake_up &rArr; raw_printf &rArr; print &rArr; printi &rArr; prints
</UL>
<BR>[Calls]<UL><LI><a href="#[d0]">&gt;&gt;</a>&nbsp;&nbsp;&nbsp;pend_task_wake_up
</UL>
<BR>[Called By]<UL><LI><a href="#[e2]">&gt;&gt;</a>&nbsp;&nbsp;&nbsp;msg_size_post
</UL>

<P><STRONG><a name="[b4]"></a>raw_pend_object</STRONG> (Thumb, 114 bytes, Stack size 24 bytes, raw_pend.o(.text))
<BR><BR>[Stack]<UL><LI>Max Depth = 68 + In Cycle
<LI>Call Chain = raw_pend_object &rArr;  raw_printf (Cycle)
</UL>
<BR>[Calls]<UL><LI><a href="#[c]">&gt;&gt;</a>&nbsp;&nbsp;&nbsp;raw_printf
<LI><a href="#[d4]">&gt;&gt;</a>&nbsp;&nbsp;&nbsp;tick_list_insert
<LI><a href="#[cc]">&gt;&gt;</a>&nbsp;&nbsp;&nbsp;remove_ready_list
<LI><a href="#[c6]">&gt;&gt;</a>&nbsp;&nbsp;&nbsp;add_to_priority_list
<LI><a href="#[c7]">&gt;&gt;</a>&nbsp;&nbsp;&nbsp;list_insert
</UL>
<BR>[Called By]<UL><LI><a href="#[8a]">&gt;&gt;</a>&nbsp;&nbsp;&nbsp;raw_mutex_get
<LI><a href="#[fb]">&gt;&gt;</a>&nbsp;&nbsp;&nbsp;raw_semaphore_get
<LI><a href="#[e4]">&gt;&gt;</a>&nbsp;&nbsp;&nbsp;raw_queue_size_receive
<LI><a href="#[dd]">&gt;&gt;</a>&nbsp;&nbsp;&nbsp;raw_queue_receive
<LI><a href="#[b2]">&gt;&gt;</a>&nbsp;&nbsp;&nbsp;raw_event_get
</UL>

<P><STRONG><a name="[bc]"></a>delete_pend_obj</STRONG> (Thumb, 126 bytes, Stack size 16 bytes, raw_pend.o(.text), UNUSED)
<BR><BR>[Calls]<UL><LI><a href="#[c]">&gt;&gt;</a>&nbsp;&nbsp;&nbsp;raw_printf
<LI><a href="#[d1]">&gt;&gt;</a>&nbsp;&nbsp;&nbsp;tick_list_remove
<LI><a href="#[cb]">&gt;&gt;</a>&nbsp;&nbsp;&nbsp;add_ready_list
<LI><a href="#[cd]">&gt;&gt;</a>&nbsp;&nbsp;&nbsp;list_delete
</UL>
<BR>[Called By]<UL><LI><a href="#[fd]">&gt;&gt;</a>&nbsp;&nbsp;&nbsp;raw_semaphore_delete
<LI><a href="#[ea]">&gt;&gt;</a>&nbsp;&nbsp;&nbsp;raw_queue_size_delete
<LI><a href="#[e0]">&gt;&gt;</a>&nbsp;&nbsp;&nbsp;raw_queue_delete
<LI><a href="#[c5]">&gt;&gt;</a>&nbsp;&nbsp;&nbsp;raw_mutex_delete
<LI><a href="#[bb]">&gt;&gt;</a>&nbsp;&nbsp;&nbsp;raw_event_delete
</UL>

<P><STRONG><a name="[d5]"></a>change_pend_list_priority</STRONG> (Thumb, 26 bytes, Stack size 16 bytes, raw_pend.o(.text))
<BR><BR>[Stack]<UL><LI>Max Depth = 48<LI>Call Chain = change_pend_list_priority &rArr; add_to_priority_list
</UL>
<BR>[Calls]<UL><LI><a href="#[cd]">&gt;&gt;</a>&nbsp;&nbsp;&nbsp;list_delete
<LI><a href="#[c6]">&gt;&gt;</a>&nbsp;&nbsp;&nbsp;add_to_priority_list
</UL>
<BR>[Called By]<UL><LI><a href="#[c1]">&gt;&gt;</a>&nbsp;&nbsp;&nbsp;change_internal_task_priority
</UL>

<P><STRONG><a name="[1ea]"></a>raw_queue_create</STRONG> (Thumb, 66 bytes, Stack size 12 bytes, raw_queue.o(.text), UNUSED)

<P><STRONG><a name="[d6]"></a>msg_post</STRONG> (Thumb, 366 bytes, Stack size 32 bytes, raw_queue.o(.text))
<BR><BR>[Stack]<UL><LI>Max Depth = 256 + Unknown Stack Size
<LI>Call Chain = msg_post &rArr; wake_send_msg &rArr; pend_task_wake_up &rArr; raw_printf &rArr; print &rArr; printi &rArr; prints
</UL>
<BR>[Calls]<UL><LI><a href="#[d7]">&gt;&gt;</a>&nbsp;&nbsp;&nbsp;is_list_empty
<LI><a href="#[d2]">&gt;&gt;</a>&nbsp;&nbsp;&nbsp;wake_send_msg
<LI><a href="#[b5]">&gt;&gt;</a>&nbsp;&nbsp;&nbsp;raw_sched
<LI><a href="#[b3]">&gt;&gt;</a>&nbsp;&nbsp;&nbsp;hybrid_int_process
<LI><a href="#[af]">&gt;&gt;</a>&nbsp;&nbsp;&nbsp;OS_CPU_SR_Save
<LI><a href="#[b0]">&gt;&gt;</a>&nbsp;&nbsp;&nbsp;OS_CPU_SR_Restore
</UL>
<BR>[Called By]<UL><LI><a href="#[db]">&gt;&gt;</a>&nbsp;&nbsp;&nbsp;raw_queue_all_post
<LI><a href="#[da]">&gt;&gt;</a>&nbsp;&nbsp;&nbsp;raw_queue_post_notify
<LI><a href="#[d9]">&gt;&gt;</a>&nbsp;&nbsp;&nbsp;raw_queue_end_post
<LI><a href="#[d8]">&gt;&gt;</a>&nbsp;&nbsp;&nbsp;raw_queue_front_post
<LI><a href="#[4e]">&gt;&gt;</a>&nbsp;&nbsp;&nbsp;int_msg_handler
</UL>

<P><STRONG><a name="[d8]"></a>raw_queue_front_post</STRONG> (Thumb, 62 bytes, Stack size 24 bytes, raw_queue.o(.text), UNUSED)
<BR><BR>[Calls]<UL><LI><a href="#[d6]">&gt;&gt;</a>&nbsp;&nbsp;&nbsp;msg_post
<LI><a href="#[ba]">&gt;&gt;</a>&nbsp;&nbsp;&nbsp;int_msg_post
</UL>

<P><STRONG><a name="[d9]"></a>raw_queue_end_post</STRONG> (Thumb, 64 bytes, Stack size 24 bytes, raw_queue.o(.text), UNUSED)
<BR><BR>[Calls]<UL><LI><a href="#[d6]">&gt;&gt;</a>&nbsp;&nbsp;&nbsp;msg_post
<LI><a href="#[ba]">&gt;&gt;</a>&nbsp;&nbsp;&nbsp;int_msg_post
</UL>

<P><STRONG><a name="[da]"></a>raw_queue_post_notify</STRONG> (Thumb, 58 bytes, Stack size 24 bytes, raw_queue.o(.text), UNUSED)
<BR><BR>[Calls]<UL><LI><a href="#[d6]">&gt;&gt;</a>&nbsp;&nbsp;&nbsp;msg_post
<LI><a href="#[ba]">&gt;&gt;</a>&nbsp;&nbsp;&nbsp;int_msg_post
</UL>

<P><STRONG><a name="[db]"></a>raw_queue_all_post</STRONG> (Thumb, 60 bytes, Stack size 24 bytes, raw_queue.o(.text), UNUSED)
<BR><BR>[Calls]<UL><LI><a href="#[d6]">&gt;&gt;</a>&nbsp;&nbsp;&nbsp;msg_post
<LI><a href="#[ba]">&gt;&gt;</a>&nbsp;&nbsp;&nbsp;int_msg_post
</UL>

<P><STRONG><a name="[dc]"></a>raw_queue_send_notify</STRONG> (Thumb, 146 bytes, Stack size 16 bytes, raw_queue.o(.text), UNUSED)
<BR><BR>[Calls]<UL><LI><a href="#[b3]">&gt;&gt;</a>&nbsp;&nbsp;&nbsp;hybrid_int_process
<LI><a href="#[af]">&gt;&gt;</a>&nbsp;&nbsp;&nbsp;OS_CPU_SR_Save
<LI><a href="#[b0]">&gt;&gt;</a>&nbsp;&nbsp;&nbsp;OS_CPU_SR_Restore
</UL>

<P><STRONG><a name="[dd]"></a>raw_queue_receive</STRONG> (Thumb, 396 bytes, Stack size 32 bytes, raw_queue.o(.text), UNUSED)
<BR><BR>[Calls]<UL><LI><a href="#[b5]">&gt;&gt;</a>&nbsp;&nbsp;&nbsp;raw_sched
<LI><a href="#[b4]">&gt;&gt;</a>&nbsp;&nbsp;&nbsp;raw_pend_object
<LI><a href="#[b3]">&gt;&gt;</a>&nbsp;&nbsp;&nbsp;hybrid_int_process
<LI><a href="#[b6]">&gt;&gt;</a>&nbsp;&nbsp;&nbsp;block_state_post_process
<LI><a href="#[af]">&gt;&gt;</a>&nbsp;&nbsp;&nbsp;OS_CPU_SR_Save
<LI><a href="#[b0]">&gt;&gt;</a>&nbsp;&nbsp;&nbsp;OS_CPU_SR_Restore
</UL>

<P><STRONG><a name="[de]"></a>raw_queue_full_check</STRONG> (Thumb, 156 bytes, Stack size 16 bytes, raw_queue.o(.text), UNUSED)
<BR><BR>[Calls]<UL><LI><a href="#[b3]">&gt;&gt;</a>&nbsp;&nbsp;&nbsp;hybrid_int_process
<LI><a href="#[af]">&gt;&gt;</a>&nbsp;&nbsp;&nbsp;OS_CPU_SR_Save
<LI><a href="#[b0]">&gt;&gt;</a>&nbsp;&nbsp;&nbsp;OS_CPU_SR_Restore
</UL>

<P><STRONG><a name="[df]"></a>raw_queue_flush</STRONG> (Thumb, 154 bytes, Stack size 16 bytes, raw_queue.o(.text), UNUSED)
<BR><BR>[Calls]<UL><LI><a href="#[b3]">&gt;&gt;</a>&nbsp;&nbsp;&nbsp;hybrid_int_process
<LI><a href="#[af]">&gt;&gt;</a>&nbsp;&nbsp;&nbsp;OS_CPU_SR_Save
<LI><a href="#[b0]">&gt;&gt;</a>&nbsp;&nbsp;&nbsp;OS_CPU_SR_Restore
</UL>

<P><STRONG><a name="[e0]"></a>raw_queue_delete</STRONG> (Thumb, 172 bytes, Stack size 16 bytes, raw_queue.o(.text), UNUSED)
<BR><BR>[Calls]<UL><LI><a href="#[d7]">&gt;&gt;</a>&nbsp;&nbsp;&nbsp;is_list_empty
<LI><a href="#[b5]">&gt;&gt;</a>&nbsp;&nbsp;&nbsp;raw_sched
<LI><a href="#[b3]">&gt;&gt;</a>&nbsp;&nbsp;&nbsp;hybrid_int_process
<LI><a href="#[bc]">&gt;&gt;</a>&nbsp;&nbsp;&nbsp;delete_pend_obj
<LI><a href="#[af]">&gt;&gt;</a>&nbsp;&nbsp;&nbsp;OS_CPU_SR_Save
<LI><a href="#[b0]">&gt;&gt;</a>&nbsp;&nbsp;&nbsp;OS_CPU_SR_Restore
</UL>

<P><STRONG><a name="[e1]"></a>raw_queue_get_information</STRONG> (Thumb, 188 bytes, Stack size 24 bytes, raw_queue.o(.text), UNUSED)
<BR><BR>[Calls]<UL><LI><a href="#[b3]">&gt;&gt;</a>&nbsp;&nbsp;&nbsp;hybrid_int_process
<LI><a href="#[af]">&gt;&gt;</a>&nbsp;&nbsp;&nbsp;OS_CPU_SR_Save
<LI><a href="#[b0]">&gt;&gt;</a>&nbsp;&nbsp;&nbsp;OS_CPU_SR_Restore
</UL>

<P><STRONG><a name="[138]"></a>raw_queue_size_create</STRONG> (Thumb, 86 bytes, Stack size 16 bytes, raw_queue_size.o(.text))
[...]
</UL>

<P><STRONG><a name="[d0]"></a>pend_task_wake_up</STRONG> (Thumb, 124 bytes, Stack size 16 bytes, raw_pend.o(.text))
<BR><BR>[Stack]<UL><LI>Max Depth = 208 + Unknown Stack Size
<LI>Call Chain = pend_task_wake_up &rArr; raw_printf &rArr; print &rArr; printi &rArr; prints
</UL>
<BR>[Calls]<UL><LI><a href="#[c]">&gt;&gt;</a>&nbsp;&nbsp;&nbsp;raw_printf
<LI><a href="#[d1]">&gt;&gt;</a>&nbsp;&nbsp;&nbsp;tick_list_remove
<LI><a href="#[cb]">&gt;&gt;</a>&nbsp;&nbsp;&nbsp;add_ready_list
<LI><a href="#[cd]">&gt;&gt;</a>&nbsp;&nbsp;&nbsp;list_delete
</UL>
<BR>[Called By]<UL><LI><a href="#[d3]">&gt;&gt;</a>&nbsp;&nbsp;&nbsp;wake_send_msg_size
<LI><a href="#[d2]">&gt;&gt;</a>&nbsp;&nbsp;&nbsp;wake_send_msg
<LI><a href="#[b8]">&gt;&gt;</a>&nbsp;&nbsp;&nbsp;raw_wake_object
</UL>

<P><STRONG><a name="[cd]"></a>list_delete</STRONG> (Thumb, 14 bytes, Stack size 0 bytes, raw_pend.o(.text))
<BR><BR>[Called By]<UL><LI><a href="#[d5]">&gt;&gt;</a>&nbsp;&nbsp;&nbsp;change_pend_list_priority
<LI><a href="#[cf]">&gt;&gt;</a>&nbsp;&nbsp;&nbsp;move_to_ready_list_end
<LI><a href="#[cc]">&gt;&gt;</a>&nbsp;&nbsp;&nbsp;remove_ready_list
<LI><a href="#[d0]">&gt;&gt;</a>&nbsp;&nbsp;&nbsp;pend_task_wake_up
<LI><a href="#[bc]">&gt;&gt;</a>&nbsp;&nbsp;&nbsp;delete_pend_obj
</UL>

<P><STRONG><a name="[d7]"></a>is_list_empty</STRONG> (Thumb, 16 bytes, Stack size 0 bytes, raw_queue.o(.text))
<BR><BR>[Called By]<UL><LI><a href="#[e0]">&gt;&gt;</a>&nbsp;&nbsp;&nbsp;raw_queue_delete
<LI><a href="#[d6]">&gt;&gt;</a>&nbsp;&nbsp;&nbsp;msg_post
</UL>

<P><STRONG><a name="[e3]"></a>is_list_empty</STRONG> (Thumb, 16 bytes, Stack size 0 bytes, raw_queue_size.o(.text))
<BR><BR>[Called By]<UL><LI><a href="#[ea]">&gt;&gt;</a>&nbsp;&nbsp;&nbsp;raw_queue_size_delete
<LI><a href="#[e2]">&gt;&gt;</a>&nbsp;&nbsp;&nbsp;msg_size_post
</UL>

<P><STRONG><a name="[f6]"></a>is_list_empty</STRONG> (Thumb, 16 bytes, Stack size 0 bytes, raw_sem.o(.text))
<BR><BR>[Called By]<UL><LI><a href="#[fd]">&gt;&gt;</a>&nbsp;&nbsp;&nbsp;raw_semaphore_delete
<LI><a href="#[fc]">&gt;&gt;</a>&nbsp;&nbsp;&nbsp;raw_semaphore_set
<LI><a href="#[f5]">&gt;&gt;</a>&nbsp;&nbsp;&nbsp;semaphore_put
</UL>

<P><STRONG><a name="[10f]"></a>list_delete</STRONG> (Thumb, 14 bytes, Stack size 0 bytes, raw_task.o(.text), UNUSED)
<BR><BR>[Called By]<UL><LI><a href="#[115]">&gt;&gt;</a>&nbsp;&nbsp;&nbsp;raw_task_wait_abort
<LI><a href="#[10e]">&gt;&gt;</a>&nbsp;&nbsp;&nbsp;raw_task_delete
</UL>

<P><STRONG><a name="[50]"></a>task_0_tick_handler</STRONG> (Thumb, 30 bytes, Stack size 16 bytes, raw_task_0.o(.text))
<BR><BR>[Stack]<UL><LI>Max Depth = 128 + Unknown Stack Size
<LI>Call Chain = task_0_tick_handler &rArr; raw_task_semaphore_put &rArr; raw_semaphore_put &rArr; int_msg_post &rArr; raw_task_0_post &rArr; task_0_post
</UL>
<BR>[Calls]<UL><LI><a href="#[f4]">&gt;&gt;</a>&nbsp;&nbsp;&nbsp;calculate_time_slice
<LI><a href="#[101]">&gt;&gt;</a>&nbsp;&nbsp;&nbsp;raw_tick_hook
<LI><a href="#[102]">&gt;&gt;</a>&nbsp;&nbsp;&nbsp;raw_task_semaphore_put
<LI><a href="#[103]">&gt;&gt;</a>&nbsp;&nbsp;&nbsp;call_timer_task
</UL>
<BR>[Address Reference Count : 1]<UL><LI> raw_task_0.o(.text)
</UL>
<P><STRONG><a name="[118]"></a>task_0_post</STRONG> (Thumb, 192 bytes, Stack size 32 bytes, raw_task_0.o(.text))
<BR><BR>[Stack]<UL><LI>Max Depth = 32 + Unknown Stack Size
<LI>Call Chain = task_0_post
</UL>
<BR>[Calls]<UL><LI><a href="#[af]">&gt;&gt;</a>&nbsp;&nbsp;&nbsp;OS_CPU_SR_Save
<LI><a href="#[b0]">&gt;&gt;</a>&nbsp;&nbsp;&nbsp;OS_CPU_SR_Restore
</UL>
<BR>[Called By]<UL><LI><a href="#[11b]">&gt;&gt;</a>&nbsp;&nbsp;&nbsp;raw_task_0_front_post
<LI><a href="#[119]">&gt;&gt;</a>&nbsp;&nbsp;&nbsp;raw_task_0_post
</UL>

<P><STRONG><a name="[4f]"></a>task_0_process</STRONG> (Thumb, 160 bytes, Stack size 0 bytes, raw_task_0.o(.text))
<BR><BR>[Stack]<UL><LI>Max Depth = 44 + Unknown Stack Size
<LI>Call Chain = task_0_process &rArr; remove_ready_list &rArr;  raw_printf (Cycle)
</UL>
<BR>[Calls]<UL><LI><a href="#[ec]">&gt;&gt;</a>&nbsp;&nbsp;&nbsp;port_task_switch
<LI><a href="#[eb]">&gt;&gt;</a>&nbsp;&nbsp;&nbsp;get_ready_task
<LI><a href="#[cc]">&gt;&gt;</a>&nbsp;&nbsp;&nbsp;remove_ready_list
<LI><a href="#[af]">&gt;&gt;</a>&nbsp;&nbsp;&nbsp;OS_CPU_SR_Save
<LI><a href="#[b0]">&gt;&gt;</a>&nbsp;&nbsp;&nbsp;OS_CPU_SR_Restore
</UL>
<BR>[Address Reference Count : 1]<UL><LI> raw_task_0.o(.text)
</UL>
<P><STRONG><a name="[4e]"></a>int_msg_handler</STRONG> (Thumb, 278 bytes, Stack size 32 bytes, raw_task_0.o(.text))
<BR><BR>[Stack]<UL><LI>Max Depth = 296 + Unknown Stack Size
<LI>Call Chain = int_msg_handler &rArr; msg_size_post &rArr; wake_send_msg_size &rArr; pend_task_wake_up &rArr; raw_printf &rArr; print &rArr; printi &rArr; prints
</UL>
<BR>[Calls]<UL><LI><a href="#[c]">&gt;&gt;</a>&nbsp;&nbsp;&nbsp;raw_printf
<LI><a href="#[f5]">&gt;&gt;</a>&nbsp;&nbsp;&nbsp;semaphore_put
<LI><a href="#[e2]">&gt;&gt;</a>&nbsp;&nbsp;&nbsp;msg_size_post
<LI><a href="#[d6]">&gt;&gt;</a>&nbsp;&nbsp;&nbsp;msg_post
<LI><a href="#[b7]">&gt;&gt;</a>&nbsp;&nbsp;&nbsp;event_set
<LI><a href="#[af]">&gt;&gt;</a>&nbsp;&nbsp;&nbsp;OS_CPU_SR_Save
<LI><a href="#[b0]">&gt;&gt;</a>&nbsp;&nbsp;&nbsp;OS_CPU_SR_Restore
<LI><a href="#[10c]">&gt;&gt;</a>&nbsp;&nbsp;&nbsp;task_resume
<LI><a href="#[10b]">&gt;&gt;</a>&nbsp;&nbsp;&nbsp;task_suspend
</UL>
<BR>[Address Reference Count : 1]<UL><LI> raw_task_0.o(.text)
</UL>
<P><STRONG><a name="[11c]"></a>int_msg_init</STRONG> (Thumb, 52 bytes, Stack size 16 bytes, raw_task_0.o(.text))
<BR><BR>[Stack]<UL><LI>Max Depth = 36<LI>Call Chain = int_msg_init &rArr; raw_memset
</UL>
<BR>[Calls]<UL><LI><a href="#[105]">&gt;&gt;</a>&nbsp;&nbsp;&nbsp;raw_memset
</UL>
<BR>[Called By]<UL><LI><a href="#[f1]">&gt;&gt;</a>&nbsp;&nbsp;&nbsp;raw_task_0_init
</UL>

<P><STRONG><a name="[51]"></a>tick_task_process</STRONG> (Thumb, 28 bytes, Stack size 0 bytes, raw_tick.o(.text))
<BR><BR>[Stack]<UL><LI>Max Depth = 224 + Unknown Stack Size
<LI>Call Chain = tick_task_process &rArr; tick_list_update &rArr; raw_printf &rArr; print &rArr; printi &rArr; prints
</UL>
<BR>[Calls]<UL><LI><a href="#[124]">&gt;&gt;</a>&nbsp;&nbsp;&nbsp;tick_list_update
<LI><a href="#[11f]">&gt;&gt;</a>&nbsp;&nbsp;&nbsp;raw_task_semaphore_get
</UL>
<BR>[Address Reference Count : 1]<UL><LI> raw_tick.o(.text)
</UL>
<P><STRONG><a name="[123]"></a>list_delete</STRONG> (Thumb, 14 bytes, Stack size 0 bytes, raw_tick.o(.text))
<BR><BR>[Called By]<UL><LI><a href="#[d1]">&gt;&gt;</a>&nbsp;&nbsp;&nbsp;tick_list_remove
<LI><a href="#[124]">&gt;&gt;</a>&nbsp;&nbsp;&nbsp;tick_list_update
</UL>

<P><STRONG><a name="[122]"></a>tick_list_priority_insert</STRONG> (Thumb, 76 bytes, Stack size 20 bytes, raw_tick.o(.text))
<BR><BR>[Stack]<UL><LI>Max Depth = 20<LI>Call Chain = tick_list_priority_insert
</UL>
<BR>[Called By]<UL><LI><a href="#[d4]">&gt;&gt;</a>&nbsp;&nbsp;&nbsp;tick_list_insert
</UL>

<P><STRONG><a name="[125]"></a>timer_list_init</STRONG> (Thumb, 10 bytes, Stack size 8 bytes, raw_timer.o(.text))
<BR><BR>[Stack]<UL><LI>Max Depth = 8<LI>Call Chain = timer_list_init
</UL>
<BR>[Calls]<UL><LI><a href="#[126]">&gt;&gt;</a>&nbsp;&nbsp;&nbsp;list_init
</UL>
<BR>[Called By]<UL><LI><a href="#[f0]">&gt;&gt;</a>&nbsp;&nbsp;&nbsp;raw_timer_init
</UL>

<P><STRONG><a name="[128]"></a>timer_list_priority_insert</STRONG> (Thumb, 62 bytes, Stack size 20 bytes, raw_timer.o(.text))
<BR><BR>[Stack]<UL><LI>Max Depth = 20<LI>Call Chain = timer_list_priority_insert
</UL>
<BR>[Called By]<UL><LI><a href="#[12e]">&gt;&gt;</a>&nbsp;&nbsp;&nbsp;timer_task
<LI><a href="#[127]">&gt;&gt;</a>&nbsp;&nbsp;&nbsp;raw_timer_activate
</UL>

<P><STRONG><a name="[12c]"></a>timer_list_remove</STRONG> (Thumb, 26 bytes, Stack size 0 bytes, raw_timer.o(.text))
<BR><BR>[Called By]<UL><LI><a href="#[12e]">&gt;&gt;</a>&nbsp;&nbsp;&nbsp;timer_task
<LI><a href="#[12d]">&gt;&gt;</a>&nbsp;&nbsp;&nbsp;raw_timer_delete
<LI><a href="#[12b]">&gt;&gt;</a>&nbsp;&nbsp;&nbsp;raw_timer_deactivate
</UL>

<P><STRONG><a name="[126]"></a>list_init</STRONG> (Thumb, 6 bytes, Stack size 0 bytes, raw_timer.o(.text))
<BR><BR>[Called By]<UL><LI><a href="#[129]">&gt;&gt;</a>&nbsp;&nbsp;&nbsp;raw_timer_create
<LI><a href="#[125]">&gt;&gt;</a>&nbsp;&nbsp;&nbsp;timer_list_init
</UL>

<P><STRONG><a name="[132]"></a>printchar</STRONG> (Thumb, 40 bytes, Stack size 0 bytes, simple_printf.o(.text))
<BR><BR>[Called By]<UL><LI><a href="#[134]">&gt;&gt;</a>&nbsp;&nbsp;&nbsp;print
<LI><a href="#[133]">&gt;&gt;</a>&nbsp;&nbsp;&nbsp;printi
<LI><a href="#[131]">&gt;&gt;</a>&nbsp;&nbsp;&nbsp;prints
</UL>

<P><STRONG><a name="[131]"></a>prints</STRONG> (Thumb, 128 bytes, Stack size 32 bytes, simple_printf.o(.text))
<BR><BR>[Stack]<UL><LI>Max Depth = 32<LI>Call Chain = prints
</UL>
<BR>[Calls]<UL><LI><a href="#[132]">&gt;&gt;</a>&nbsp;&nbsp;&nbsp;printchar
</UL>
<BR>[Called By]<UL><LI><a href="#[134]">&gt;&gt;</a>&nbsp;&nbsp;&nbsp;print
<LI><a href="#[133]">&gt;&gt;</a>&nbsp;&nbsp;&nbsp;printi
</UL>

<P><STRONG><a name="[133]"></a>printi</STRONG> (Thumb, 186 bytes, Stack size 72 bytes, simple_printf.o(.text))
<BR><BR>[Stack]<UL><LI>Max Depth = 104<LI>Call Chain = printi &rArr; prints
</UL>
<BR>[Calls]<UL><LI><a href="#[131]">&gt;&gt;</a>&nbsp;&nbsp;&nbsp;prints
<LI><a href="#[132]">&gt;&gt;</a>&nbsp;&nbsp;&nbsp;printchar
</UL>
<BR>[Called By]<UL><LI><a href="#[134]">&gt;&gt;</a>&nbsp;&nbsp;&nbsp;print
</UL>

<P><STRONG><a name="[134]"></a>print</STRONG> (Thumb, 368 bytes, Stack size 56 bytes, simple_printf.o(.text))
<BR><BR>[Stack]<UL><LI>Max Depth = 160<LI>Call Chain = print &rArr; printi &rArr; prints
</UL>
<BR>[Calls]<UL><LI><a href="#[133]">&gt;&gt;</a>&nbsp;&nbsp;&nbsp;printi
<LI><a href="#[131]">&gt;&gt;</a>&nbsp;&nbsp;&nbsp;prints
<LI><a href="#[132]">&gt;&gt;</a>&nbsp;&nbsp;&nbsp;printchar
</UL>
<BR>[Called By]<UL><LI><a href="#[c]">&gt;&gt;</a>&nbsp;&nbsp;&nbsp;raw_printf
<LI><a href="#[136]">&gt;&gt;</a>&nbsp;&nbsp;&nbsp;raw_snprintf
<LI><a href="#[135]">&gt;&gt;</a>&nbsp;&nbsp;&nbsp;raw_sprintf
</UL>

<P><STRONG><a name="[13b]"></a>copy2buf</STRONG> (Thumb, 38 bytes, Stack size 16 bytes, serial_fifo.o(.text))
<BR><BR>[Stack]<UL><LI>Max Depth = 16<LI>Call Chain = copy2buf
</UL>
<BR>[Called By]<UL><LI><a href="#[91]">&gt;&gt;</a>&nbsp;&nbsp;&nbsp;serial_read_noblock
</UL>

<P><STRONG><a name="[13a]"></a>serial_fifo_cache_refresh</STRONG> (Thumb, 98 bytes, Stack size 32 bytes, serial_fifo.o(.text))
<BR><BR>[Stack]<UL><LI>Max Depth = 132 + Unknown Stack Size
<LI>Call Chain = serial_fifo_cache_refresh &rArr; raw_queue_size_receive &rArr; raw_pend_object &rArr;  raw_printf (Cycle)
</UL>
<BR>[Calls]<UL><LI><a href="#[e4]">&gt;&gt;</a>&nbsp;&nbsp;&nbsp;raw_queue_size_receive
<LI><a href="#[b1]">&gt;&gt;</a>&nbsp;&nbsp;&nbsp;raw_block_release
</UL>
<BR>[Called By]<UL><LI><a href="#[91]">&gt;&gt;</a>&nbsp;&nbsp;&nbsp;serial_read_noblock
<LI><a href="#[13d]">&gt;&gt;</a>&nbsp;&nbsp;&nbsp;serial_fifo_flush
</UL>

<P><STRONG><a name="[8]"></a>cli_putc</STRONG> (Thumb, 26 bytes, Stack size 0 bytes, cli_port.o(.text))
<BR>[Address Reference Count : 1]<UL><LI> cli_port.o(.data)
</UL>
<P><STRONG><a name="[9]"></a>cli_puts</STRONG> (Thumb, 24 bytes, Stack size 16 bytes, cli_port.o(.text))
<BR><BR>[Stack]<UL><LI>Max Depth = 240 + Unknown Stack Size
<LI>Call Chain = cli_puts &rArr; debug_write &rArr; raw_printf &rArr; print &rArr; printi &rArr; prints
</UL>
<BR>[Calls]<UL><LI><a href="#[89]">&gt;&gt;</a>&nbsp;&nbsp;&nbsp;debug_write
<LI><a href="#[146]">&gt;&gt;</a>&nbsp;&nbsp;&nbsp;strlen
</UL>
<BR>[Address Reference Count : 1]<UL><LI> cli_port.o(.data)
</UL>
<P><STRONG><a name="[a]"></a>cli_putnstr</STRONG> (Thumb, 18 bytes, Stack size 16 bytes, cli_port.o(.text))
<BR><BR>[Stack]<UL><LI>Max Depth = 240 + Unknown Stack Size
<LI>Call Chain = cli_putnstr &rArr; debug_write &rArr; raw_printf &rArr; print &rArr; printi &rArr; prints
</UL>
<BR>[Calls]<UL><LI><a href="#[89]">&gt;&gt;</a>&nbsp;&nbsp;&nbsp;debug_write
</UL>
<BR>[Address Reference Count : 1]<UL><LI> cli_port.o(.data)
</UL>
<P><STRONG><a name="[b]"></a>cli_getc</STRONG> (Thumb, 16 bytes, Stack size 8 bytes, cli_port.o(.text))
<BR><BR>[Stack]<UL><LI>Max Depth = 212 + Unknown Stack Size
<LI>Call Chain = cli_getc &rArr; debug_read &rArr; serial_read &rArr; serial_read_noblock &rArr; serial_fifo_cache_refresh &rArr; raw_queue_size_receive &rArr; raw_pend_object &rArr;  raw_printf (Cycle)
</UL>
<BR>[Calls]<UL><LI><a href="#[8c]">&gt;&gt;</a>&nbsp;&nbsp;&nbsp;debug_read
</UL>
<BR>[Address Reference Count : 1]<UL><LI> cli_port.o(.data)
</UL>
<P><STRONG><a name="[159]"></a>hist_init</STRONG> (Thumb, 60 bytes, Stack size 0 bytes, cli_readline.o(.text))
<BR><BR>[Called By]<UL><LI><a href="#[158]">&gt;&gt;</a>&nbsp;&nbsp;&nbsp;cli_readline_into_buffer
</UL>

<P><STRONG><a name="[14f]"></a>cread_add_to_hist</STRONG> (Thumb, 70 bytes, Stack size 8 bytes, cli_readline.o(.text))
<BR><BR>[Stack]<UL><LI>Max Depth = 20<LI>Call Chain = cread_add_to_hist &rArr; strcpy
</UL>
<BR>[Calls]<UL><LI><a href="#[150]">&gt;&gt;</a>&nbsp;&nbsp;&nbsp;strcpy
</UL>
<BR>[Called By]<UL><LI><a href="#[154]">&gt;&gt;</a>&nbsp;&nbsp;&nbsp;cread_line
</UL>

<P><STRONG><a name="[155]"></a>hist_prev</STRONG> (Thumb, 66 bytes, Stack size 0 bytes, cli_readline.o(.text))
<BR><BR>[Called By]<UL><LI><a href="#[154]">&gt;&gt;</a>&nbsp;&nbsp;&nbsp;cread_line
</UL>

<P><STRONG><a name="[156]"></a>hist_next</STRONG> (Thumb, 82 bytes, Stack size 0 bytes, cli_readline.o(.text))
<BR><BR>[Called By]<UL><LI><a href="#[154]">&gt;&gt;</a>&nbsp;&nbsp;&nbsp;cread_line
</UL>

<P><STRONG><a name="[151]"></a>cread_add_char</STRONG> (Thumb, 176 bytes, Stack size 32 bytes, cli_readline.o(.text))
<BR><BR>[Stack]<UL><LI>Max Depth = 32<LI>Call Chain = cread_add_char
</UL>
<BR>[Calls]<UL><LI><a href="#[152]">&gt;&gt;</a>&nbsp;&nbsp;&nbsp;__aeabi_memmove
</UL>
<BR>[Called By]<UL><LI><a href="#[154]">&gt;&gt;</a>&nbsp;&nbsp;&nbsp;cread_line
<LI><a href="#[153]">&gt;&gt;</a>&nbsp;&nbsp;&nbsp;cread_add_str
</UL>

<P><STRONG><a name="[153]"></a>cread_add_str</STRONG> (Thumb, 52 bytes, Stack size 40 bytes, cli_readline.o(.text))
<BR><BR>[Stack]<UL><LI>Max Depth = 72<LI>Call Chain = cread_add_str &rArr; cread_add_char
</UL>
<BR>[Calls]<UL><LI><a href="#[151]">&gt;&gt;</a>&nbsp;&nbsp;&nbsp;cread_add_char
</UL>
<BR>[Called By]<UL><LI><a href="#[154]">&gt;&gt;</a>&nbsp;&nbsp;&nbsp;cread_line
</UL>

<P><STRONG><a name="[154]"></a>cread_line</STRONG> (Thumb, 1336 bytes, Stack size 88 bytes, cli_readline.o(.text))
<BR><BR>[Stack]<UL><LI>Max Depth = 416 + Unknown Stack Size
<LI>Call Chain = cread_line &rArr; cmd_auto_complete &rArr; complete_cmdv &rArr; find_cmd &rArr; find_cmd_tbl &rArr; strncmp
</UL>
<BR>[Calls]<UL><LI><a href="#[76]">&gt;&gt;</a>&nbsp;&nbsp;&nbsp;raw_sleep
<LI><a href="#[152]">&gt;&gt;</a>&nbsp;&nbsp;&nbsp;__aeabi_memmove
<LI><a href="#[146]">&gt;&gt;</a>&nbsp;&nbsp;&nbsp;strlen
<LI><a href="#[150]">&gt;&gt;</a>&nbsp;&nbsp;&nbsp;strcpy
<LI><a href="#[157]">&gt;&gt;</a>&nbsp;&nbsp;&nbsp;cmd_auto_complete
<LI><a href="#[153]">&gt;&gt;</a>&nbsp;&nbsp;&nbsp;cread_add_str
<LI><a href="#[151]">&gt;&gt;</a>&nbsp;&nbsp;&nbsp;cread_add_char
<LI><a href="#[156]">&gt;&gt;</a>&nbsp;&nbsp;&nbsp;hist_next
<LI><a href="#[155]">&gt;&gt;</a>&nbsp;&nbsp;&nbsp;hist_prev
<LI><a href="#[14f]">&gt;&gt;</a>&nbsp;&nbsp;&nbsp;cread_add_to_hist
<LI><a href="#[14b]">&gt;&gt;</a>&nbsp;&nbsp;&nbsp;tstc
</UL>
<BR>[Called By]<UL><LI><a href="#[158]">&gt;&gt;</a>&nbsp;&nbsp;&nbsp;cli_readline_into_buffer
</UL>

<P><STRONG><a name="[160]"></a>bootretry_reset_cmd_timeout</STRONG> (Thumb, 2 bytes, Stack size 0 bytes, cli_simple.o(.text))
<BR><BR>[Called By]<UL><LI><a href="#[14a]">&gt;&gt;</a>&nbsp;&nbsp;&nbsp;cli_simple_loop
</UL>

<P><STRONG><a name="[15b]"></a>process_macros</STRONG> (Thumb, 324 bytes, Stack size 120 bytes, cli_simple.o(.text))
<BR><BR>[Stack]<UL><LI>Max Depth = 128<LI>Call Chain = process_macros &rArr; strlen
</UL>
<BR>[Calls]<UL><LI><a href="#[146]">&gt;&gt;</a>&nbsp;&nbsp;&nbsp;strlen
</UL>
<BR>[Called By]<UL><LI><a href="#[143]">&gt;&gt;</a>&nbsp;&nbsp;&nbsp;cli_simple_run_command
</UL>

<P><STRONG><a name="[d]"></a>do_help</STRONG> (Thumb, 44 bytes, Stack size 40 bytes, cmds.o(.text))
<BR><BR>[Stack]<UL><LI>Max Depth = 328 + Unknown Stack Size
<LI>Call Chain = do_help &rArr; _do_help &rArr; ctrlc &rArr; tstc &rArr; debug_cahce_empty &rArr; raw_printf &rArr; print &rArr; printi &rArr; prints
</UL>
<BR>[Calls]<UL><LI><a href="#[163]">&gt;&gt;</a>&nbsp;&nbsp;&nbsp;_do_help
<LI><a href="#[161]">&gt;&gt;</a>&nbsp;&nbsp;&nbsp;__ll_entry_start
<LI><a href="#[162]">&gt;&gt;</a>&nbsp;&nbsp;&nbsp;__ll_entry_count
</UL>
<BR>[Address Reference Count : 1]<UL><LI> cmds.o(.data)
</UL>
<P><STRONG><a name="[e]"></a>do_reboot</STRONG> (Thumb, 30 bytes, Stack size 0 bytes, cmds.o(.text))
<BR>[Address Reference Count : 1]<UL><LI> cmds.o(.data)
</UL>
<P><STRONG><a name="[f]"></a>do_stack</STRONG> (Thumb, 68 bytes, Stack size 48 bytes, cmds.o(.text))
<BR><BR>[Stack]<UL><LI>Max Depth = 240 + Unknown Stack Size
<LI>Call Chain = do_stack &rArr; raw_printf &rArr; print &rArr; printi &rArr; prints
</UL>
<BR>[Calls]<UL><LI><a href="#[c]">&gt;&gt;</a>&nbsp;&nbsp;&nbsp;raw_printf
<LI><a href="#[164]">&gt;&gt;</a>&nbsp;&nbsp;&nbsp;raw_task_stack_check
</UL>
<BR>[Address Reference Count : 1]<UL><LI> cmds.o(.data)
</UL>
<P><STRONG><a name="[10]"></a>do_date</STRONG> (Thumb, 64 bytes, Stack size 64 bytes, cmds.o(.text))
<BR><BR>[Stack]<UL><LI>Max Depth = 256 + Unknown Stack Size
<LI>Call Chain = do_date &rArr; raw_printf &rArr; print &rArr; printi &rArr; prints
</UL>
<BR>[Calls]<UL><LI><a href="#[c]">&gt;&gt;</a>&nbsp;&nbsp;&nbsp;raw_printf
<LI><a href="#[165]">&gt;&gt;</a>&nbsp;&nbsp;&nbsp;__aeabi_memcpy4
</UL>
<BR>[Address Reference Count : 1]<UL><LI> cmds.o(.data)
</UL>
<P><STRONG><a name="[168]"></a>complete_cmdv</STRONG> (Thumb, 302 bytes, Stack size 72 bytes, command.o(.text))
<BR><BR>[Stack]<UL><LI>Max Depth = 144<LI>Call Chain = complete_cmdv &rArr; find_cmd &rArr; find_cmd_tbl &rArr; strncmp
</UL>
<BR>[Calls]<UL><LI><a href="#[146]">&gt;&gt;</a>&nbsp;&nbsp;&nbsp;strlen
<LI><a href="#[169]">&gt;&gt;</a>&nbsp;&nbsp;&nbsp;memcmp
<LI><a href="#[147]">&gt;&gt;</a>&nbsp;&nbsp;&nbsp;strchr
<LI><a href="#[167]">&gt;&gt;</a>&nbsp;&nbsp;&nbsp;find_cmd
<LI><a href="#[161]">&gt;&gt;</a>&nbsp;&nbsp;&nbsp;__ll_entry_start
<LI><a href="#[162]">&gt;&gt;</a>&nbsp;&nbsp;&nbsp;__ll_entry_count
</UL>
<BR>[Called By]<UL><LI><a href="#[157]">&gt;&gt;</a>&nbsp;&nbsp;&nbsp;cmd_auto_complete
</UL>

<P><STRONG><a name="[16d]"></a>make_argv</STRONG> (Thumb, 86 bytes, Stack size 12 bytes, command.o(.text))
<BR><BR>[Stack]<UL><LI>Max Depth = 12<LI>Call Chain = make_argv
</UL>
<BR>[Called By]<UL><LI><a href="#[157]">&gt;&gt;</a>&nbsp;&nbsp;&nbsp;cmd_auto_complete
</UL>

<P><STRONG><a name="[16a]"></a>print_argv</STRONG> (Thumb, 150 bytes, Stack size 40 bytes, command.o(.text))
<BR><BR>[Stack]<UL><LI>Max Depth = 48<LI>Call Chain = print_argv &rArr; strlen
</UL>
<BR>[Calls]<UL><LI><a href="#[146]">&gt;&gt;</a>&nbsp;&nbsp;&nbsp;strlen
</UL>
<BR>[Called By]<UL><LI><a href="#[157]">&gt;&gt;</a>&nbsp;&nbsp;&nbsp;cmd_auto_complete
</UL>

<P><STRONG><a name="[16b]"></a>find_common_prefix</STRONG> (Thumb, 78 bytes, Stack size 32 bytes, command.o(.text))
<BR><BR>[Stack]<UL><LI>Max Depth = 40<LI>Call Chain = find_common_prefix &rArr; strlen
</UL>
<BR>[Calls]<UL><LI><a href="#[146]">&gt;&gt;</a>&nbsp;&nbsp;&nbsp;strlen
</UL>
<BR>[Called By]<UL><LI><a href="#[157]">&gt;&gt;</a>&nbsp;&nbsp;&nbsp;cmd_auto_complete
</UL>

<P><STRONG><a name="[16f]"></a>cmd_call</STRONG> (Thumb, 34 bytes, Stack size 24 bytes, command.o(.text))
<BR><BR>[Stack]<UL><LI>Max Depth = 24<LI>Call Chain = cmd_call
</UL>
<BR>[Called By]<UL><LI><a href="#[15e]">&gt;&gt;</a>&nbsp;&nbsp;&nbsp;cmd_process
</UL>

<P><STRONG><a name="[16e]"></a>get_timer</STRONG> (Thumb, 16 bytes, Stack size 0 bytes, command.o(.text))
<BR><BR>[Called By]<UL><LI><a href="#[15e]">&gt;&gt;</a>&nbsp;&nbsp;&nbsp;cmd_process
</UL>
<P>
<H3>
Undefined Global Symbols
</H3><HR></body></html>
