<!doctype html public "-//w3c//dtd html 4.0 transitional//en">
<html><head>
<title>Static Call Graph - [.\obj\stm32f103.axf]</title></head>
<body><HR>
<H1>Static Call Graph for image .\obj\stm32f103.axf</H1><HR>
<BR><P>#&#060CALLGRAPH&#062# ARM Linker, 5060061: Last Updated: Sat Dec 26 22:55:21 2015
<BR><P>
<H3>Maximum Stack Usage =        460 bytes + Unknown(Functions without stacksize, Cycles, Untraceable Function Pointers)</H3><H3>
Call chain for Maximum Stack Depth:</H3>
debug_shell_task &rArr; cli_loop &rArr; cli_simple_loop &rArr; cli_readline &rArr; cli_readline_into_buffer &rArr; cread_line &rArr; cmd_auto_complete &rArr; complete_cmdv &rArr; find_cmd &rArr; find_cmd_tbl &rArr; strncmp
<P>
<H3>
Functions with no stack information
</H3><UL>
 <LI><a href="#[ab]">OS_CPU_SR_Save</a>
 <LI><a href="#[ad]">OS_CPU_SR_Restore</a>
 <LI><a href="#[13c]">CPU_IntDis</a>
 <LI><a href="#[13d]">CPU_IntEn</a>
 <LI><a href="#[10c]">raw_start_first_task</a>
 <LI><a href="#[112]">port_task_switch</a>
 <LI><a href="#[102]">raw_int_switch</a>
 <LI><a href="#[8]">PendSV_Handler</a>
</UL>
</UL>
<P>
<H3>
Mutually Recursive functions
</H3> <LI><a href="#[3]">MemManage_Handler</a>&nbsp;&nbsp;&nbsp;&rArr;&nbsp;&nbsp;&nbsp;<a href="#[3]">MemManage_Handler</a><BR>
 <LI><a href="#[4]">BusFault_Handler</a>&nbsp;&nbsp;&nbsp;&rArr;&nbsp;&nbsp;&nbsp;<a href="#[4]">BusFault_Handler</a><BR>
 <LI><a href="#[5]">UsageFault_Handler</a>&nbsp;&nbsp;&nbsp;&rArr;&nbsp;&nbsp;&nbsp;<a href="#[5]">UsageFault_Handler</a><BR>
 <LI><a href="#[6]">SVC_Handler</a>&nbsp;&nbsp;&nbsp;&rArr;&nbsp;&nbsp;&nbsp;<a href="#[6]">SVC_Handler</a><BR>
 <LI><a href="#[7]">DebugMon_Handler</a>&nbsp;&nbsp;&nbsp;&rArr;&nbsp;&nbsp;&nbsp;<a href="#[7]">DebugMon_Handler</a><BR>
 <LI><a href="#[1c]">ADC1_2_IRQHandler</a>&nbsp;&nbsp;&nbsp;&rArr;&nbsp;&nbsp;&nbsp;<a href="#[1c]">ADC1_2_IRQHandler</a><BR>
 <LI><a href="#[b3]">mtx_chg_pri</a>&nbsp;&nbsp;&nbsp;&rArr;&nbsp;&nbsp;&nbsp;<a href="#[b0]">change_internal_task_priority</a><BR>
 <LI><a href="#[f6]">release_mutex</a>&nbsp;&nbsp;&nbsp;&rArr;&nbsp;&nbsp;&nbsp;<a href="#[b0]">change_internal_task_priority</a><BR>
</UL>
<P>
<H3>
Function Pointers
</H3><UL>
 <LI><a href="#[1c]">ADC1_2_IRQHandler</a> from startup_stm32f10x_hd.o(.text) referenced from startup_stm32f10x_hd.o(RESET)
 <LI><a href="#[39]">ADC3_IRQHandler</a> from startup_stm32f10x_hd.o(.text) referenced from startup_stm32f10x_hd.o(RESET)
 <LI><a href="#[4]">BusFault_Handler</a> from startup_stm32f10x_hd.o(.text) referenced from startup_stm32f10x_hd.o(RESET)
 <LI><a href="#[1f]">CAN1_RX1_IRQHandler</a> from startup_stm32f10x_hd.o(.text) referenced from startup_stm32f10x_hd.o(RESET)
 <LI><a href="#[20]">CAN1_SCE_IRQHandler</a> from startup_stm32f10x_hd.o(.text) referenced from startup_stm32f10x_hd.o(RESET)
 <LI><a href="#[15]">DMA1_Channel1_IRQHandler</a> from startup_stm32f10x_hd.o(.text) referenced from startup_stm32f10x_hd.o(RESET)
 <LI><a href="#[16]">DMA1_Channel2_IRQHandler</a> from startup_stm32f10x_hd.o(.text) referenced from startup_stm32f10x_hd.o(RESET)
 <LI><a href="#[17]">DMA1_Channel3_IRQHandler</a> from startup_stm32f10x_hd.o(.text) referenced from startup_stm32f10x_hd.o(RESET)
 <LI><a href="#[18]">DMA1_Channel4_IRQHandler</a> from startup_stm32f10x_hd.o(.text) referenced from startup_stm32f10x_hd.o(RESET)
 <LI><a href="#[19]">DMA1_Channel5_IRQHandler</a> from startup_stm32f10x_hd.o(.text) referenced from startup_stm32f10x_hd.o(RESET)
 <LI><a href="#[1a]">DMA1_Channel6_IRQHandler</a> from startup_stm32f10x_hd.o(.text) referenced from startup_stm32f10x_hd.o(RESET)
 <LI><a href="#[1b]">DMA1_Channel7_IRQHandler</a> from uart.o(i.DMA1_Channel7_IRQHandler) referenced from startup_stm32f10x_hd.o(RESET)
 <LI><a href="#[42]">DMA2_Channel1_IRQHandler</a> from startup_stm32f10x_hd.o(.text) referenced from startup_stm32f10x_hd.o(RESET)
 <LI><a href="#[43]">DMA2_Channel2_IRQHandler</a> from startup_stm32f10x_hd.o(.text) referenced from startup_stm32f10x_hd.o(RESET)
 <LI><a href="#[44]">DMA2_Channel3_IRQHandler</a> from startup_stm32f10x_hd.o(.text) referenced from startup_stm32f10x_hd.o(RESET)
 <LI><a href="#[45]">DMA2_Channel4_5_IRQHandler</a> from startup_stm32f10x_hd.o(.text) referenced from startup_stm32f10x_hd.o(RESET)
 <LI><a href="#[7]">DebugMon_Handler</a> from startup_stm32f10x_hd.o(.text) referenced from startup_stm32f10x_hd.o(RESET)
 <LI><a href="#[10]">EXTI0_IRQHandler</a> from startup_stm32f10x_hd.o(.text) referenced from startup_stm32f10x_hd.o(RESET)
 <LI><a href="#[32]">EXTI15_10_IRQHandler</a> from startup_stm32f10x_hd.o(.text) referenced from startup_stm32f10x_hd.o(RESET)
 <LI><a href="#[11]">EXTI1_IRQHandler</a> from startup_stm32f10x_hd.o(.text) referenced from startup_stm32f10x_hd.o(RESET)
 <LI><a href="#[12]">EXTI2_IRQHandler</a> from startup_stm32f10x_hd.o(.text) referenced from startup_stm32f10x_hd.o(RESET)
 <LI><a href="#[13]">EXTI3_IRQHandler</a> from startup_stm32f10x_hd.o(.text) referenced from startup_stm32f10x_hd.o(RESET)
 <LI><a href="#[14]">EXTI4_IRQHandler</a> from startup_stm32f10x_hd.o(.text) referenced from startup_stm32f10x_hd.o(RESET)
 <LI><a href="#[21]">EXTI9_5_IRQHandler</a> from startup_stm32f10x_hd.o(.text) referenced from startup_stm32f10x_hd.o(RESET)
 <LI><a href="#[e]">FLASH_IRQHandler</a> from startup_stm32f10x_hd.o(.text) referenced from startup_stm32f10x_hd.o(RESET)
 <LI><a href="#[3a]">FSMC_IRQHandler</a> from startup_stm32f10x_hd.o(.text) referenced from startup_stm32f10x_hd.o(RESET)
 <LI><a href="#[2]">HardFault_Handler</a> from stm32f10x_it.o(i.HardFault_Handler) referenced from startup_stm32f10x_hd.o(RESET)
 <LI><a href="#[2a]">I2C1_ER_IRQHandler</a> from startup_stm32f10x_hd.o(.text) referenced from startup_stm32f10x_hd.o(RESET)
 <LI><a href="#[29]">I2C1_EV_IRQHandler</a> from startup_stm32f10x_hd.o(.text) referenced from startup_stm32f10x_hd.o(RESET)
 <LI><a href="#[2c]">I2C2_ER_IRQHandler</a> from startup_stm32f10x_hd.o(.text) referenced from startup_stm32f10x_hd.o(RESET)
 <LI><a href="#[2b]">I2C2_EV_IRQHandler</a> from startup_stm32f10x_hd.o(.text) referenced from startup_stm32f10x_hd.o(RESET)
 <LI><a href="#[3]">MemManage_Handler</a> from startup_stm32f10x_hd.o(.text) referenced from startup_stm32f10x_hd.o(RESET)
 <LI><a href="#[1]">NMI_Handler</a> from stm32f10x_it.o(i.NMI_Handler) referenced from startup_stm32f10x_hd.o(RESET)
 <LI><a href="#[b]">PVD_IRQHandler</a> from startup_stm32f10x_hd.o(.text) referenced from startup_stm32f10x_hd.o(RESET)
 <LI><a href="#[8]">PendSV_Handler</a> from cpu.o(.text) referenced from startup_stm32f10x_hd.o(RESET)
 <LI><a href="#[f]">RCC_IRQHandler</a> from startup_stm32f10x_hd.o(.text) referenced from startup_stm32f10x_hd.o(RESET)
 <LI><a href="#[33]">RTCAlarm_IRQHandler</a> from startup_stm32f10x_hd.o(.text) referenced from startup_stm32f10x_hd.o(RESET)
 <LI><a href="#[d]">RTC_IRQHandler</a> from startup_stm32f10x_hd.o(.text) referenced from startup_stm32f10x_hd.o(RESET)
 <LI><a href="#[0]">Reset_Handler</a> from startup_stm32f10x_hd.o(.text) referenced from startup_stm32f10x_hd.o(RESET)
 <LI><a href="#[3b]">SDIO_IRQHandler</a> from startup_stm32f10x_hd.o(.text) referenced from startup_stm32f10x_hd.o(RESET)
 <LI><a href="#[2d]">SPI1_IRQHandler</a> from startup_stm32f10x_hd.o(.text) referenced from startup_stm32f10x_hd.o(RESET)
 <LI><a href="#[2e]">SPI2_IRQHandler</a> from startup_stm32f10x_hd.o(.text) referenced from startup_stm32f10x_hd.o(RESET)
 <LI><a href="#[3d]">SPI3_IRQHandler</a> from startup_stm32f10x_hd.o(.text) referenced from startup_stm32f10x_hd.o(RESET)
 <LI><a href="#[6]">SVC_Handler</a> from startup_stm32f10x_hd.o(.text) referenced from startup_stm32f10x_hd.o(RESET)
 <LI><a href="#[9]">SysTick_Handler</a> from port.o(i.SysTick_Handler) referenced from startup_stm32f10x_hd.o(RESET)
 <LI><a href="#[47]">SystemInit</a> from system_stm32f10x.o(i.SystemInit) referenced from startup_stm32f10x_hd.o(.text)
 <LI><a href="#[c]">TAMPER_IRQHandler</a> from startup_stm32f10x_hd.o(.text) referenced from startup_stm32f10x_hd.o(RESET)
 <LI><a href="#[22]">TIM1_BRK_IRQHandler</a> from startup_stm32f10x_hd.o(.text) referenced from startup_stm32f10x_hd.o(RESET)
 <LI><a href="#[25]">TIM1_CC_IRQHandler</a> from startup_stm32f10x_hd.o(.text) referenced from startup_stm32f10x_hd.o(RESET)
 <LI><a href="#[24]">TIM1_TRG_COM_IRQHandler</a> from startup_stm32f10x_hd.o(.text) referenced from startup_stm32f10x_hd.o(RESET)
 <LI><a href="#[23]">TIM1_UP_IRQHandler</a> from startup_stm32f10x_hd.o(.text) referenced from startup_stm32f10x_hd.o(RESET)
 <LI><a href="#[26]">TIM2_IRQHandler</a> from startup_stm32f10x_hd.o(.text) referenced from startup_stm32f10x_hd.o(RESET)
 <LI><a href="#[27]">TIM3_IRQHandler</a> from startup_stm32f10x_hd.o(.text) referenced from startup_stm32f10x_hd.o(RESET)
 <LI><a href="#[28]">TIM4_IRQHandler</a> from startup_stm32f10x_hd.o(.text) referenced from startup_stm32f10x_hd.o(RESET)
 <LI><a href="#[3c]">TIM5_IRQHandler</a> from startup_stm32f10x_hd.o(.text) referenced from startup_stm32f10x_hd.o(RESET)
 <LI><a href="#[40]">TIM6_IRQHandler</a> from startup_stm32f10x_hd.o(.text) referenced from startup_stm32f10x_hd.o(RESET)
 <LI><a href="#[41]">TIM7_IRQHandler</a> from startup_stm32f10x_hd.o(.text) referenced from startup_stm32f10x_hd.o(RESET)
 <LI><a href="#[35]">TIM8_BRK_IRQHandler</a> from startup_stm32f10x_hd.o(.text) referenced from startup_stm32f10x_hd.o(RESET)
 <LI><a href="#[38]">TIM8_CC_IRQHandler</a> from startup_stm32f10x_hd.o(.text) referenced from startup_stm32f10x_hd.o(RESET)
 <LI><a href="#[37]">TIM8_TRG_COM_IRQHandler</a> from startup_stm32f10x_hd.o(.text) referenced from startup_stm32f10x_hd.o(RESET)
 <LI><a href="#[36]">TIM8_UP_IRQHandler</a> from startup_stm32f10x_hd.o(.text) referenced from startup_stm32f10x_hd.o(RESET)
 <LI><a href="#[3e]">UART4_IRQHandler</a> from startup_stm32f10x_hd.o(.text) referenced from startup_stm32f10x_hd.o(RESET)
 <LI><a href="#[3f]">UART5_IRQHandler</a> from startup_stm32f10x_hd.o(.text) referenced from startup_stm32f10x_hd.o(RESET)
 <LI><a href="#[2f]">USART1_IRQHandler</a> from debug_uart.o(i.USART1_IRQHandler) referenced from startup_stm32f10x_hd.o(RESET)
 <LI><a href="#[30]">USART2_IRQHandler</a> from uart.o(i.USART2_IRQHandler) referenced from startup_stm32f10x_hd.o(RESET)
 <LI><a href="#[31]">USART3_IRQHandler</a> from startup_stm32f10x_hd.o(.text) referenced from startup_stm32f10x_hd.o(RESET)
 <LI><a href="#[34]">USBWakeUp_IRQHandler</a> from startup_stm32f10x_hd.o(.text) referenced from startup_stm32f10x_hd.o(RESET)
 <LI><a href="#[1d]">USB_HP_CAN1_TX_IRQHandler</a> from startup_stm32f10x_hd.o(.text) referenced from startup_stm32f10x_hd.o(RESET)
 <LI><a href="#[1e]">USB_LP_CAN1_RX0_IRQHandler</a> from startup_stm32f10x_hd.o(.text) referenced from startup_stm32f10x_hd.o(RESET)
 <LI><a href="#[5]">UsageFault_Handler</a> from startup_stm32f10x_hd.o(.text) referenced from startup_stm32f10x_hd.o(RESET)
 <LI><a href="#[a]">WWDG_IRQHandler</a> from startup_stm32f10x_hd.o(.text) referenced from startup_stm32f10x_hd.o(RESET)
 <LI><a href="#[48]">__main</a> from entry.o(.ARM.Collect$$$$00000000) referenced from startup_stm32f10x_hd.o(.text)
 <LI><a href="#[57]">cli_getc</a> from cli_port.o(i.cli_getc) referenced from cli_port.o(.data)
 <LI><a href="#[54]">cli_putc</a> from cli_port.o(i.cli_putc) referenced from cli_port.o(.data)
 <LI><a href="#[56]">cli_putnstr</a> from cli_port.o(i.cli_putnstr) referenced from cli_port.o(.data)
 <LI><a href="#[55]">cli_puts</a> from cli_port.o(i.cli_puts) referenced from cli_port.o(.data)
 <LI><a href="#[49]">debug_fifo_read</a> from debug_uart.o(i.debug_fifo_read) referenced from debug_uart.o(i.USART1_IRQHandler)
 <LI><a href="#[4d]">debug_shell_task</a> from debug_uart.o(i.debug_shell_task) referenced from debug_uart.o(i.shell_init)
 <LI><a href="#[59]">do_help</a> from cmds.o(i.do_help) referenced from cmds.o(.data)
 <LI><a href="#[5a]">do_reboot</a> from cmds.o(i.do_reboot) referenced from cmds.o(.data)
 <LI><a href="#[5b]">do_stack</a> from cmds.o(i.do_stack) referenced from cmds.o(.data)
 <LI><a href="#[5c]">do_version</a> from cmds.o(i.do_version) referenced from cmds.o(.data)
 <LI><a href="#[46]">main</a> from main.o(i.main) referenced from entry9a.o(.ARM.Collect$$$$0000000B)
 <LI><a href="#[4b]">raw_idle_task</a> from raw_idle.o(i.raw_idle_task) referenced from raw_sched.o(i.raw_os_init)
 <LI><a href="#[58]">raw_printf</a> from simple_printf.o(i.raw_printf) referenced from cli_port.o(.data)
 <LI><a href="#[52]">shell_init</a> from debug_uart.o(i.shell_init) referenced from sys_init.o(.constdata)
 <LI><a href="#[4a]">sys_init_task</a> from sys_init.o(i.sys_init_task) referenced from sys_init.o(i.create_init_task)
 <LI><a href="#[51]">sys_led_init</a> from led.o(i.sys_led_init) referenced from sys_init.o(.constdata)
 <LI><a href="#[4e]">sys_led_task</a> from led.o(i.sys_led_task) referenced from led.o(i.sys_led_init)
 <LI><a href="#[53]">sys_uart_init</a> from uart.o(i.sys_uart_init) referenced from sys_init.o(.constdata)
 <LI><a href="#[4f]">sys_uart_task</a> from uart.o(i.sys_uart_task) referenced from uart.o(i.sys_uart_init)
 <LI><a href="#[50]">tick_task_process</a> from raw_tick.o(i.tick_task_process) referenced from raw_tick.o(i.tick_task_start)
 <LI><a href="#[4c]">timer_task</a> from raw_timer.o(i.timer_task) referenced from raw_timer.o(i.raw_timer_init)
</UL>
<P>
<H3>
Global Symbols
</H3>
<P><STRONG><a name="[48]"></a>__main</STRONG> (Thumb, 0 bytes, Stack size unknown bytes, entry.o(.ARM.Collect$$$$00000000))
<BR>[Address Reference Count : 1]<UL><LI> startup_stm32f10x_hd.o(.text)
</UL>
<P><STRONG><a name="[136]"></a>_main_stk</STRONG> (Thumb, 0 bytes, Stack size unknown bytes, entry2.o(.ARM.Collect$$$$00000001))

<P><STRONG><a name="[5d]"></a>_main_scatterload</STRONG> (Thumb, 0 bytes, Stack size unknown bytes, entry5.o(.ARM.Collect$$$$00000004))
<BR><BR>[Calls]<UL><LI><a href="#[5e]">&gt;&gt;</a>&nbsp;&nbsp;&nbsp;__scatterload
</UL>

<P><STRONG><a name="[60]"></a>__main_after_scatterload</STRONG> (Thumb, 0 bytes, Stack size unknown bytes, entry5.o(.ARM.Collect$$$$00000004))
<BR><BR>[Called By]<UL><LI><a href="#[5e]">&gt;&gt;</a>&nbsp;&nbsp;&nbsp;__scatterload
</UL>

<P><STRONG><a name="[137]"></a>_main_clock</STRONG> (Thumb, 0 bytes, Stack size unknown bytes, entry7b.o(.ARM.Collect$$$$00000008))

<P><STRONG><a name="[138]"></a>_main_cpp_init</STRONG> (Thumb, 0 bytes, Stack size unknown bytes, entry8b.o(.ARM.Collect$$$$0000000A))

<P><STRONG><a name="[139]"></a>_main_init</STRONG> (Thumb, 0 bytes, Stack size unknown bytes, entry9a.o(.ARM.Collect$$$$0000000B))

<P><STRONG><a name="[13a]"></a>__rt_final_cpp</STRONG> (Thumb, 0 bytes, Stack size unknown bytes, entry10a.o(.ARM.Collect$$$$0000000D))

<P><STRONG><a name="[13b]"></a>__rt_final_exit</STRONG> (Thumb, 0 bytes, Stack size unknown bytes, entry11a.o(.ARM.Collect$$$$0000000F))

<P><STRONG><a name="[0]"></a>Reset_Handler</STRONG> (Thumb, 8 bytes, Stack size 0 bytes, startup_stm32f10x_hd.o(.text))
<BR>[Address Reference Count : 1]<UL><LI> startup_stm32f10x_hd.o(RESET)
</UL>
<P><STRONG><a name="[3]"></a>MemManage_Handler</STRONG> (Thumb, 2 bytes, Stack size 0 bytes, startup_stm32f10x_hd.o(.text))
<BR><BR>[Calls]<UL><LI><a href="#[3]">&gt;&gt;</a>&nbsp;&nbsp;&nbsp;MemManage_Handler
</UL>
<BR>[Called By]<UL><LI><a href="#[3]">&gt;&gt;</a>&nbsp;&nbsp;&nbsp;MemManage_Handler
</UL>
<BR>[Address Reference Count : 1]<UL><LI> startup_stm32f10x_hd.o(RESET)
</UL>
<P><STRONG><a name="[4]"></a>BusFault_Handler</STRONG> (Thumb, 2 bytes, Stack size 0 bytes, startup_stm32f10x_hd.o(.text))
<BR><BR>[Calls]<UL><LI><a href="#[4]">&gt;&gt;</a>&nbsp;&nbsp;&nbsp;BusFault_Handler
</UL>
<BR>[Called By]<UL><LI><a href="#[4]">&gt;&gt;</a>&nbsp;&nbsp;&nbsp;BusFault_Handler
</UL>
<BR>[Address Reference Count : 1]<UL><LI> startup_stm32f10x_hd.o(RESET)
</UL>
<P><STRONG><a name="[5]"></a>UsageFault_Handler</STRONG> (Thumb, 2 bytes, Stack size 0 bytes, startup_stm32f10x_hd.o(.text))
<BR><BR>[Calls]<UL><LI><a href="#[5]">&gt;&gt;</a>&nbsp;&nbsp;&nbsp;UsageFault_Handler
</UL>
<BR>[Called By]<UL><LI><a href="#[5]">&gt;&gt;</a>&nbsp;&nbsp;&nbsp;UsageFault_Handler
</UL>
<BR>[Address Reference Count : 1]<UL><LI> startup_stm32f10x_hd.o(RESET)
</UL>
<P><STRONG><a name="[6]"></a>SVC_Handler</STRONG> (Thumb, 2 bytes, Stack size 0 bytes, startup_stm32f10x_hd.o(.text))
<BR><BR>[Calls]<UL><LI><a href="#[6]">&gt;&gt;</a>&nbsp;&nbsp;&nbsp;SVC_Handler
</UL>
<BR>[Called By]<UL><LI><a href="#[6]">&gt;&gt;</a>&nbsp;&nbsp;&nbsp;SVC_Handler
</UL>
<BR>[Address Reference Count : 1]<UL><LI> startup_stm32f10x_hd.o(RESET)
</UL>
<P><STRONG><a name="[7]"></a>DebugMon_Handler</STRONG> (Thumb, 2 bytes, Stack size 0 bytes, startup_stm32f10x_hd.o(.text))
<BR><BR>[Calls]<UL><LI><a href="#[7]">&gt;&gt;</a>&nbsp;&nbsp;&nbsp;DebugMon_Handler
</UL>
<BR>[Called By]<UL><LI><a href="#[7]">&gt;&gt;</a>&nbsp;&nbsp;&nbsp;DebugMon_Handler
</UL>
<BR>[Address Reference Count : 1]<UL><LI> startup_stm32f10x_hd.o(RESET)
</UL>
<P><STRONG><a name="[1c]"></a>ADC1_2_IRQHandler</STRONG> (Thumb, 0 bytes, Stack size 0 bytes, startup_stm32f10x_hd.o(.text))
<BR><BR>[Calls]<UL><LI><a href="#[1c]">&gt;&gt;</a>&nbsp;&nbsp;&nbsp;ADC1_2_IRQHandler
</UL>
<BR>[Called By]<UL><LI><a href="#[1c]">&gt;&gt;</a>&nbsp;&nbsp;&nbsp;ADC1_2_IRQHandler
</UL>
<BR>[Address Reference Count : 1]<UL><LI> startup_stm32f10x_hd.o(RESET)
</UL>
<P><STRONG><a name="[39]"></a>ADC3_IRQHandler</STRONG> (Thumb, 0 bytes, Stack size 0 bytes, startup_stm32f10x_hd.o(.text))
<BR>[Address Reference Count : 1]<UL><LI> startup_stm32f10x_hd.o(RESET)
</UL>
<P><STRONG><a name="[1f]"></a>CAN1_RX1_IRQHandler</STRONG> (Thumb, 0 bytes, Stack size 0 bytes, startup_stm32f10x_hd.o(.text))
<BR>[Address Reference Count : 1]<UL><LI> startup_stm32f10x_hd.o(RESET)
</UL>
<P><STRONG><a name="[20]"></a>CAN1_SCE_IRQHandler</STRONG> (Thumb, 0 bytes, Stack size 0 bytes, startup_stm32f10x_hd.o(.text))
<BR>[Address Reference Count : 1]<UL><LI> startup_stm32f10x_hd.o(RESET)
</UL>
<P><STRONG><a name="[15]"></a>DMA1_Channel1_IRQHandler</STRONG> (Thumb, 0 bytes, Stack size 0 bytes, startup_stm32f10x_hd.o(.text))
<BR>[Address Reference Count : 1]<UL><LI> startup_stm32f10x_hd.o(RESET)
</UL>
<P><STRONG><a name="[16]"></a>DMA1_Channel2_IRQHandler</STRONG> (Thumb, 0 bytes, Stack size 0 bytes, startup_stm32f10x_hd.o(.text))
<BR>[Address Reference Count : 1]<UL><LI> startup_stm32f10x_hd.o(RESET)
</UL>
<P><STRONG><a name="[17]"></a>DMA1_Channel3_IRQHandler</STRONG> (Thumb, 0 bytes, Stack size 0 bytes, startup_stm32f10x_hd.o(.text))
<BR>[Address Reference Count : 1]<UL><LI> startup_stm32f10x_hd.o(RESET)
</UL>
<P><STRONG><a name="[18]"></a>DMA1_Channel4_IRQHandler</STRONG> (Thumb, 0 bytes, Stack size 0 bytes, startup_stm32f10x_hd.o(.text))
<BR>[Address Reference Count : 1]<UL><LI> startup_stm32f10x_hd.o(RESET)
</UL>
<P><STRONG><a name="[19]"></a>DMA1_Channel5_IRQHandler</STRONG> (Thumb, 0 bytes, Stack size 0 bytes, startup_stm32f10x_hd.o(.text))
<BR>[Address Reference Count : 1]<UL><LI> startup_stm32f10x_hd.o(RESET)
</UL>
<P><STRONG><a name="[1a]"></a>DMA1_Channel6_IRQHandler</STRONG> (Thumb, 0 bytes, Stack size 0 bytes, startup_stm32f10x_hd.o(.text))
<BR>[Address Reference Count : 1]<UL><LI> startup_stm32f10x_hd.o(RESET)
</UL>
<P><STRONG><a name="[42]"></a>DMA2_Channel1_IRQHandler</STRONG> (Thumb, 0 bytes, Stack size 0 bytes, startup_stm32f10x_hd.o(.text))
<BR>[Address Reference Count : 1]<UL><LI> startup_stm32f10x_hd.o(RESET)
</UL>
<P><STRONG><a name="[43]"></a>DMA2_Channel2_IRQHandler</STRONG> (Thumb, 0 bytes, Stack size 0 bytes, startup_stm32f10x_hd.o(.text))
<BR>[Address Reference Count : 1]<UL><LI> startup_stm32f10x_hd.o(RESET)
</UL>
<P><STRONG><a name="[44]"></a>DMA2_Channel3_IRQHandler</STRONG> (Thumb, 0 bytes, Stack size 0 bytes, startup_stm32f10x_hd.o(.text))
<BR>[Address Reference Count : 1]<UL><LI> startup_stm32f10x_hd.o(RESET)
</UL>
<P><STRONG><a name="[45]"></a>DMA2_Channel4_5_IRQHandler</STRONG> (Thumb, 0 bytes, Stack size 0 bytes, startup_stm32f10x_hd.o(.text))
<BR>[Address Reference Count : 1]<UL><LI> startup_stm32f10x_hd.o(RESET)
</UL>
<P><STRONG><a name="[10]"></a>EXTI0_IRQHandler</STRONG> (Thumb, 0 bytes, Stack size 0 bytes, startup_stm32f10x_hd.o(.text))
<BR>[Address Reference Count : 1]<UL><LI> startup_stm32f10x_hd.o(RESET)
</UL>
<P><STRONG><a name="[32]"></a>EXTI15_10_IRQHandler</STRONG> (Thumb, 0 bytes, Stack size 0 bytes, startup_stm32f10x_hd.o(.text))
<BR>[Address Reference Count : 1]<UL><LI> startup_stm32f10x_hd.o(RESET)
</UL>
<P><STRONG><a name="[11]"></a>EXTI1_IRQHandler</STRONG> (Thumb, 0 bytes, Stack size 0 bytes, startup_stm32f10x_hd.o(.text))
<BR>[Address Reference Count : 1]<UL><LI> startup_stm32f10x_hd.o(RESET)
</UL>
<P><STRONG><a name="[12]"></a>EXTI2_IRQHandler</STRONG> (Thumb, 0 bytes, Stack size 0 bytes, startup_stm32f10x_hd.o(.text))
<BR>[Address Reference Count : 1]<UL><LI> startup_stm32f10x_hd.o(RESET)
</UL>
<P><STRONG><a name="[13]"></a>EXTI3_IRQHandler</STRONG> (Thumb, 0 bytes, Stack size 0 bytes, startup_stm32f10x_hd.o(.text))
<BR>[Address Reference Count : 1]<UL><LI> startup_stm32f10x_hd.o(RESET)
</UL>
<P><STRONG><a name="[14]"></a>EXTI4_IRQHandler</STRONG> (Thumb, 0 bytes, Stack size 0 bytes, startup_stm32f10x_hd.o(.text))
<BR>[Address Reference Count : 1]<UL><LI> startup_stm32f10x_hd.o(RESET)
</UL>
<P><STRONG><a name="[21]"></a>EXTI9_5_IRQHandler</STRONG> (Thumb, 0 bytes, Stack size 0 bytes, startup_stm32f10x_hd.o(.text))
<BR>[Address Reference Count : 1]<UL><LI> startup_stm32f10x_hd.o(RESET)
</UL>
<P><STRONG><a name="[e]"></a>FLASH_IRQHandler</STRONG> (Thumb, 0 bytes, Stack size 0 bytes, startup_stm32f10x_hd.o(.text))
<BR>[Address Reference Count : 1]<UL><LI> startup_stm32f10x_hd.o(RESET)
</UL>
<P><STRONG><a name="[3a]"></a>FSMC_IRQHandler</STRONG> (Thumb, 0 bytes, Stack size 0 bytes, startup_stm32f10x_hd.o(.text))
<BR>[Address Reference Count : 1]<UL><LI> startup_stm32f10x_hd.o(RESET)
</UL>
<P><STRONG><a name="[2a]"></a>I2C1_ER_IRQHandler</STRONG> (Thumb, 0 bytes, Stack size 0 bytes, startup_stm32f10x_hd.o(.text))
<BR>[Address Reference Count : 1]<UL><LI> startup_stm32f10x_hd.o(RESET)
</UL>
<P><STRONG><a name="[29]"></a>I2C1_EV_IRQHandler</STRONG> (Thumb, 0 bytes, Stack size 0 bytes, startup_stm32f10x_hd.o(.text))
<BR>[Address Reference Count : 1]<UL><LI> startup_stm32f10x_hd.o(RESET)
</UL>
<P><STRONG><a name="[2c]"></a>I2C2_ER_IRQHandler</STRONG> (Thumb, 0 bytes, Stack size 0 bytes, startup_stm32f10x_hd.o(.text))
<BR>[Address Reference Count : 1]<UL><LI> startup_stm32f10x_hd.o(RESET)
</UL>
<P><STRONG><a name="[2b]"></a>I2C2_EV_IRQHandler</STRONG> (Thumb, 0 bytes, Stack size 0 bytes, startup_stm32f10x_hd.o(.text))
<BR>[Address Reference Count : 1]<UL><LI> startup_stm32f10x_hd.o(RESET)
</UL>
<P><STRONG><a name="[b]"></a>PVD_IRQHandler</STRONG> (Thumb, 0 bytes, Stack size 0 bytes, startup_stm32f10x_hd.o(.text))
<BR>[Address Reference Count : 1]<UL><LI> startup_stm32f10x_hd.o(RESET)
</UL>
<P><STRONG><a name="[f]"></a>RCC_IRQHandler</STRONG> (Thumb, 0 bytes, Stack size 0 bytes, startup_stm32f10x_hd.o(.text))
<BR>[Address Reference Count : 1]<UL><LI> startup_stm32f10x_hd.o(RESET)
</UL>
<P><STRONG><a name="[33]"></a>RTCAlarm_IRQHandler</STRONG> (Thumb, 0 bytes, Stack size 0 bytes, startup_stm32f10x_hd.o(.text))
<BR>[Address Reference Count : 1]<UL><LI> startup_stm32f10x_hd.o(RESET)
</UL>
<P><STRONG><a name="[d]"></a>RTC_IRQHandler</STRONG> (Thumb, 0 bytes, Stack size 0 bytes, startup_stm32f10x_hd.o(.text))
<BR>[Address Reference Count : 1]<UL><LI> startup_stm32f10x_hd.o(RESET)
</UL>
<P><STRONG><a name="[3b]"></a>SDIO_IRQHandler</STRONG> (Thumb, 0 bytes, Stack size 0 bytes, startup_stm32f10x_hd.o(.text))
<BR>[Address Reference Count : 1]<UL><LI> startup_stm32f10x_hd.o(RESET)
</UL>
<P><STRONG><a name="[2d]"></a>SPI1_IRQHandler</STRONG> (Thumb, 0 bytes, Stack size 0 bytes, startup_stm32f10x_hd.o(.text))
<BR>[Address Reference Count : 1]<UL><LI> startup_stm32f10x_hd.o(RESET)
</UL>
<P><STRONG><a name="[2e]"></a>SPI2_IRQHandler</STRONG> (Thumb, 0 bytes, Stack size 0 bytes, startup_stm32f10x_hd.o(.text))
<BR>[Address Reference Count : 1]<UL><LI> startup_stm32f10x_hd.o(RESET)
</UL>
<P><STRONG><a name="[3d]"></a>SPI3_IRQHandler</STRONG> (Thumb, 0 bytes, Stack size 0 bytes, startup_stm32f10x_hd.o(.text))
<BR>[Address Reference Count : 1]<UL><LI> startup_stm32f10x_hd.o(RESET)
</UL>
<P><STRONG><a name="[c]"></a>TAMPER_IRQHandler</STRONG> (Thumb, 0 bytes, Stack size 0 bytes, startup_stm32f10x_hd.o(.text))
<BR>[Address Reference Count : 1]<UL><LI> startup_stm32f10x_hd.o(RESET)
</UL>
<P><STRONG><a name="[22]"></a>TIM1_BRK_IRQHandler</STRONG> (Thumb, 0 bytes, Stack size 0 bytes, startup_stm32f10x_hd.o(.text))
<BR>[Address Reference Count : 1]<UL><LI> startup_stm32f10x_hd.o(RESET)
</UL>
<P><STRONG><a name="[25]"></a>TIM1_CC_IRQHandler</STRONG> (Thumb, 0 bytes, Stack size 0 bytes, startup_stm32f10x_hd.o(.text))
<BR>[Address Reference Count : 1]<UL><LI> startup_stm32f10x_hd.o(RESET)
</UL>
<P><STRONG><a name="[24]"></a>TIM1_TRG_COM_IRQHandler</STRONG> (Thumb, 0 bytes, Stack size 0 bytes, startup_stm32f10x_hd.o(.text))
<BR>[Address Reference Count : 1]<UL><LI> startup_stm32f10x_hd.o(RESET)
</UL>
<P><STRONG><a name="[23]"></a>TIM1_UP_IRQHandler</STRONG> (Thumb, 0 bytes, Stack size 0 bytes, startup_stm32f10x_hd.o(.text))
<BR>[Address Reference Count : 1]<UL><LI> startup_stm32f10x_hd.o(RESET)
</UL>
<P><STRONG><a name="[26]"></a>TIM2_IRQHandler</STRONG> (Thumb, 0 bytes, Stack size 0 bytes, startup_stm32f10x_hd.o(.text))
<BR>[Address Reference Count : 1]<UL><LI> startup_stm32f10x_hd.o(RESET)
</UL>
<P><STRONG><a name="[27]"></a>TIM3_IRQHandler</STRONG> (Thumb, 0 bytes, Stack size 0 bytes, startup_stm32f10x_hd.o(.text))
<BR>[Address Reference Count : 1]<UL><LI> startup_stm32f10x_hd.o(RESET)
</UL>
<P><STRONG><a name="[28]"></a>TIM4_IRQHandler</STRONG> (Thumb, 0 bytes, Stack size 0 bytes, startup_stm32f10x_hd.o(.text))
<BR>[Address Reference Count : 1]<UL><LI> startup_stm32f10x_hd.o(RESET)
</UL>
<P><STRONG><a name="[3c]"></a>TIM5_IRQHandler</STRONG> (Thumb, 0 bytes, Stack size 0 bytes, startup_stm32f10x_hd.o(.text))
<BR>[Address Reference Count : 1]<UL><LI> startup_stm32f10x_hd.o(RESET)
</UL>
<P><STRONG><a name="[40]"></a>TIM6_IRQHandler</STRONG> (Thumb, 0 bytes, Stack size 0 bytes, startup_stm32f10x_hd.o(.text))
<BR>[Address Reference Count : 1]<UL><LI> startup_stm32f10x_hd.o(RESET)
</UL>
<P><STRONG><a name="[41]"></a>TIM7_IRQHandler</STRONG> (Thumb, 0 bytes, Stack size 0 bytes, startup_stm32f10x_hd.o(.text))
<BR>[Address Reference Count : 1]<UL><LI> startup_stm32f10x_hd.o(RESET)
</UL>
<P><STRONG><a name="[35]"></a>TIM8_BRK_IRQHandler</STRONG> (Thumb, 0 bytes, Stack size 0 bytes, startup_stm32f10x_hd.o(.text))
<BR>[Address Reference Count : 1]<UL><LI> startup_stm32f10x_hd.o(RESET)
</UL>
<P><STRONG><a name="[38]"></a>TIM8_CC_IRQHandler</STRONG> (Thumb, 0 bytes, Stack size 0 bytes, startup_stm32f10x_hd.o(.text))
<BR>[Address Reference Count : 1]<UL><LI> startup_stm32f10x_hd.o(RESET)
</UL>
<P><STRONG><a name="[37]"></a>TIM8_TRG_COM_IRQHandler</STRONG> (Thumb, 0 bytes, Stack size 0 bytes, startup_stm32f10x_hd.o(.text))
<BR>[Address Reference Count : 1]<UL><LI> startup_stm32f10x_hd.o(RESET)
</UL>
<P><STRONG><a name="[36]"></a>TIM8_UP_IRQHandler</STRONG> (Thumb, 0 bytes, Stack size 0 bytes, startup_stm32f10x_hd.o(.text))
<BR>[Address Reference Count : 1]<UL><LI> startup_stm32f10x_hd.o(RESET)
</UL>
<P><STRONG><a name="[3e]"></a>UART4_IRQHandler</STRONG> (Thumb, 0 bytes, Stack size 0 bytes, startup_stm32f10x_hd.o(.text))
<BR>[Address Reference Count : 1]<UL><LI> startup_stm32f10x_hd.o(RESET)
</UL>
<P><STRONG><a name="[3f]"></a>UART5_IRQHandler</STRONG> (Thumb, 0 bytes, Stack size 0 bytes, startup_stm32f10x_hd.o(.text))
<BR>[Address Reference Count : 1]<UL><LI> startup_stm32f10x_hd.o(RESET)
</UL>
<P><STRONG><a name="[31]"></a>USART3_IRQHandler</STRONG> (Thumb, 0 bytes, Stack size 0 bytes, startup_stm32f10x_hd.o(.text))
<BR>[Address Reference Count : 1]<UL><LI> startup_stm32f10x_hd.o(RESET)
</UL>
<P><STRONG><a name="[34]"></a>USBWakeUp_IRQHandler</STRONG> (Thumb, 0 bytes, Stack size 0 bytes, startup_stm32f10x_hd.o(.text))
<BR>[Address Reference Count : 1]<UL><LI> startup_stm32f10x_hd.o(RESET)
</UL>
<P><STRONG><a name="[1d]"></a>USB_HP_CAN1_TX_IRQHandler</STRONG> (Thumb, 0 bytes, Stack size 0 bytes, startup_stm32f10x_hd.o(.text))
<BR>[Address Reference Count : 1]<UL><LI> startup_stm32f10x_hd.o(RESET)
</UL>
<P><STRONG><a name="[1e]"></a>USB_LP_CAN1_RX0_IRQHandler</STRONG> (Thumb, 0 bytes, Stack size 0 bytes, startup_stm32f10x_hd.o(.text))
<BR>[Address Reference Count : 1]<UL><LI> startup_stm32f10x_hd.o(RESET)
</UL>
<P><STRONG><a name="[a]"></a>WWDG_IRQHandler</STRONG> (Thumb, 0 bytes, Stack size 0 bytes, startup_stm32f10x_hd.o(.text))
<BR>[Address Reference Count : 1]<UL><LI> startup_stm32f10x_hd.o(RESET)
</UL>
<P><STRONG><a name="[ab]"></a>OS_CPU_SR_Save</STRONG> (Thumb, 0 bytes, Stack size unknown bytes, cpu.o(.text))
<BR><BR>[Called By]<UL><LI><a href="#[113]">&gt;&gt;</a>&nbsp;&nbsp;&nbsp;raw_semaphore_get
<LI><a href="#[d7]">&gt;&gt;</a>&nbsp;&nbsp;&nbsp;raw_sleep
<LI><a href="#[e1]">&gt;&gt;</a>&nbsp;&nbsp;&nbsp;serial_fifo_init
<LI><a href="#[de]">&gt;&gt;</a>&nbsp;&nbsp;&nbsp;raw_queue_size_get_information
<LI><a href="#[ec]">&gt;&gt;</a>&nbsp;&nbsp;&nbsp;raw_mutex_put
<LI><a href="#[eb]">&gt;&gt;</a>&nbsp;&nbsp;&nbsp;raw_mutex_get
<LI><a href="#[6c]">&gt;&gt;</a>&nbsp;&nbsp;&nbsp;raw_finish_int
<LI><a href="#[67]">&gt;&gt;</a>&nbsp;&nbsp;&nbsp;raw_enter_interrupt
<LI><a href="#[b8]">&gt;&gt;</a>&nbsp;&nbsp;&nbsp;debug_write
<LI><a href="#[dd]">&gt;&gt;</a>&nbsp;&nbsp;&nbsp;debug_cahce_empty
<LI><a href="#[df]">&gt;&gt;</a>&nbsp;&nbsp;&nbsp;debug_fifo_init
<LI><a href="#[dc]">&gt;&gt;</a>&nbsp;&nbsp;&nbsp;raw_task_create
<LI><a href="#[120]">&gt;&gt;</a>&nbsp;&nbsp;&nbsp;task_suspend
<LI><a href="#[11b]">&gt;&gt;</a>&nbsp;&nbsp;&nbsp;task_resume
<LI><a href="#[114]">&gt;&gt;</a>&nbsp;&nbsp;&nbsp;semaphore_put
<LI><a href="#[115]">&gt;&gt;</a>&nbsp;&nbsp;&nbsp;raw_semaphore_set
<LI><a href="#[ac]">&gt;&gt;</a>&nbsp;&nbsp;&nbsp;calculate_time_slice
<LI><a href="#[111]">&gt;&gt;</a>&nbsp;&nbsp;&nbsp;raw_queue_size_receive
<LI><a href="#[f1]">&gt;&gt;</a>&nbsp;&nbsp;&nbsp;msg_size_post
<LI><a href="#[f5]">&gt;&gt;</a>&nbsp;&nbsp;&nbsp;port_system_error_process
<LI><a href="#[4b]">&gt;&gt;</a>&nbsp;&nbsp;&nbsp;raw_idle_task
<LI><a href="#[f4]">&gt;&gt;</a>&nbsp;&nbsp;&nbsp;raw_sched
<LI><a href="#[aa]">&gt;&gt;</a>&nbsp;&nbsp;&nbsp;block_state_post_process
<LI><a href="#[ff]">&gt;&gt;</a>&nbsp;&nbsp;&nbsp;raw_block_release
<LI><a href="#[fe]">&gt;&gt;</a>&nbsp;&nbsp;&nbsp;raw_block_allocate
<LI><a href="#[4c]">&gt;&gt;</a>&nbsp;&nbsp;&nbsp;timer_task
<LI><a href="#[132]">&gt;&gt;</a>&nbsp;&nbsp;&nbsp;tick_list_update
</UL>

<P><STRONG><a name="[ad]"></a>OS_CPU_SR_Restore</STRONG> (Thumb, 0 bytes, Stack size unknown bytes, cpu.o(.text))
<BR><BR>[Called By]<UL><LI><a href="#[113]">&gt;&gt;</a>&nbsp;&nbsp;&nbsp;raw_semaphore_get
<LI><a href="#[d7]">&gt;&gt;</a>&nbsp;&nbsp;&nbsp;raw_sleep
<LI><a href="#[de]">&gt;&gt;</a>&nbsp;&nbsp;&nbsp;raw_queue_size_get_information
<LI><a href="#[ec]">&gt;&gt;</a>&nbsp;&nbsp;&nbsp;raw_mutex_put
<LI><a href="#[eb]">&gt;&gt;</a>&nbsp;&nbsp;&nbsp;raw_mutex_get
<LI><a href="#[6c]">&gt;&gt;</a>&nbsp;&nbsp;&nbsp;raw_finish_int
<LI><a href="#[67]">&gt;&gt;</a>&nbsp;&nbsp;&nbsp;raw_enter_interrupt
<LI><a href="#[dc]">&gt;&gt;</a>&nbsp;&nbsp;&nbsp;raw_task_create
<LI><a href="#[120]">&gt;&gt;</a>&nbsp;&nbsp;&nbsp;task_suspend
<LI><a href="#[11b]">&gt;&gt;</a>&nbsp;&nbsp;&nbsp;task_resume
<LI><a href="#[114]">&gt;&gt;</a>&nbsp;&nbsp;&nbsp;semaphore_put
<LI><a href="#[115]">&gt;&gt;</a>&nbsp;&nbsp;&nbsp;raw_semaphore_set
<LI><a href="#[ac]">&gt;&gt;</a>&nbsp;&nbsp;&nbsp;calculate_time_slice
<LI><a href="#[111]">&gt;&gt;</a>&nbsp;&nbsp;&nbsp;raw_queue_size_receive
<LI><a href="#[f1]">&gt;&gt;</a>&nbsp;&nbsp;&nbsp;msg_size_post
<LI><a href="#[4b]">&gt;&gt;</a>&nbsp;&nbsp;&nbsp;raw_idle_task
<LI><a href="#[f4]">&gt;&gt;</a>&nbsp;&nbsp;&nbsp;raw_sched
<LI><a href="#[ff]">&gt;&gt;</a>&nbsp;&nbsp;&nbsp;raw_block_release
<LI><a href="#[fe]">&gt;&gt;</a>&nbsp;&nbsp;&nbsp;raw_block_allocate
<LI><a href="#[132]">&gt;&gt;</a>&nbsp;&nbsp;&nbsp;tick_list_update
</UL>

<P><STRONG><a name="[13c]"></a>CPU_IntDis</STRONG> (Thumb, 0 bytes, Stack size unknown bytes, cpu.o(.text), UNUSED)

<P><STRONG><a name="[13d]"></a>CPU_IntEn</STRONG> (Thumb, 0 bytes, Stack size unknown bytes, cpu.o(.text), UNUSED)

<P><STRONG><a name="[10c]"></a>raw_start_first_task</STRONG> (Thumb, 0 bytes, Stack size unknown bytes, cpu.o(.text))
<BR><BR>[Called By]<UL><LI><a href="#[f0]">&gt;&gt;</a>&nbsp;&nbsp;&nbsp;raw_os_start
</UL>

<P><STRONG><a name="[112]"></a>port_task_switch</STRONG> (Thumb, 0 bytes, Stack size unknown bytes, cpu.o(.text))
<BR><BR>[Called By]<UL><LI><a href="#[f4]">&gt;&gt;</a>&nbsp;&nbsp;&nbsp;raw_sched
</UL>

<P><STRONG><a name="[102]"></a>raw_int_switch</STRONG> (Thumb, 0 bytes, Stack size unknown bytes, cpu.o(.text))
<BR><BR>[Called By]<UL><LI><a href="#[6c]">&gt;&gt;</a>&nbsp;&nbsp;&nbsp;raw_finish_int
</UL>

<P><STRONG><a name="[8]"></a>PendSV_Handler</STRONG> (Thumb, 0 bytes, Stack size unknown bytes, cpu.o(.text))
<BR><BR>[Stack]<UL><LI>Max Depth = 64 + Unknown Stack Size
<LI>Call Chain = PendSV_Handler &rArr; raw_stack_check &rArr; port_system_error_process
</UL>
<BR>[Calls]<UL><LI><a href="#[5f]">&gt;&gt;</a>&nbsp;&nbsp;&nbsp;raw_stack_check
</UL>
<BR>[Address Reference Count : 1]<UL><LI> startup_stm32f10x_hd.o(RESET)
</UL>
<P><STRONG><a name="[13e]"></a>___aeabi_memcpy4$move</STRONG> (Thumb, 0 bytes, Stack size 8 bytes, memmovea.o(.text), UNUSED)

<P><STRONG><a name="[13f]"></a>___aeabi_memcpy8$move</STRONG> (Thumb, 0 bytes, Stack size 8 bytes, memmovea.o(.text), UNUSED)

<P><STRONG><a name="[140]"></a>__aeabi_memcpy</STRONG> (Thumb, 64 bytes, Stack size 8 bytes, memmovea.o(.text), UNUSED)

<P><STRONG><a name="[d4]"></a>__aeabi_memmove</STRONG> (Thumb, 0 bytes, Stack size 8 bytes, memmovea.o(.text))
<BR><BR>[Stack]<UL><LI>Max Depth = 8<LI>Call Chain = __aeabi_memmove
</UL>
<BR>[Called By]<UL><LI><a href="#[bd]">&gt;&gt;</a>&nbsp;&nbsp;&nbsp;cread_line
<LI><a href="#[d3]">&gt;&gt;</a>&nbsp;&nbsp;&nbsp;cread_add_char
</UL>

<P><STRONG><a name="[141]"></a>__aeabi_memmove4</STRONG> (Thumb, 0 bytes, Stack size 8 bytes, memmovea.o(.text), UNUSED)

<P><STRONG><a name="[142]"></a>__aeabi_memmove8</STRONG> (Thumb, 0 bytes, Stack size 8 bytes, memmovea.o(.text), UNUSED)

<P><STRONG><a name="[d1]"></a>strchr</STRONG> (Thumb, 20 bytes, Stack size 0 bytes, strchr.o(.text))
<BR><BR>[Called By]<UL><LI><a href="#[a2]">&gt;&gt;</a>&nbsp;&nbsp;&nbsp;find_cmd_tbl
<LI><a href="#[c9]">&gt;&gt;</a>&nbsp;&nbsp;&nbsp;complete_cmdv
</UL>

<P><STRONG><a name="[b9]"></a>strlen</STRONG> (Thumb, 14 bytes, Stack size 0 bytes, strlen.o(.text))
<BR><BR>[Called By]<UL><LI><a href="#[a2]">&gt;&gt;</a>&nbsp;&nbsp;&nbsp;find_cmd_tbl
<LI><a href="#[cb]">&gt;&gt;</a>&nbsp;&nbsp;&nbsp;print_argv
<LI><a href="#[ca]">&gt;&gt;</a>&nbsp;&nbsp;&nbsp;find_common_prefix
<LI><a href="#[c9]">&gt;&gt;</a>&nbsp;&nbsp;&nbsp;complete_cmdv
<LI><a href="#[c3]">&gt;&gt;</a>&nbsp;&nbsp;&nbsp;process_macros
<LI><a href="#[c7]">&gt;&gt;</a>&nbsp;&nbsp;&nbsp;cmd_auto_complete
<LI><a href="#[bd]">&gt;&gt;</a>&nbsp;&nbsp;&nbsp;cread_line
<LI><a href="#[55]">&gt;&gt;</a>&nbsp;&nbsp;&nbsp;cli_puts
<LI><a href="#[c1]">&gt;&gt;</a>&nbsp;&nbsp;&nbsp;cli_simple_run_command
</UL>

<P><STRONG><a name="[9f]"></a>strcmp</STRONG> (Thumb, 28 bytes, Stack size 8 bytes, strcmp.o(.text))
<BR><BR>[Stack]<UL><LI>Max Depth = 8<LI>Call Chain = strcmp
</UL>
<BR>[Called By]<UL><LI><a href="#[9d]">&gt;&gt;</a>&nbsp;&nbsp;&nbsp;_do_help
<LI><a href="#[c7]">&gt;&gt;</a>&nbsp;&nbsp;&nbsp;cmd_auto_complete
</UL>

<P><STRONG><a name="[d2]"></a>memcmp</STRONG> (Thumb, 26 bytes, Stack size 12 bytes, memcmp.o(.text))
<BR><BR>[Stack]<UL><LI>Max Depth = 12<LI>Call Chain = memcmp
</UL>
<BR>[Called By]<UL><LI><a href="#[c9]">&gt;&gt;</a>&nbsp;&nbsp;&nbsp;complete_cmdv
</UL>

<P><STRONG><a name="[bf]"></a>strcpy</STRONG> (Thumb, 18 bytes, Stack size 0 bytes, strcpy.o(.text))
<BR><BR>[Called By]<UL><LI><a href="#[c7]">&gt;&gt;</a>&nbsp;&nbsp;&nbsp;cmd_auto_complete
<LI><a href="#[bd]">&gt;&gt;</a>&nbsp;&nbsp;&nbsp;cread_line
<LI><a href="#[d6]">&gt;&gt;</a>&nbsp;&nbsp;&nbsp;cread_add_to_hist
<LI><a href="#[c1]">&gt;&gt;</a>&nbsp;&nbsp;&nbsp;cli_simple_run_command
<LI><a href="#[b7]">&gt;&gt;</a>&nbsp;&nbsp;&nbsp;cli_simple_loop
</UL>

<P><STRONG><a name="[ee]"></a>strncmp</STRONG> (Thumb, 30 bytes, Stack size 12 bytes, strncmp.o(.text))
<BR><BR>[Stack]<UL><LI>Max Depth = 12<LI>Call Chain = strncmp
</UL>
<BR>[Called By]<UL><LI><a href="#[a2]">&gt;&gt;</a>&nbsp;&nbsp;&nbsp;find_cmd_tbl
</UL>

<P><STRONG><a name="[5e]"></a>__scatterload</STRONG> (Thumb, 28 bytes, Stack size 0 bytes, init.o(.text))
<BR><BR>[Calls]<UL><LI><a href="#[60]">&gt;&gt;</a>&nbsp;&nbsp;&nbsp;__main_after_scatterload
</UL>
<BR>[Called By]<UL><LI><a href="#[5d]">&gt;&gt;</a>&nbsp;&nbsp;&nbsp;_main_scatterload
</UL>

<P><STRONG><a name="[143]"></a>__scatterload_rt2</STRONG> (Thumb, 0 bytes, Stack size 0 bytes, init.o(.text), UNUSED)

<P><STRONG><a name="[61]"></a>BSP_Init</STRONG> (Thumb, 50 bytes, Stack size 8 bytes, bsp.o(i.BSP_Init))
<BR><BR>[Stack]<UL><LI>Max Depth = 48<LI>Call Chain = BSP_Init &rArr; Pub_Nvic_Config &rArr; NVIC_Init
</UL>
<BR>[Calls]<UL><LI><a href="#[65]">&gt;&gt;</a>&nbsp;&nbsp;&nbsp;Pub_Nvic_Config
<LI><a href="#[63]">&gt;&gt;</a>&nbsp;&nbsp;&nbsp;NVIC_SetVectorTable
<LI><a href="#[64]">&gt;&gt;</a>&nbsp;&nbsp;&nbsp;NVIC_PriorityGroupConfig
<LI><a href="#[62]">&gt;&gt;</a>&nbsp;&nbsp;&nbsp;RCC_Configuration
</UL>
<BR>[Called By]<UL><LI><a href="#[46]">&gt;&gt;</a>&nbsp;&nbsp;&nbsp;main
</UL>

<P><STRONG><a name="[1b]"></a>DMA1_Channel7_IRQHandler</STRONG> (Thumb, 50 bytes, Stack size 8 bytes, uart.o(i.DMA1_Channel7_IRQHandler))
<BR><BR>[Stack]<UL><LI>Max Depth = 72 + Unknown Stack Size
<LI>Call Chain = DMA1_Channel7_IRQHandler &rArr; raw_enter_interrupt &rArr; port_system_error_process
</UL>
<BR>[Calls]<UL><LI><a href="#[68]">&gt;&gt;</a>&nbsp;&nbsp;&nbsp;DMA_GetITStatus
<LI><a href="#[6a]">&gt;&gt;</a>&nbsp;&nbsp;&nbsp;DMA_Cmd
<LI><a href="#[69]">&gt;&gt;</a>&nbsp;&nbsp;&nbsp;DMA_ClearFlag
<LI><a href="#[6b]">&gt;&gt;</a>&nbsp;&nbsp;&nbsp;NVIC_EnableIRQ
<LI><a href="#[66]">&gt;&gt;</a>&nbsp;&nbsp;&nbsp;NVIC_DisableIRQ
<LI><a href="#[6c]">&gt;&gt;</a>&nbsp;&nbsp;&nbsp;raw_finish_int
<LI><a href="#[67]">&gt;&gt;</a>&nbsp;&nbsp;&nbsp;raw_enter_interrupt
</UL>
<BR>[Address Reference Count : 1]<UL><LI> startup_stm32f10x_hd.o(RESET)
</UL>
<P><STRONG><a name="[69]"></a>DMA_ClearFlag</STRONG> (Thumb, 18 bytes, Stack size 0 bytes, stm32f10x_dma.o(i.DMA_ClearFlag))
<BR><BR>[Called By]<UL><LI><a href="#[1b]">&gt;&gt;</a>&nbsp;&nbsp;&nbsp;DMA1_Channel7_IRQHandler
<LI><a href="#[8f]">&gt;&gt;</a>&nbsp;&nbsp;&nbsp;USART2_DMA_Configuration
</UL>

<P><STRONG><a name="[6a]"></a>DMA_Cmd</STRONG> (Thumb, 24 bytes, Stack size 0 bytes, stm32f10x_dma.o(i.DMA_Cmd))
<BR><BR>[Called By]<UL><LI><a href="#[9c]">&gt;&gt;</a>&nbsp;&nbsp;&nbsp;USARTx_SendBuf
<LI><a href="#[30]">&gt;&gt;</a>&nbsp;&nbsp;&nbsp;USART2_IRQHandler
<LI><a href="#[1b]">&gt;&gt;</a>&nbsp;&nbsp;&nbsp;DMA1_Channel7_IRQHandler
<LI><a href="#[8f]">&gt;&gt;</a>&nbsp;&nbsp;&nbsp;USART2_DMA_Configuration
</UL>

<P><STRONG><a name="[91]"></a>DMA_DeInit</STRONG> (Thumb, 324 bytes, Stack size 0 bytes, stm32f10x_dma.o(i.DMA_DeInit))
<BR><BR>[Called By]<UL><LI><a href="#[8f]">&gt;&gt;</a>&nbsp;&nbsp;&nbsp;USART2_DMA_Configuration
</UL>

<P><STRONG><a name="[94]"></a>DMA_GetCurrDataCounter</STRONG> (Thumb, 8 bytes, Stack size 0 bytes, stm32f10x_dma.o(i.DMA_GetCurrDataCounter))
<BR><BR>[Called By]<UL><LI><a href="#[30]">&gt;&gt;</a>&nbsp;&nbsp;&nbsp;USART2_IRQHandler
</UL>

<P><STRONG><a name="[68]"></a>DMA_GetITStatus</STRONG> (Thumb, 36 bytes, Stack size 0 bytes, stm32f10x_dma.o(i.DMA_GetITStatus))
<BR><BR>[Called By]<UL><LI><a href="#[1b]">&gt;&gt;</a>&nbsp;&nbsp;&nbsp;DMA1_Channel7_IRQHandler
</UL>

<P><STRONG><a name="[93]"></a>DMA_ITConfig</STRONG> (Thumb, 18 bytes, Stack size 0 bytes, stm32f10x_dma.o(i.DMA_ITConfig))
<BR><BR>[Called By]<UL><LI><a href="#[8f]">&gt;&gt;</a>&nbsp;&nbsp;&nbsp;USART2_DMA_Configuration
</UL>

<P><STRONG><a name="[92]"></a>DMA_Init</STRONG> (Thumb, 60 bytes, Stack size 8 bytes, stm32f10x_dma.o(i.DMA_Init))
<BR><BR>[Stack]<UL><LI>Max Depth = 8<LI>Call Chain = DMA_Init
</UL>
<BR>[Called By]<UL><LI><a href="#[8f]">&gt;&gt;</a>&nbsp;&nbsp;&nbsp;USART2_DMA_Configuration
</UL>

<P><STRONG><a name="[7b]"></a>FLASH_PrefetchBufferCmd</STRONG> (Thumb, 22 bytes, Stack size 0 bytes, stm32f10x_flash.o(i.FLASH_PrefetchBufferCmd))
<BR><BR>[Called By]<UL><LI><a href="#[62]">&gt;&gt;</a>&nbsp;&nbsp;&nbsp;RCC_Configuration
</UL>

<P><STRONG><a name="[7c]"></a>FLASH_SetLatency</STRONG> (Thumb, 18 bytes, Stack size 0 bytes, stm32f10x_flash.o(i.FLASH_SetLatency))
<BR><BR>[Called By]<UL><LI><a href="#[62]">&gt;&gt;</a>&nbsp;&nbsp;&nbsp;RCC_Configuration
</UL>

<P><STRONG><a name="[6e]"></a>GPIO_Init</STRONG> (Thumb, 278 bytes, Stack size 24 bytes, stm32f10x_gpio.o(i.GPIO_Init))
<BR><BR>[Stack]<UL><LI>Max Depth = 24<LI>Call Chain = GPIO_Init
</UL>
<BR>[Called By]<UL><LI><a href="#[12d]">&gt;&gt;</a>&nbsp;&nbsp;&nbsp;sys_len_init
<LI><a href="#[8b]">&gt;&gt;</a>&nbsp;&nbsp;&nbsp;USART2_Config
<LI><a href="#[6f]">&gt;&gt;</a>&nbsp;&nbsp;&nbsp;Pub_Gpio_Output_AFPP
<LI><a href="#[6d]">&gt;&gt;</a>&nbsp;&nbsp;&nbsp;Pub_Gpio_Input_INFLOATING
</UL>

<P><STRONG><a name="[2]"></a>HardFault_Handler</STRONG> (Thumb, 4 bytes, Stack size 0 bytes, stm32f10x_it.o(i.HardFault_Handler))
<BR>[Address Reference Count : 1]<UL><LI> startup_stm32f10x_hd.o(RESET)
</UL>
<P><STRONG><a name="[1]"></a>NMI_Handler</STRONG> (Thumb, 2 bytes, Stack size 0 bytes, stm32f10x_it.o(i.NMI_Handler))
<BR>[Address Reference Count : 1]<UL><LI> startup_stm32f10x_hd.o(RESET)
</UL>
<P><STRONG><a name="[70]"></a>NVIC_Init</STRONG> (Thumb, 100 bytes, Stack size 16 bytes, misc.o(i.NVIC_Init))
<BR><BR>[Stack]<UL><LI>Max Depth = 16<LI>Call Chain = NVIC_Init
</UL>
<BR>[Called By]<UL><LI><a href="#[8b]">&gt;&gt;</a>&nbsp;&nbsp;&nbsp;USART2_Config
<LI><a href="#[65]">&gt;&gt;</a>&nbsp;&nbsp;&nbsp;Pub_Nvic_Config
</UL>

<P><STRONG><a name="[64]"></a>NVIC_PriorityGroupConfig</STRONG> (Thumb, 10 bytes, Stack size 0 bytes, misc.o(i.NVIC_PriorityGroupConfig))
<BR><BR>[Called By]<UL><LI><a href="#[61]">&gt;&gt;</a>&nbsp;&nbsp;&nbsp;BSP_Init
</UL>

<P><STRONG><a name="[63]"></a>NVIC_SetVectorTable</STRONG> (Thumb, 12 bytes, Stack size 0 bytes, misc.o(i.NVIC_SetVectorTable))
<BR><BR>[Called By]<UL><LI><a href="#[61]">&gt;&gt;</a>&nbsp;&nbsp;&nbsp;BSP_Init
</UL>

<P><STRONG><a name="[6d]"></a>Pub_Gpio_Input_INFLOATING</STRONG> (Thumb, 26 bytes, Stack size 16 bytes, pub.o(i.Pub_Gpio_Input_INFLOATING))
<BR><BR>[Stack]<UL><LI>Max Depth = 40<LI>Call Chain = Pub_Gpio_Input_INFLOATING &rArr; GPIO_Init
</UL>
<BR>[Calls]<UL><LI><a href="#[6e]">&gt;&gt;</a>&nbsp;&nbsp;&nbsp;GPIO_Init
</UL>
<BR>[Called By]<UL><LI><a href="#[ea]">&gt;&gt;</a>&nbsp;&nbsp;&nbsp;debug_usart1_init
</UL>

<P><STRONG><a name="[6f]"></a>Pub_Gpio_Output_AFPP</STRONG> (Thumb, 32 bytes, Stack size 16 bytes, pub.o(i.Pub_Gpio_Output_AFPP))
<BR><BR>[Stack]<UL><LI>Max Depth = 40<LI>Call Chain = Pub_Gpio_Output_AFPP &rArr; GPIO_Init
</UL>
<BR>[Calls]<UL><LI><a href="#[6e]">&gt;&gt;</a>&nbsp;&nbsp;&nbsp;GPIO_Init
</UL>
<BR>[Called By]<UL><LI><a href="#[ea]">&gt;&gt;</a>&nbsp;&nbsp;&nbsp;debug_usart1_init
</UL>

<P><STRONG><a name="[65]"></a>Pub_Nvic_Config</STRONG> (Thumb, 34 bytes, Stack size 24 bytes, pub.o(i.Pub_Nvic_Config))
<BR><BR>[Stack]<UL><LI>Max Depth = 40<LI>Call Chain = Pub_Nvic_Config &rArr; NVIC_Init
</UL>
<BR>[Calls]<UL><LI><a href="#[70]">&gt;&gt;</a>&nbsp;&nbsp;&nbsp;NVIC_Init
</UL>
<BR>[Called By]<UL><LI><a href="#[ea]">&gt;&gt;</a>&nbsp;&nbsp;&nbsp;debug_usart1_init
<LI><a href="#[61]">&gt;&gt;</a>&nbsp;&nbsp;&nbsp;BSP_Init
</UL>

<P><STRONG><a name="[71]"></a>Pub_Uart_Hardware_Cfg</STRONG> (Thumb, 78 bytes, Stack size 40 bytes, pub.o(i.Pub_Uart_Hardware_Cfg))
<BR><BR>[Stack]<UL><LI>Max Depth = 108<LI>Call Chain = Pub_Uart_Hardware_Cfg &rArr; USART_Init &rArr; RCC_GetClocksFreq
</UL>
<BR>[Calls]<UL><LI><a href="#[73]">&gt;&gt;</a>&nbsp;&nbsp;&nbsp;USART_Init
<LI><a href="#[72]">&gt;&gt;</a>&nbsp;&nbsp;&nbsp;USART_ClockInit
</UL>
<BR>[Called By]<UL><LI><a href="#[ea]">&gt;&gt;</a>&nbsp;&nbsp;&nbsp;debug_usart1_init
</UL>

<P><STRONG><a name="[74]"></a>Pub_Uart_Int_Cfg</STRONG> (Thumb, 36 bytes, Stack size 16 bytes, pub.o(i.Pub_Uart_Int_Cfg))
<BR><BR>[Stack]<UL><LI>Max Depth = 36<LI>Call Chain = Pub_Uart_Int_Cfg &rArr; USART_ITConfig
</UL>
<BR>[Calls]<UL><LI><a href="#[75]">&gt;&gt;</a>&nbsp;&nbsp;&nbsp;USART_ITConfig
<LI><a href="#[76]">&gt;&gt;</a>&nbsp;&nbsp;&nbsp;USART_Cmd
<LI><a href="#[77]">&gt;&gt;</a>&nbsp;&nbsp;&nbsp;USART_ClearFlag
</UL>
<BR>[Called By]<UL><LI><a href="#[ea]">&gt;&gt;</a>&nbsp;&nbsp;&nbsp;debug_usart1_init
</UL>

<P><STRONG><a name="[90]"></a>RCC_AHBPeriphClockCmd</STRONG> (Thumb, 26 bytes, Stack size 0 bytes, stm32f10x_rcc.o(i.RCC_AHBPeriphClockCmd))
<BR><BR>[Called By]<UL><LI><a href="#[8f]">&gt;&gt;</a>&nbsp;&nbsp;&nbsp;USART2_DMA_Configuration
</UL>

<P><STRONG><a name="[8c]"></a>RCC_APB1PeriphClockCmd</STRONG> (Thumb, 26 bytes, Stack size 0 bytes, stm32f10x_rcc.o(i.RCC_APB1PeriphClockCmd))
<BR><BR>[Called By]<UL><LI><a href="#[8b]">&gt;&gt;</a>&nbsp;&nbsp;&nbsp;USART2_Config
</UL>

<P><STRONG><a name="[9a]"></a>RCC_APB1PeriphResetCmd</STRONG> (Thumb, 26 bytes, Stack size 0 bytes, stm32f10x_rcc.o(i.RCC_APB1PeriphResetCmd))
<BR><BR>[Called By]<UL><LI><a href="#[8d]">&gt;&gt;</a>&nbsp;&nbsp;&nbsp;USART_DeInit
</UL>

<P><STRONG><a name="[85]"></a>RCC_APB2PeriphClockCmd</STRONG> (Thumb, 26 bytes, Stack size 0 bytes, stm32f10x_rcc.o(i.RCC_APB2PeriphClockCmd))
<BR><BR>[Called By]<UL><LI><a href="#[8b]">&gt;&gt;</a>&nbsp;&nbsp;&nbsp;USART2_Config
<LI><a href="#[ea]">&gt;&gt;</a>&nbsp;&nbsp;&nbsp;debug_usart1_init
<LI><a href="#[62]">&gt;&gt;</a>&nbsp;&nbsp;&nbsp;RCC_Configuration
</UL>

<P><STRONG><a name="[99]"></a>RCC_APB2PeriphResetCmd</STRONG> (Thumb, 26 bytes, Stack size 0 bytes, stm32f10x_rcc.o(i.RCC_APB2PeriphResetCmd))
<BR><BR>[Called By]<UL><LI><a href="#[8d]">&gt;&gt;</a>&nbsp;&nbsp;&nbsp;USART_DeInit
</UL>

<P><STRONG><a name="[78]"></a>RCC_DeInit</STRONG> (Thumb, 64 bytes, Stack size 0 bytes, stm32f10x_rcc.o(i.RCC_DeInit))
<BR><BR>[Called By]<UL><LI><a href="#[62]">&gt;&gt;</a>&nbsp;&nbsp;&nbsp;RCC_Configuration
</UL>

<P><STRONG><a name="[9b]"></a>RCC_GetClocksFreq</STRONG> (Thumb, 192 bytes, Stack size 12 bytes, stm32f10x_rcc.o(i.RCC_GetClocksFreq))
<BR><BR>[Stack]<UL><LI>Max Depth = 12<LI>Call Chain = RCC_GetClocksFreq
</UL>
<BR>[Called By]<UL><LI><a href="#[73]">&gt;&gt;</a>&nbsp;&nbsp;&nbsp;USART_Init
</UL>

<P><STRONG><a name="[82]"></a>RCC_GetFlagStatus</STRONG> (Thumb, 56 bytes, Stack size 8 bytes, stm32f10x_rcc.o(i.RCC_GetFlagStatus))
<BR><BR>[Stack]<UL><LI>Max Depth = 8<LI>Call Chain = RCC_GetFlagStatus
</UL>
<BR>[Called By]<UL><LI><a href="#[7a]">&gt;&gt;</a>&nbsp;&nbsp;&nbsp;RCC_WaitForHSEStartUp
<LI><a href="#[62]">&gt;&gt;</a>&nbsp;&nbsp;&nbsp;RCC_Configuration
</UL>

<P><STRONG><a name="[84]"></a>RCC_GetSYSCLKSource</STRONG> (Thumb, 10 bytes, Stack size 0 bytes, stm32f10x_rcc.o(i.RCC_GetSYSCLKSource))
<BR><BR>[Called By]<UL><LI><a href="#[62]">&gt;&gt;</a>&nbsp;&nbsp;&nbsp;RCC_Configuration
</UL>

<P><STRONG><a name="[7d]"></a>RCC_HCLKConfig</STRONG> (Thumb, 18 bytes, Stack size 0 bytes, stm32f10x_rcc.o(i.RCC_HCLKConfig))
<BR><BR>[Called By]<UL><LI><a href="#[62]">&gt;&gt;</a>&nbsp;&nbsp;&nbsp;RCC_Configuration
</UL>

<P><STRONG><a name="[79]"></a>RCC_HSEConfig</STRONG> (Thumb, 70 bytes, Stack size 0 bytes, stm32f10x_rcc.o(i.RCC_HSEConfig))
<BR><BR>[Called By]<UL><LI><a href="#[62]">&gt;&gt;</a>&nbsp;&nbsp;&nbsp;RCC_Configuration
</UL>

<P><STRONG><a name="[7f]"></a>RCC_PCLK1Config</STRONG> (Thumb, 18 bytes, Stack size 0 bytes, stm32f10x_rcc.o(i.RCC_PCLK1Config))
<BR><BR>[Called By]<UL><LI><a href="#[62]">&gt;&gt;</a>&nbsp;&nbsp;&nbsp;RCC_Configuration
</UL>

<P><STRONG><a name="[7e]"></a>RCC_PCLK2Config</STRONG> (Thumb, 20 bytes, Stack size 0 bytes, stm32f10x_rcc.o(i.RCC_PCLK2Config))
<BR><BR>[Called By]<UL><LI><a href="#[62]">&gt;&gt;</a>&nbsp;&nbsp;&nbsp;RCC_Configuration
</UL>

<P><STRONG><a name="[81]"></a>RCC_PLLCmd</STRONG> (Thumb, 6 bytes, Stack size 0 bytes, stm32f10x_rcc.o(i.RCC_PLLCmd))
<BR><BR>[Called By]<UL><LI><a href="#[62]">&gt;&gt;</a>&nbsp;&nbsp;&nbsp;RCC_Configuration
</UL>

<P><STRONG><a name="[80]"></a>RCC_PLLConfig</STRONG> (Thumb, 24 bytes, Stack size 0 bytes, stm32f10x_rcc.o(i.RCC_PLLConfig))
<BR><BR>[Called By]<UL><LI><a href="#[62]">&gt;&gt;</a>&nbsp;&nbsp;&nbsp;RCC_Configuration
</UL>

<P><STRONG><a name="[83]"></a>RCC_SYSCLKConfig</STRONG> (Thumb, 18 bytes, Stack size 0 bytes, stm32f10x_rcc.o(i.RCC_SYSCLKConfig))
<BR><BR>[Called By]<UL><LI><a href="#[62]">&gt;&gt;</a>&nbsp;&nbsp;&nbsp;RCC_Configuration
</UL>

<P><STRONG><a name="[7a]"></a>RCC_WaitForHSEStartUp</STRONG> (Thumb, 56 bytes, Stack size 16 bytes, stm32f10x_rcc.o(i.RCC_WaitForHSEStartUp))
<BR><BR>[Stack]<UL><LI>Max Depth = 24<LI>Call Chain = RCC_WaitForHSEStartUp &rArr; RCC_GetFlagStatus
</UL>
<BR>[Calls]<UL><LI><a href="#[82]">&gt;&gt;</a>&nbsp;&nbsp;&nbsp;RCC_GetFlagStatus
</UL>
<BR>[Called By]<UL><LI><a href="#[62]">&gt;&gt;</a>&nbsp;&nbsp;&nbsp;RCC_Configuration
</UL>

<P><STRONG><a name="[9]"></a>SysTick_Handler</STRONG> (Thumb, 16 bytes, Stack size 8 bytes, port.o(i.SysTick_Handler))
<BR><BR>[Stack]<UL><LI>Max Depth = 132 + Unknown Stack Size
<LI>Call Chain = SysTick_Handler &rArr; raw_time_tick &rArr; raw_task_semaphore_put &rArr; raw_semaphore_put &rArr; semaphore_put &rArr; raw_wake_object &rArr; pend_task_wake_up &rArr; add_ready_list &rArr; add_ready_list_head &rArr; bit_set
</UL>
<BR>[Calls]<UL><LI><a href="#[6c]">&gt;&gt;</a>&nbsp;&nbsp;&nbsp;raw_finish_int
<LI><a href="#[67]">&gt;&gt;</a>&nbsp;&nbsp;&nbsp;raw_enter_interrupt
<LI><a href="#[88]">&gt;&gt;</a>&nbsp;&nbsp;&nbsp;raw_time_tick
</UL>
<BR>[Address Reference Count : 1]<UL><LI> startup_stm32f10x_hd.o(RESET)
</UL>
<P><STRONG><a name="[47]"></a>SystemInit</STRONG> (Thumb, 78 bytes, Stack size 8 bytes, system_stm32f10x.o(i.SystemInit))
<BR><BR>[Stack]<UL><LI>Max Depth = 28<LI>Call Chain = SystemInit &rArr; SetSysClock &rArr; SetSysClockTo72
</UL>
<BR>[Calls]<UL><LI><a href="#[86]">&gt;&gt;</a>&nbsp;&nbsp;&nbsp;SetSysClock
</UL>
<BR>[Address Reference Count : 1]<UL><LI> startup_stm32f10x_hd.o(.text)
</UL>
<P><STRONG><a name="[2f]"></a>USART1_IRQHandler</STRONG> (Thumb, 94 bytes, Stack size 8 bytes, debug_uart.o(i.USART1_IRQHandler))
<BR><BR>[Stack]<UL><LI>Max Depth = 196 + Unknown Stack Size
<LI>Call Chain = USART1_IRQHandler &rArr; serial_fifo_int_recv &rArr; serial_append &rArr; raw_queue_size_end_post &rArr; msg_size_post &rArr; wake_send_msg_size &rArr; pend_task_wake_up &rArr; add_ready_list &rArr; add_ready_list_head &rArr; bit_set
</UL>
<BR>[Calls]<UL><LI><a href="#[8a]">&gt;&gt;</a>&nbsp;&nbsp;&nbsp;serial_fifo_int_recv
<LI><a href="#[6c]">&gt;&gt;</a>&nbsp;&nbsp;&nbsp;raw_finish_int
<LI><a href="#[67]">&gt;&gt;</a>&nbsp;&nbsp;&nbsp;raw_enter_interrupt
<LI><a href="#[89]">&gt;&gt;</a>&nbsp;&nbsp;&nbsp;USART_GetITStatus
</UL>
<BR>[Address Reference Count : 1]<UL><LI> startup_stm32f10x_hd.o(RESET)
</UL>
<P><STRONG><a name="[30]"></a>USART2_IRQHandler</STRONG> (Thumb, 126 bytes, Stack size 16 bytes, uart.o(i.USART2_IRQHandler))
<BR><BR>[Stack]<UL><LI>Max Depth = 124 + Unknown Stack Size
<LI>Call Chain = USART2_IRQHandler &rArr; raw_semaphore_put &rArr; semaphore_put &rArr; raw_wake_object &rArr; pend_task_wake_up &rArr; add_ready_list &rArr; add_ready_list_head &rArr; bit_set
</UL>
<BR>[Calls]<UL><LI><a href="#[95]">&gt;&gt;</a>&nbsp;&nbsp;&nbsp;raw_semaphore_put
<LI><a href="#[97]">&gt;&gt;</a>&nbsp;&nbsp;&nbsp;USART_ReceiveData
<LI><a href="#[96]">&gt;&gt;</a>&nbsp;&nbsp;&nbsp;USART_GetFlagStatus
<LI><a href="#[94]">&gt;&gt;</a>&nbsp;&nbsp;&nbsp;DMA_GetCurrDataCounter
<LI><a href="#[6a]">&gt;&gt;</a>&nbsp;&nbsp;&nbsp;DMA_Cmd
<LI><a href="#[6b]">&gt;&gt;</a>&nbsp;&nbsp;&nbsp;NVIC_EnableIRQ
<LI><a href="#[66]">&gt;&gt;</a>&nbsp;&nbsp;&nbsp;NVIC_DisableIRQ
<LI><a href="#[77]">&gt;&gt;</a>&nbsp;&nbsp;&nbsp;USART_ClearFlag
<LI><a href="#[6c]">&gt;&gt;</a>&nbsp;&nbsp;&nbsp;raw_finish_int
<LI><a href="#[67]">&gt;&gt;</a>&nbsp;&nbsp;&nbsp;raw_enter_interrupt
<LI><a href="#[89]">&gt;&gt;</a>&nbsp;&nbsp;&nbsp;USART_GetITStatus
</UL>
<BR>[Address Reference Count : 1]<UL><LI> startup_stm32f10x_hd.o(RESET)
</UL>
<P><STRONG><a name="[77]"></a>USART_ClearFlag</STRONG> (Thumb, 18 bytes, Stack size 0 bytes, stm32f10x_usart.o(i.USART_ClearFlag))
<BR><BR>[Called By]<UL><LI><a href="#[30]">&gt;&gt;</a>&nbsp;&nbsp;&nbsp;USART2_IRQHandler
<LI><a href="#[74]">&gt;&gt;</a>&nbsp;&nbsp;&nbsp;Pub_Uart_Int_Cfg
</UL>

<P><STRONG><a name="[72]"></a>USART_ClockInit</STRONG> (Thumb, 34 bytes, Stack size 8 bytes, stm32f10x_usart.o(i.USART_ClockInit))
<BR><BR>[Stack]<UL><LI>Max Depth = 8<LI>Call Chain = USART_ClockInit
</UL>
<BR>[Called By]<UL><LI><a href="#[71]">&gt;&gt;</a>&nbsp;&nbsp;&nbsp;Pub_Uart_Hardware_Cfg
</UL>

<P><STRONG><a name="[76]"></a>USART_Cmd</STRONG> (Thumb, 24 bytes, Stack size 0 bytes, stm32f10x_usart.o(i.USART_Cmd))
<BR><BR>[Called By]<UL><LI><a href="#[8b]">&gt;&gt;</a>&nbsp;&nbsp;&nbsp;USART2_Config
<LI><a href="#[74]">&gt;&gt;</a>&nbsp;&nbsp;&nbsp;Pub_Uart_Int_Cfg
</UL>

<P><STRONG><a name="[8e]"></a>USART_DMACmd</STRONG> (Thumb, 18 bytes, Stack size 0 bytes, stm32f10x_usart.o(i.USART_DMACmd))
<BR><BR>[Called By]<UL><LI><a href="#[9c]">&gt;&gt;</a>&nbsp;&nbsp;&nbsp;USARTx_SendBuf
<LI><a href="#[8b]">&gt;&gt;</a>&nbsp;&nbsp;&nbsp;USART2_Config
</UL>

<P><STRONG><a name="[8d]"></a>USART_DeInit</STRONG> (Thumb, 134 bytes, Stack size 8 bytes, stm32f10x_usart.o(i.USART_DeInit))
<BR><BR>[Stack]<UL><LI>Max Depth = 8<LI>Call Chain = USART_DeInit
</UL>
<BR>[Calls]<UL><LI><a href="#[9a]">&gt;&gt;</a>&nbsp;&nbsp;&nbsp;RCC_APB1PeriphResetCmd
<LI><a href="#[99]">&gt;&gt;</a>&nbsp;&nbsp;&nbsp;RCC_APB2PeriphResetCmd
</UL>
<BR>[Called By]<UL><LI><a href="#[98]">&gt;&gt;</a>&nbsp;&nbsp;&nbsp;USART_Configuration
<LI><a href="#[8b]">&gt;&gt;</a>&nbsp;&nbsp;&nbsp;USART2_Config
<LI><a href="#[e6]">&gt;&gt;</a>&nbsp;&nbsp;&nbsp;debug_uart_init
</UL>

<P><STRONG><a name="[96]"></a>USART_GetFlagStatus</STRONG> (Thumb, 26 bytes, Stack size 0 bytes, stm32f10x_usart.o(i.USART_GetFlagStatus))
<BR><BR>[Called By]<UL><LI><a href="#[30]">&gt;&gt;</a>&nbsp;&nbsp;&nbsp;USART2_IRQHandler
</UL>

<P><STRONG><a name="[89]"></a>USART_GetITStatus</STRONG> (Thumb, 84 bytes, Stack size 16 bytes, stm32f10x_usart.o(i.USART_GetITStatus))
<BR><BR>[Stack]<UL><LI>Max Depth = 16<LI>Call Chain = USART_GetITStatus
</UL>
<BR>[Called By]<UL><LI><a href="#[30]">&gt;&gt;</a>&nbsp;&nbsp;&nbsp;USART2_IRQHandler
<LI><a href="#[2f]">&gt;&gt;</a>&nbsp;&nbsp;&nbsp;USART1_IRQHandler
</UL>

<P><STRONG><a name="[75]"></a>USART_ITConfig</STRONG> (Thumb, 74 bytes, Stack size 20 bytes, stm32f10x_usart.o(i.USART_ITConfig))
<BR><BR>[Stack]<UL><LI>Max Depth = 20<LI>Call Chain = USART_ITConfig
</UL>
<BR>[Called By]<UL><LI><a href="#[8b]">&gt;&gt;</a>&nbsp;&nbsp;&nbsp;USART2_Config
<LI><a href="#[74]">&gt;&gt;</a>&nbsp;&nbsp;&nbsp;Pub_Uart_Int_Cfg
</UL>

<P><STRONG><a name="[73]"></a>USART_Init</STRONG> (Thumb, 210 bytes, Stack size 56 bytes, stm32f10x_usart.o(i.USART_Init))
<BR><BR>[Stack]<UL><LI>Max Depth = 68<LI>Call Chain = USART_Init &rArr; RCC_GetClocksFreq
</UL>
<BR>[Calls]<UL><LI><a href="#[9b]">&gt;&gt;</a>&nbsp;&nbsp;&nbsp;RCC_GetClocksFreq
</UL>
<BR>[Called By]<UL><LI><a href="#[8b]">&gt;&gt;</a>&nbsp;&nbsp;&nbsp;USART2_Config
<LI><a href="#[71]">&gt;&gt;</a>&nbsp;&nbsp;&nbsp;Pub_Uart_Hardware_Cfg
</UL>

<P><STRONG><a name="[97]"></a>USART_ReceiveData</STRONG> (Thumb, 10 bytes, Stack size 0 bytes, stm32f10x_usart.o(i.USART_ReceiveData))
<BR><BR>[Called By]<UL><LI><a href="#[30]">&gt;&gt;</a>&nbsp;&nbsp;&nbsp;USART2_IRQHandler
</UL>

<P><STRONG><a name="[9c]"></a>USARTx_SendBuf</STRONG> (Thumb, 72 bytes, Stack size 24 bytes, uart.o(i.USARTx_SendBuf))
<BR><BR>[Stack]<UL><LI>Max Depth = 24<LI>Call Chain = USARTx_SendBuf
</UL>
<BR>[Calls]<UL><LI><a href="#[8e]">&gt;&gt;</a>&nbsp;&nbsp;&nbsp;USART_DMACmd
<LI><a href="#[6a]">&gt;&gt;</a>&nbsp;&nbsp;&nbsp;DMA_Cmd
</UL>
<BR>[Called By]<UL><LI><a href="#[4f]">&gt;&gt;</a>&nbsp;&nbsp;&nbsp;sys_uart_task
</UL>

<P><STRONG><a name="[d0]"></a>__ll_entry_count</STRONG> (Thumb, 4 bytes, Stack size 0 bytes, cmds.o(i.__ll_entry_count))
<BR><BR>[Called By]<UL><LI><a href="#[59]">&gt;&gt;</a>&nbsp;&nbsp;&nbsp;do_help
<LI><a href="#[cc]">&gt;&gt;</a>&nbsp;&nbsp;&nbsp;find_cmd
<LI><a href="#[c9]">&gt;&gt;</a>&nbsp;&nbsp;&nbsp;complete_cmdv
</UL>

<P><STRONG><a name="[cf]"></a>__ll_entry_start</STRONG> (Thumb, 4 bytes, Stack size 0 bytes, cmds.o(i.__ll_entry_start))
<BR><BR>[Called By]<UL><LI><a href="#[59]">&gt;&gt;</a>&nbsp;&nbsp;&nbsp;do_help
<LI><a href="#[cc]">&gt;&gt;</a>&nbsp;&nbsp;&nbsp;find_cmd
<LI><a href="#[c9]">&gt;&gt;</a>&nbsp;&nbsp;&nbsp;complete_cmdv
</UL>

<P><STRONG><a name="[144]"></a>__scatterload_copy</STRONG> (Thumb, 14 bytes, Stack size unknown bytes, handlers.o(i.__scatterload_copy), UNUSED)

<P><STRONG><a name="[145]"></a>__scatterload_null</STRONG> (Thumb, 2 bytes, Stack size unknown bytes, handlers.o(i.__scatterload_null), UNUSED)

<P><STRONG><a name="[146]"></a>__scatterload_zeroinit</STRONG> (Thumb, 14 bytes, Stack size unknown bytes, handlers.o(i.__scatterload_zeroinit), UNUSED)

<P><STRONG><a name="[9d]"></a>_do_help</STRONG> (Thumb, 280 bytes, Stack size 56 bytes, command.o(i._do_help))
<BR><BR>[Stack]<UL><LI>Max Depth = 120 + Unknown Stack Size
<LI>Call Chain = _do_help &rArr; ctrlc &rArr; tstc &rArr; debug_cahce_empty &rArr; raw_queue_size_get_information
</UL>
<BR>[Calls]<UL><LI><a href="#[a2]">&gt;&gt;</a>&nbsp;&nbsp;&nbsp;find_cmd_tbl
<LI><a href="#[a3]">&gt;&gt;</a>&nbsp;&nbsp;&nbsp;cmd_usage
<LI><a href="#[a0]">&gt;&gt;</a>&nbsp;&nbsp;&nbsp;ctrlc
<LI><a href="#[9e]">&gt;&gt;</a>&nbsp;&nbsp;&nbsp;malloc
<LI><a href="#[a1]">&gt;&gt;</a>&nbsp;&nbsp;&nbsp;free
<LI><a href="#[9f]">&gt;&gt;</a>&nbsp;&nbsp;&nbsp;strcmp
</UL>
<BR>[Called By]<UL><LI><a href="#[59]">&gt;&gt;</a>&nbsp;&nbsp;&nbsp;do_help
</UL>

<P><STRONG><a name="[a4]"></a>add_ready_list</STRONG> (Thumb, 38 bytes, Stack size 16 bytes, raw_pend.o(i.add_ready_list))
<BR><BR>[Stack]<UL><LI>Max Depth = 44<LI>Call Chain = add_ready_list &rArr; add_ready_list_head &rArr; bit_set
</UL>
<BR>[Calls]<UL><LI><a href="#[a6]">&gt;&gt;</a>&nbsp;&nbsp;&nbsp;add_ready_list_head
<LI><a href="#[a5]">&gt;&gt;</a>&nbsp;&nbsp;&nbsp;add_ready_list_end
</UL>
<BR>[Called By]<UL><LI><a href="#[11b]">&gt;&gt;</a>&nbsp;&nbsp;&nbsp;task_resume
<LI><a href="#[f8]">&gt;&gt;</a>&nbsp;&nbsp;&nbsp;pend_task_wake_up
<LI><a href="#[132]">&gt;&gt;</a>&nbsp;&nbsp;&nbsp;tick_list_update
</UL>

<P><STRONG><a name="[a5]"></a>add_ready_list_end</STRONG> (Thumb, 40 bytes, Stack size 16 bytes, raw_pend.o(i.add_ready_list_end))
<BR><BR>[Stack]<UL><LI>Max Depth = 28<LI>Call Chain = add_ready_list_end &rArr; bit_set
</UL>
<BR>[Calls]<UL><LI><a href="#[a7]">&gt;&gt;</a>&nbsp;&nbsp;&nbsp;list_insert
<LI><a href="#[a8]">&gt;&gt;</a>&nbsp;&nbsp;&nbsp;bit_set
</UL>
<BR>[Called By]<UL><LI><a href="#[dc]">&gt;&gt;</a>&nbsp;&nbsp;&nbsp;raw_task_create
<LI><a href="#[a4]">&gt;&gt;</a>&nbsp;&nbsp;&nbsp;add_ready_list
<LI><a href="#[b0]">&gt;&gt;</a>&nbsp;&nbsp;&nbsp;change_internal_task_priority
</UL>

<P><STRONG><a name="[a6]"></a>add_ready_list_head</STRONG> (Thumb, 40 bytes, Stack size 16 bytes, raw_pend.o(i.add_ready_list_head))
<BR><BR>[Stack]<UL><LI>Max Depth = 28<LI>Call Chain = add_ready_list_head &rArr; bit_set
</UL>
<BR>[Calls]<UL><LI><a href="#[a7]">&gt;&gt;</a>&nbsp;&nbsp;&nbsp;list_insert
<LI><a href="#[a8]">&gt;&gt;</a>&nbsp;&nbsp;&nbsp;bit_set
</UL>
<BR>[Called By]<UL><LI><a href="#[a4]">&gt;&gt;</a>&nbsp;&nbsp;&nbsp;add_ready_list
<LI><a href="#[b0]">&gt;&gt;</a>&nbsp;&nbsp;&nbsp;change_internal_task_priority
</UL>

<P><STRONG><a name="[123]"></a>bit_search_first_one</STRONG> (Thumb, 146 bytes, Stack size 20 bytes, raw_system.o(i.bit_search_first_one))
<BR><BR>[Stack]<UL><LI>Max Depth = 20<LI>Call Chain = bit_search_first_one
</UL>
<BR>[Called By]<UL><LI><a href="#[b1]">&gt;&gt;</a>&nbsp;&nbsp;&nbsp;remove_ready_list
</UL>

<P><STRONG><a name="[aa]"></a>block_state_post_process</STRONG> (Thumb, 74 bytes, Stack size 24 bytes, raw_system.o(i.block_state_post_process))
<BR><BR>[Stack]<UL><LI>Max Depth = 24 + Unknown Stack Size
<LI>Call Chain = block_state_post_process
</UL>
<BR>[Calls]<UL><LI><a href="#[ab]">&gt;&gt;</a>&nbsp;&nbsp;&nbsp;OS_CPU_SR_Save
</UL>
<BR>[Called By]<UL><LI><a href="#[113]">&gt;&gt;</a>&nbsp;&nbsp;&nbsp;raw_semaphore_get
<LI><a href="#[d7]">&gt;&gt;</a>&nbsp;&nbsp;&nbsp;raw_sleep
<LI><a href="#[eb]">&gt;&gt;</a>&nbsp;&nbsp;&nbsp;raw_mutex_get
<LI><a href="#[111]">&gt;&gt;</a>&nbsp;&nbsp;&nbsp;raw_queue_size_receive
</UL>

<P><STRONG><a name="[ac]"></a>calculate_time_slice</STRONG> (Thumb, 150 bytes, Stack size 24 bytes, raw_sched.o(i.calculate_time_slice))
<BR><BR>[Stack]<UL><LI>Max Depth = 40 + Unknown Stack Size
<LI>Call Chain = calculate_time_slice &rArr; move_to_ready_list_end
</UL>
<BR>[Calls]<UL><LI><a href="#[ab]">&gt;&gt;</a>&nbsp;&nbsp;&nbsp;OS_CPU_SR_Save
<LI><a href="#[ae]">&gt;&gt;</a>&nbsp;&nbsp;&nbsp;move_to_ready_list_end
<LI><a href="#[ad]">&gt;&gt;</a>&nbsp;&nbsp;&nbsp;OS_CPU_SR_Restore
</UL>
<BR>[Called By]<UL><LI><a href="#[88]">&gt;&gt;</a>&nbsp;&nbsp;&nbsp;raw_time_tick
</UL>

<P><STRONG><a name="[af]"></a>call_timer_task</STRONG> (Thumb, 30 bytes, Stack size 8 bytes, raw_timer.o(i.call_timer_task))
<BR><BR>[Stack]<UL><LI>Max Depth = 116 + Unknown Stack Size
<LI>Call Chain = call_timer_task &rArr; raw_semaphore_put &rArr; semaphore_put &rArr; raw_wake_object &rArr; pend_task_wake_up &rArr; add_ready_list &rArr; add_ready_list_head &rArr; bit_set
</UL>
<BR>[Calls]<UL><LI><a href="#[95]">&gt;&gt;</a>&nbsp;&nbsp;&nbsp;raw_semaphore_put
</UL>
<BR>[Called By]<UL><LI><a href="#[88]">&gt;&gt;</a>&nbsp;&nbsp;&nbsp;raw_time_tick
</UL>

<P><STRONG><a name="[b0]"></a>change_internal_task_priority</STRONG> (Thumb, 112 bytes, Stack size 16 bytes, raw_task.o(i.change_internal_task_priority))
<BR><BR>[Stack]<UL><LI>Max Depth = 88 + Unknown Stack Size
<LI>Call Chain = change_internal_task_priority &rArr; remove_ready_list &rArr; port_system_error_process
</UL>
<BR>[Calls]<UL><LI><a href="#[b1]">&gt;&gt;</a>&nbsp;&nbsp;&nbsp;remove_ready_list
<LI><a href="#[b2]">&gt;&gt;</a>&nbsp;&nbsp;&nbsp;change_pend_list_priority
<LI><a href="#[a6]">&gt;&gt;</a>&nbsp;&nbsp;&nbsp;add_ready_list_head
<LI><a href="#[a5]">&gt;&gt;</a>&nbsp;&nbsp;&nbsp;add_ready_list_end
<LI><a href="#[b3]">&gt;&gt;</a>&nbsp;&nbsp;&nbsp;mtx_chg_pri
</UL>
<BR>[Called By]<UL><LI><a href="#[ec]">&gt;&gt;</a>&nbsp;&nbsp;&nbsp;raw_mutex_put
<LI><a href="#[eb]">&gt;&gt;</a>&nbsp;&nbsp;&nbsp;raw_mutex_get
<LI><a href="#[b3]">&gt;&gt;</a>&nbsp;&nbsp;&nbsp;mtx_chg_pri
<LI><a href="#[f6]">&gt;&gt;</a>&nbsp;&nbsp;&nbsp;release_mutex
</UL>

<P><STRONG><a name="[b2]"></a>change_pend_list_priority</STRONG> (Thumb, 26 bytes, Stack size 16 bytes, raw_pend.o(i.change_pend_list_priority))
<BR><BR>[Stack]<UL><LI>Max Depth = 48<LI>Call Chain = change_pend_list_priority &rArr; add_to_priority_list
</UL>
<BR>[Calls]<UL><LI><a href="#[b4]">&gt;&gt;</a>&nbsp;&nbsp;&nbsp;list_delete
<LI><a href="#[a9]">&gt;&gt;</a>&nbsp;&nbsp;&nbsp;add_to_priority_list
</UL>
<BR>[Called By]<UL><LI><a href="#[b0]">&gt;&gt;</a>&nbsp;&nbsp;&nbsp;change_internal_task_priority
</UL>

<P><STRONG><a name="[c2]"></a>clear_ctrlc</STRONG> (Thumb, 8 bytes, Stack size 0 bytes, cli_port.o(i.clear_ctrlc))
<BR><BR>[Called By]<UL><LI><a href="#[c1]">&gt;&gt;</a>&nbsp;&nbsp;&nbsp;cli_simple_run_command
</UL>

<P><STRONG><a name="[e7]"></a>cli_init</STRONG> (Thumb, 2 bytes, Stack size 0 bytes, cli.o(i.cli_init))
<BR><BR>[Called By]<UL><LI><a href="#[4d]">&gt;&gt;</a>&nbsp;&nbsp;&nbsp;debug_shell_task
</UL>

<P><STRONG><a name="[b6]"></a>cli_loop</STRONG> (Thumb, 8 bytes, Stack size 8 bytes, cli.o(i.cli_loop))
<BR><BR>[Stack]<UL><LI>Max Depth = 460 + Unknown Stack Size
<LI>Call Chain = cli_loop &rArr; cli_simple_loop &rArr; cli_readline &rArr; cli_readline_into_buffer &rArr; cread_line &rArr; cmd_auto_complete &rArr; complete_cmdv &rArr; find_cmd &rArr; find_cmd_tbl &rArr; strncmp
</UL>
<BR>[Calls]<UL><LI><a href="#[b7]">&gt;&gt;</a>&nbsp;&nbsp;&nbsp;cli_simple_loop
</UL>
<BR>[Called By]<UL><LI><a href="#[4d]">&gt;&gt;</a>&nbsp;&nbsp;&nbsp;debug_shell_task
</UL>

<P><STRONG><a name="[ba]"></a>cli_readline</STRONG> (Thumb, 20 bytes, Stack size 8 bytes, cli_readline.o(i.cli_readline))
<BR><BR>[Stack]<UL><LI>Max Depth = 452 + Unknown Stack Size
<LI>Call Chain = cli_readline &rArr; cli_readline_into_buffer &rArr; cread_line &rArr; cmd_auto_complete &rArr; complete_cmdv &rArr; find_cmd &rArr; find_cmd_tbl &rArr; strncmp
</UL>
<BR>[Calls]<UL><LI><a href="#[bb]">&gt;&gt;</a>&nbsp;&nbsp;&nbsp;cli_readline_into_buffer
</UL>
<BR>[Called By]<UL><LI><a href="#[b7]">&gt;&gt;</a>&nbsp;&nbsp;&nbsp;cli_simple_loop
</UL>

<P><STRONG><a name="[bb]"></a>cli_readline_into_buffer</STRONG> (Thumb, 70 bytes, Stack size 32 bytes, cli_readline.o(i.cli_readline_into_buffer))
<BR><BR>[Stack]<UL><LI>Max Depth = 444 + Unknown Stack Size
<LI>Call Chain = cli_readline_into_buffer &rArr; cread_line &rArr; cmd_auto_complete &rArr; complete_cmdv &rArr; find_cmd &rArr; find_cmd_tbl &rArr; strncmp
</UL>
<BR>[Calls]<UL><LI><a href="#[bc]">&gt;&gt;</a>&nbsp;&nbsp;&nbsp;hist_init
<LI><a href="#[bd]">&gt;&gt;</a>&nbsp;&nbsp;&nbsp;cread_line
</UL>
<BR>[Called By]<UL><LI><a href="#[ba]">&gt;&gt;</a>&nbsp;&nbsp;&nbsp;cli_readline
</UL>

<P><STRONG><a name="[b7]"></a>cli_simple_loop</STRONG> (Thumb, 78 bytes, Stack size 0 bytes, cli_simple.o(i.cli_simple_loop))
<BR><BR>[Stack]<UL><LI>Max Depth = 452 + Unknown Stack Size
<LI>Call Chain = cli_simple_loop &rArr; cli_readline &rArr; cli_readline_into_buffer &rArr; cread_line &rArr; cmd_auto_complete &rArr; complete_cmdv &rArr; find_cmd &rArr; find_cmd_tbl &rArr; strncmp
</UL>
<BR>[Calls]<UL><LI><a href="#[be]">&gt;&gt;</a>&nbsp;&nbsp;&nbsp;bootretry_reset_cmd_timeout
<LI><a href="#[ba]">&gt;&gt;</a>&nbsp;&nbsp;&nbsp;cli_readline
<LI><a href="#[c0]">&gt;&gt;</a>&nbsp;&nbsp;&nbsp;run_command_repeatable
<LI><a href="#[bf]">&gt;&gt;</a>&nbsp;&nbsp;&nbsp;strcpy
</UL>
<BR>[Called By]<UL><LI><a href="#[b6]">&gt;&gt;</a>&nbsp;&nbsp;&nbsp;cli_loop
</UL>

<P><STRONG><a name="[c4]"></a>cli_simple_parse_line</STRONG> (Thumb, 106 bytes, Stack size 16 bytes, cli_simple.o(i.cli_simple_parse_line))
<BR><BR>[Stack]<UL><LI>Max Depth = 16<LI>Call Chain = cli_simple_parse_line
</UL>
<BR>[Called By]<UL><LI><a href="#[c1]">&gt;&gt;</a>&nbsp;&nbsp;&nbsp;cli_simple_run_command
</UL>

<P><STRONG><a name="[c1]"></a>cli_simple_run_command</STRONG> (Thumb, 244 bytes, Stack size 232 bytes, cli_simple.o(i.cli_simple_run_command))
<BR><BR>[Stack]<UL><LI>Max Depth = 352<LI>Call Chain = cli_simple_run_command &rArr; process_macros
</UL>
<BR>[Calls]<UL><LI><a href="#[c5]">&gt;&gt;</a>&nbsp;&nbsp;&nbsp;cmd_process
<LI><a href="#[c4]">&gt;&gt;</a>&nbsp;&nbsp;&nbsp;cli_simple_parse_line
<LI><a href="#[c3]">&gt;&gt;</a>&nbsp;&nbsp;&nbsp;process_macros
<LI><a href="#[c6]">&gt;&gt;</a>&nbsp;&nbsp;&nbsp;had_ctrlc
<LI><a href="#[c2]">&gt;&gt;</a>&nbsp;&nbsp;&nbsp;clear_ctrlc
<LI><a href="#[bf]">&gt;&gt;</a>&nbsp;&nbsp;&nbsp;strcpy
<LI><a href="#[b9]">&gt;&gt;</a>&nbsp;&nbsp;&nbsp;strlen
</UL>
<BR>[Called By]<UL><LI><a href="#[c0]">&gt;&gt;</a>&nbsp;&nbsp;&nbsp;run_command_repeatable
</UL>

<P><STRONG><a name="[c7]"></a>cmd_auto_complete</STRONG> (Thumb, 400 bytes, Stack size 184 bytes, command.o(i.cmd_auto_complete))
<BR><BR>[Stack]<UL><LI>Max Depth = 324<LI>Call Chain = cmd_auto_complete &rArr; complete_cmdv &rArr; find_cmd &rArr; find_cmd_tbl &rArr; strncmp
</UL>
<BR>[Calls]<UL><LI><a href="#[cb]">&gt;&gt;</a>&nbsp;&nbsp;&nbsp;print_argv
<LI><a href="#[c8]">&gt;&gt;</a>&nbsp;&nbsp;&nbsp;make_argv
<LI><a href="#[ca]">&gt;&gt;</a>&nbsp;&nbsp;&nbsp;find_common_prefix
<LI><a href="#[c9]">&gt;&gt;</a>&nbsp;&nbsp;&nbsp;complete_cmdv
<LI><a href="#[bf]">&gt;&gt;</a>&nbsp;&nbsp;&nbsp;strcpy
<LI><a href="#[9f]">&gt;&gt;</a>&nbsp;&nbsp;&nbsp;strcmp
<LI><a href="#[b9]">&gt;&gt;</a>&nbsp;&nbsp;&nbsp;strlen
</UL>
<BR>[Called By]<UL><LI><a href="#[bd]">&gt;&gt;</a>&nbsp;&nbsp;&nbsp;cread_line
</UL>

<P><STRONG><a name="[c5]"></a>cmd_process</STRONG> (Thumb, 128 bytes, Stack size 32 bytes, command.o(i.cmd_process))
<BR><BR>[Stack]<UL><LI>Max Depth = 100<LI>Call Chain = cmd_process &rArr; find_cmd &rArr; find_cmd_tbl &rArr; strncmp
</UL>
<BR>[Calls]<UL><LI><a href="#[cc]">&gt;&gt;</a>&nbsp;&nbsp;&nbsp;find_cmd
<LI><a href="#[a3]">&gt;&gt;</a>&nbsp;&nbsp;&nbsp;cmd_usage
<LI><a href="#[cd]">&gt;&gt;</a>&nbsp;&nbsp;&nbsp;get_timer
<LI><a href="#[ce]">&gt;&gt;</a>&nbsp;&nbsp;&nbsp;cmd_call
</UL>
<BR>[Called By]<UL><LI><a href="#[c1]">&gt;&gt;</a>&nbsp;&nbsp;&nbsp;cli_simple_run_command
</UL>

<P><STRONG><a name="[a3]"></a>cmd_usage</STRONG> (Thumb, 62 bytes, Stack size 8 bytes, command.o(i.cmd_usage))
<BR><BR>[Stack]<UL><LI>Max Depth = 8<LI>Call Chain = cmd_usage
</UL>
<BR>[Called By]<UL><LI><a href="#[9d]">&gt;&gt;</a>&nbsp;&nbsp;&nbsp;_do_help
<LI><a href="#[c5]">&gt;&gt;</a>&nbsp;&nbsp;&nbsp;cmd_process
</UL>

<P><STRONG><a name="[db]"></a>create_init_task</STRONG> (Thumb, 40 bytes, Stack size 24 bytes, sys_init.o(i.create_init_task))
<BR><BR>[Stack]<UL><LI>Max Depth = 108 + Unknown Stack Size
<LI>Call Chain = create_init_task &rArr; raw_task_create &rArr; add_ready_list_end &rArr; bit_set
</UL>
<BR>[Calls]<UL><LI><a href="#[dc]">&gt;&gt;</a>&nbsp;&nbsp;&nbsp;raw_task_create
</UL>
<BR>[Called By]<UL><LI><a href="#[46]">&gt;&gt;</a>&nbsp;&nbsp;&nbsp;main
</UL>

<P><STRONG><a name="[a0]"></a>ctrlc</STRONG> (Thumb, 40 bytes, Stack size 8 bytes, cli_port.o(i.ctrlc))
<BR><BR>[Stack]<UL><LI>Max Depth = 64 + Unknown Stack Size
<LI>Call Chain = ctrlc &rArr; tstc &rArr; debug_cahce_empty &rArr; raw_queue_size_get_information
</UL>
<BR>[Calls]<UL><LI><a href="#[d8]">&gt;&gt;</a>&nbsp;&nbsp;&nbsp;tstc
</UL>
<BR>[Called By]<UL><LI><a href="#[9d]">&gt;&gt;</a>&nbsp;&nbsp;&nbsp;_do_help
</UL>

<P><STRONG><a name="[dd]"></a>debug_cahce_empty</STRONG> (Thumb, 58 bytes, Stack size 24 bytes, debug_uart.o(i.debug_cahce_empty))
<BR><BR>[Stack]<UL><LI>Max Depth = 48 + Unknown Stack Size
<LI>Call Chain = debug_cahce_empty &rArr; raw_queue_size_get_information
</UL>
<BR>[Calls]<UL><LI><a href="#[de]">&gt;&gt;</a>&nbsp;&nbsp;&nbsp;raw_queue_size_get_information
<LI><a href="#[ab]">&gt;&gt;</a>&nbsp;&nbsp;&nbsp;OS_CPU_SR_Save
</UL>
<BR>[Called By]<UL><LI><a href="#[d8]">&gt;&gt;</a>&nbsp;&nbsp;&nbsp;tstc
</UL>

<P><STRONG><a name="[e2]"></a>debug_putc</STRONG> (Thumb, 12 bytes, Stack size 8 bytes, debug_uart.o(i.debug_putc))
<BR><BR>[Stack]<UL><LI>Max Depth = 8<LI>Call Chain = debug_putc
</UL>
<BR>[Calls]<UL><LI><a href="#[e3]">&gt;&gt;</a>&nbsp;&nbsp;&nbsp;debug_putchar
</UL>
<BR>[Called By]<UL><LI><a href="#[fd]">&gt;&gt;</a>&nbsp;&nbsp;&nbsp;printchar
</UL>

<P><STRONG><a name="[b5]"></a>debug_read</STRONG> (Thumb, 18 bytes, Stack size 16 bytes, debug_uart.o(i.debug_read))
<BR><BR>[Stack]<UL><LI>Max Depth = 224 + Unknown Stack Size
<LI>Call Chain = debug_read &rArr; serial_read &rArr; serial_read_noblock &rArr; serial_fifo_cache_refresh &rArr; raw_queue_size_receive &rArr; raw_pend_object &rArr; remove_ready_list &rArr; port_system_error_process
</UL>
<BR>[Calls]<UL><LI><a href="#[e4]">&gt;&gt;</a>&nbsp;&nbsp;&nbsp;serial_read
</UL>
<BR>[Called By]<UL><LI><a href="#[57]">&gt;&gt;</a>&nbsp;&nbsp;&nbsp;cli_getc
</UL>

<P><STRONG><a name="[e5]"></a>debug_serial_init</STRONG> (Thumb, 12 bytes, Stack size 8 bytes, debug_uart.o(i.debug_serial_init))
<BR><BR>[Stack]<UL><LI>Max Depth = 132 + Unknown Stack Size
<LI>Call Chain = debug_serial_init &rArr; debug_uart_init &rArr; debug_usart1_init &rArr; Pub_Uart_Hardware_Cfg &rArr; USART_Init &rArr; RCC_GetClocksFreq
</UL>
<BR>[Calls]<UL><LI><a href="#[e6]">&gt;&gt;</a>&nbsp;&nbsp;&nbsp;debug_uart_init
<LI><a href="#[df]">&gt;&gt;</a>&nbsp;&nbsp;&nbsp;debug_fifo_init
</UL>
<BR>[Called By]<UL><LI><a href="#[4a]">&gt;&gt;</a>&nbsp;&nbsp;&nbsp;sys_init_task
</UL>

<P><STRONG><a name="[b8]"></a>debug_write</STRONG> (Thumb, 86 bytes, Stack size 32 bytes, debug_uart.o(i.debug_write))
<BR><BR>[Stack]<UL><LI>Max Depth = 160 + Unknown Stack Size
<LI>Call Chain = debug_write &rArr; raw_mutex_get &rArr; change_internal_task_priority &rArr; remove_ready_list &rArr; port_system_error_process
</UL>
<BR>[Calls]<UL><LI><a href="#[ec]">&gt;&gt;</a>&nbsp;&nbsp;&nbsp;raw_mutex_put
<LI><a href="#[eb]">&gt;&gt;</a>&nbsp;&nbsp;&nbsp;raw_mutex_get
<LI><a href="#[ab]">&gt;&gt;</a>&nbsp;&nbsp;&nbsp;OS_CPU_SR_Save
<LI><a href="#[e3]">&gt;&gt;</a>&nbsp;&nbsp;&nbsp;debug_putchar
</UL>
<BR>[Called By]<UL><LI><a href="#[55]">&gt;&gt;</a>&nbsp;&nbsp;&nbsp;cli_puts
<LI><a href="#[56]">&gt;&gt;</a>&nbsp;&nbsp;&nbsp;cli_putnstr
</UL>

<P><STRONG><a name="[cc]"></a>find_cmd</STRONG> (Thumb, 28 bytes, Stack size 16 bytes, command.o(i.find_cmd))
<BR><BR>[Stack]<UL><LI>Max Depth = 68<LI>Call Chain = find_cmd &rArr; find_cmd_tbl &rArr; strncmp
</UL>
<BR>[Calls]<UL><LI><a href="#[cf]">&gt;&gt;</a>&nbsp;&nbsp;&nbsp;__ll_entry_start
<LI><a href="#[d0]">&gt;&gt;</a>&nbsp;&nbsp;&nbsp;__ll_entry_count
<LI><a href="#[a2]">&gt;&gt;</a>&nbsp;&nbsp;&nbsp;find_cmd_tbl
</UL>
<BR>[Called By]<UL><LI><a href="#[c9]">&gt;&gt;</a>&nbsp;&nbsp;&nbsp;complete_cmdv
<LI><a href="#[c5]">&gt;&gt;</a>&nbsp;&nbsp;&nbsp;cmd_process
</UL>

<P><STRONG><a name="[a2]"></a>find_cmd_tbl</STRONG> (Thumb, 112 bytes, Stack size 40 bytes, command.o(i.find_cmd_tbl))
<BR><BR>[Stack]<UL><LI>Max Depth = 52<LI>Call Chain = find_cmd_tbl &rArr; strncmp
</UL>
<BR>[Calls]<UL><LI><a href="#[ee]">&gt;&gt;</a>&nbsp;&nbsp;&nbsp;strncmp
<LI><a href="#[b9]">&gt;&gt;</a>&nbsp;&nbsp;&nbsp;strlen
<LI><a href="#[d1]">&gt;&gt;</a>&nbsp;&nbsp;&nbsp;strchr
</UL>
<BR>[Called By]<UL><LI><a href="#[cc]">&gt;&gt;</a>&nbsp;&nbsp;&nbsp;find_cmd
<LI><a href="#[9d]">&gt;&gt;</a>&nbsp;&nbsp;&nbsp;_do_help
</UL>

<P><STRONG><a name="[a1]"></a>free</STRONG> (Thumb, 76 bytes, Stack size 8 bytes, malloc.o(i.free))
<BR><BR>[Stack]<UL><LI>Max Depth = 8<LI>Call Chain = free
</UL>
<BR>[Called By]<UL><LI><a href="#[9d]">&gt;&gt;</a>&nbsp;&nbsp;&nbsp;_do_help
</UL>

<P><STRONG><a name="[101]"></a>get_ready_task</STRONG> (Thumb, 18 bytes, Stack size 8 bytes, raw_pend.o(i.get_ready_task))
<BR><BR>[Stack]<UL><LI>Max Depth = 8<LI>Call Chain = get_ready_task
</UL>
<BR>[Called By]<UL><LI><a href="#[6c]">&gt;&gt;</a>&nbsp;&nbsp;&nbsp;raw_finish_int
<LI><a href="#[f0]">&gt;&gt;</a>&nbsp;&nbsp;&nbsp;raw_os_start
<LI><a href="#[f4]">&gt;&gt;</a>&nbsp;&nbsp;&nbsp;raw_sched
</UL>

<P><STRONG><a name="[12c]"></a>get_shell_task_obj</STRONG> (Thumb, 4 bytes, Stack size 0 bytes, debug_uart.o(i.get_shell_task_obj))
<BR><BR>[Called By]<UL><LI><a href="#[4a]">&gt;&gt;</a>&nbsp;&nbsp;&nbsp;sys_init_task
</UL>

<P><STRONG><a name="[c6]"></a>had_ctrlc</STRONG> (Thumb, 6 bytes, Stack size 0 bytes, cli_port.o(i.had_ctrlc))
<BR><BR>[Called By]<UL><LI><a href="#[c1]">&gt;&gt;</a>&nbsp;&nbsp;&nbsp;cli_simple_run_command
</UL>

<P><STRONG><a name="[46]"></a>main</STRONG> (Thumb, 22 bytes, Stack size 8 bytes, main.o(i.main))
<BR><BR>[Stack]<UL><LI>Max Depth = 140 + Unknown Stack Size
<LI>Call Chain = main &rArr; raw_os_init &rArr; tick_task_start &rArr; raw_task_create &rArr; add_ready_list_end &rArr; bit_set
</UL>
<BR>[Calls]<UL><LI><a href="#[f0]">&gt;&gt;</a>&nbsp;&nbsp;&nbsp;raw_os_start
<LI><a href="#[ef]">&gt;&gt;</a>&nbsp;&nbsp;&nbsp;raw_os_init
<LI><a href="#[db]">&gt;&gt;</a>&nbsp;&nbsp;&nbsp;create_init_task
<LI><a href="#[61]">&gt;&gt;</a>&nbsp;&nbsp;&nbsp;BSP_Init
</UL>
<BR>[Address Reference Count : 1]<UL><LI> entry9a.o(.ARM.Collect$$$$0000000B)
</UL>
<P><STRONG><a name="[9e]"></a>malloc</STRONG> (Thumb, 92 bytes, Stack size 20 bytes, malloc.o(i.malloc))
<BR><BR>[Stack]<UL><LI>Max Depth = 20<LI>Call Chain = malloc
</UL>
<BR>[Called By]<UL><LI><a href="#[9d]">&gt;&gt;</a>&nbsp;&nbsp;&nbsp;_do_help
</UL>

<P><STRONG><a name="[ae]"></a>move_to_ready_list_end</STRONG> (Thumb, 30 bytes, Stack size 16 bytes, raw_pend.o(i.move_to_ready_list_end))
<BR><BR>[Stack]<UL><LI>Max Depth = 16<LI>Call Chain = move_to_ready_list_end
</UL>
<BR>[Calls]<UL><LI><a href="#[a7]">&gt;&gt;</a>&nbsp;&nbsp;&nbsp;list_insert
<LI><a href="#[b4]">&gt;&gt;</a>&nbsp;&nbsp;&nbsp;list_delete
</UL>
<BR>[Called By]<UL><LI><a href="#[d7]">&gt;&gt;</a>&nbsp;&nbsp;&nbsp;raw_sleep
<LI><a href="#[ac]">&gt;&gt;</a>&nbsp;&nbsp;&nbsp;calculate_time_slice
</UL>

<P><STRONG><a name="[f1]"></a>msg_size_post</STRONG> (Thumb, 242 bytes, Stack size 40 bytes, raw_queue_size.o(i.msg_size_post))
<BR><BR>[Stack]<UL><LI>Max Depth = 124 + Unknown Stack Size
<LI>Call Chain = msg_size_post &rArr; wake_send_msg_size &rArr; pend_task_wake_up &rArr; add_ready_list &rArr; add_ready_list_head &rArr; bit_set
</UL>
<BR>[Calls]<UL><LI><a href="#[ab]">&gt;&gt;</a>&nbsp;&nbsp;&nbsp;OS_CPU_SR_Save
<LI><a href="#[f2]">&gt;&gt;</a>&nbsp;&nbsp;&nbsp;is_list_empty
<LI><a href="#[f3]">&gt;&gt;</a>&nbsp;&nbsp;&nbsp;wake_send_msg_size
<LI><a href="#[f4]">&gt;&gt;</a>&nbsp;&nbsp;&nbsp;raw_sched
<LI><a href="#[ad]">&gt;&gt;</a>&nbsp;&nbsp;&nbsp;OS_CPU_SR_Restore
</UL>
<BR>[Called By]<UL><LI><a href="#[110]">&gt;&gt;</a>&nbsp;&nbsp;&nbsp;raw_queue_size_end_post
</UL>

<P><STRONG><a name="[b3]"></a>mtx_chg_pri</STRONG> (Thumb, 128 bytes, Stack size 32 bytes, raw_mutex.o(i.mtx_chg_pri))
<BR><BR>[Stack]<UL><LI>Max Depth = 72 + Unknown Stack Size
 + In Cycle
<LI>Call Chain = mtx_chg_pri &rArr;  change_internal_task_priority (Cycle)
</UL>
<BR>[Calls]<UL><LI><a href="#[f5]">&gt;&gt;</a>&nbsp;&nbsp;&nbsp;port_system_error_process
<LI><a href="#[b0]">&gt;&gt;</a>&nbsp;&nbsp;&nbsp;change_internal_task_priority
<LI><a href="#[f6]">&gt;&gt;</a>&nbsp;&nbsp;&nbsp;release_mutex
</UL>
<BR>[Called By]<UL><LI><a href="#[b0]">&gt;&gt;</a>&nbsp;&nbsp;&nbsp;change_internal_task_priority
</UL>

<P><STRONG><a name="[f7]"></a>mutex_state_change</STRONG> (Thumb, 38 bytes, Stack size 16 bytes, raw_mutex.o(i.mutex_state_change))
<BR><BR>[Stack]<UL><LI>Max Depth = 56<LI>Call Chain = mutex_state_change &rArr; release_mutex &rArr;  change_internal_task_priority (Cycle)
</UL>
<BR>[Calls]<UL><LI><a href="#[f6]">&gt;&gt;</a>&nbsp;&nbsp;&nbsp;release_mutex
</UL>
<BR>[Called By]<UL><LI><a href="#[132]">&gt;&gt;</a>&nbsp;&nbsp;&nbsp;tick_list_update
</UL>

<P><STRONG><a name="[100]"></a>port_isr_stack_check</STRONG> (Thumb, 2 bytes, Stack size 0 bytes, port.o(i.port_isr_stack_check))
<BR><BR>[Called By]<UL><LI><a href="#[6c]">&gt;&gt;</a>&nbsp;&nbsp;&nbsp;raw_finish_int
</UL>

<P><STRONG><a name="[118]"></a>port_stack_init</STRONG> (Thumb, 168 bytes, Stack size 20 bytes, port.o(i.port_stack_init))
<BR><BR>[Stack]<UL><LI>Max Depth = 20<LI>Call Chain = port_stack_init
</UL>
<BR>[Called By]<UL><LI><a href="#[dc]">&gt;&gt;</a>&nbsp;&nbsp;&nbsp;raw_task_create
</UL>

<P><STRONG><a name="[f5]"></a>port_system_error_process</STRONG> (Thumb, 140 bytes, Stack size 40 bytes, port_error_process.o(i.port_system_error_process))
<BR><BR>[Stack]<UL><LI>Max Depth = 40 + Unknown Stack Size
<LI>Call Chain = port_system_error_process
</UL>
<BR>[Calls]<UL><LI><a href="#[ab]">&gt;&gt;</a>&nbsp;&nbsp;&nbsp;OS_CPU_SR_Save
</UL>
<BR>[Called By]<UL><LI><a href="#[eb]">&gt;&gt;</a>&nbsp;&nbsp;&nbsp;raw_mutex_get
<LI><a href="#[67]">&gt;&gt;</a>&nbsp;&nbsp;&nbsp;raw_enter_interrupt
<LI><a href="#[5f]">&gt;&gt;</a>&nbsp;&nbsp;&nbsp;raw_stack_check
<LI><a href="#[b1]">&gt;&gt;</a>&nbsp;&nbsp;&nbsp;remove_ready_list
<LI><a href="#[f8]">&gt;&gt;</a>&nbsp;&nbsp;&nbsp;pend_task_wake_up
<LI><a href="#[b3]">&gt;&gt;</a>&nbsp;&nbsp;&nbsp;mtx_chg_pri
[...]
</UL>
<BR>[Calls]<UL><LI><a href="#[12d]">&gt;&gt;</a>&nbsp;&nbsp;&nbsp;sys_len_init
<LI><a href="#[12e]">&gt;&gt;</a>&nbsp;&nbsp;&nbsp;sys_led_on
<LI><a href="#[12f]">&gt;&gt;</a>&nbsp;&nbsp;&nbsp;sys_led_off
<LI><a href="#[d7]">&gt;&gt;</a>&nbsp;&nbsp;&nbsp;raw_sleep
<LI><a href="#[58]">&gt;&gt;</a>&nbsp;&nbsp;&nbsp;raw_printf
</UL>
<BR>[Address Reference Count : 1]<UL><LI> led.o(i.sys_led_init)
</UL>
<P><STRONG><a name="[12d]"></a>sys_len_init</STRONG> (Thumb, 52 bytes, Stack size 16 bytes, led.o(i.sys_len_init))
<BR><BR>[Stack]<UL><LI>Max Depth = 40<LI>Call Chain = sys_len_init &rArr; GPIO_Init
</UL>
<BR>[Calls]<UL><LI><a href="#[6e]">&gt;&gt;</a>&nbsp;&nbsp;&nbsp;GPIO_Init
</UL>
<BR>[Called By]<UL><LI><a href="#[4e]">&gt;&gt;</a>&nbsp;&nbsp;&nbsp;sys_led_task
</UL>

<P><STRONG><a name="[86]"></a>SetSysClock</STRONG> (Thumb, 8 bytes, Stack size 8 bytes, system_stm32f10x.o(i.SetSysClock))
<BR><BR>[Stack]<UL><LI>Max Depth = 20<LI>Call Chain = SetSysClock &rArr; SetSysClockTo72
</UL>
<BR>[Calls]<UL><LI><a href="#[87]">&gt;&gt;</a>&nbsp;&nbsp;&nbsp;SetSysClockTo72
</UL>
<BR>[Called By]<UL><LI><a href="#[47]">&gt;&gt;</a>&nbsp;&nbsp;&nbsp;SystemInit
</UL>

<P><STRONG><a name="[87]"></a>SetSysClockTo72</STRONG> (Thumb, 214 bytes, Stack size 12 bytes, system_stm32f10x.o(i.SetSysClockTo72))
<BR><BR>[Stack]<UL><LI>Max Depth = 12<LI>Call Chain = SetSysClockTo72
</UL>
<BR>[Called By]<UL><LI><a href="#[86]">&gt;&gt;</a>&nbsp;&nbsp;&nbsp;SetSysClock
</UL>

<P><STRONG><a name="[105]"></a>is_list_empty</STRONG> (Thumb, 16 bytes, Stack size 0 bytes, raw_mutex.o(i.is_list_empty))
<BR><BR>[Called By]<UL><LI><a href="#[ec]">&gt;&gt;</a>&nbsp;&nbsp;&nbsp;raw_mutex_put
<LI><a href="#[f6]">&gt;&gt;</a>&nbsp;&nbsp;&nbsp;release_mutex
</UL>

<P><STRONG><a name="[f6]"></a>release_mutex</STRONG> (Thumb, 110 bytes, Stack size 40 bytes, raw_mutex.o(i.release_mutex))
<BR><BR>[Stack]<UL><LI>Max Depth = 40 + In Cycle
<LI>Call Chain = release_mutex &rArr;  change_internal_task_priority (Cycle)
</UL>
<BR>[Calls]<UL><LI><a href="#[b0]">&gt;&gt;</a>&nbsp;&nbsp;&nbsp;change_internal_task_priority
<LI><a href="#[105]">&gt;&gt;</a>&nbsp;&nbsp;&nbsp;is_list_empty
</UL>
<BR>[Called By]<UL><LI><a href="#[ec]">&gt;&gt;</a>&nbsp;&nbsp;&nbsp;raw_mutex_put
<LI><a href="#[f7]">&gt;&gt;</a>&nbsp;&nbsp;&nbsp;mutex_state_change
<LI><a href="#[b3]">&gt;&gt;</a>&nbsp;&nbsp;&nbsp;mtx_chg_pri
</UL>

<P><STRONG><a name="[a9]"></a>add_to_priority_list</STRONG> (Thumb, 50 bytes, Stack size 32 bytes, raw_pend.o(i.add_to_priority_list))
<BR><BR>[Stack]<UL><LI>Max Depth = 32<LI>Call Chain = add_to_priority_list
</UL>
<BR>[Calls]<UL><LI><a href="#[a7]">&gt;&gt;</a>&nbsp;&nbsp;&nbsp;list_insert
</UL>
<BR>[Called By]<UL><LI><a href="#[b2]">&gt;&gt;</a>&nbsp;&nbsp;&nbsp;change_pend_list_priority
<LI><a href="#[104]">&gt;&gt;</a>&nbsp;&nbsp;&nbsp;raw_pend_object
</UL>

<P><STRONG><a name="[a8]"></a>bit_set</STRONG> (Thumb, 26 bytes, Stack size 12 bytes, raw_pend.o(i.bit_set))
<BR><BR>[Stack]<UL><LI>Max Depth = 12<LI>Call Chain = bit_set
</UL>
<BR>[Called By]<UL><LI><a href="#[a6]">&gt;&gt;</a>&nbsp;&nbsp;&nbsp;add_ready_list_head
<LI><a href="#[a5]">&gt;&gt;</a>&nbsp;&nbsp;&nbsp;add_ready_list_end
</UL>

<P><STRONG><a name="[b4]"></a>list_delete</STRONG> (Thumb, 14 bytes, Stack size 0 bytes, raw_pend.o(i.list_delete))
<BR><BR>[Called By]<UL><LI><a href="#[b1]">&gt;&gt;</a>&nbsp;&nbsp;&nbsp;remove_ready_list
<LI><a href="#[ae]">&gt;&gt;</a>&nbsp;&nbsp;&nbsp;move_to_ready_list_end
<LI><a href="#[b2]">&gt;&gt;</a>&nbsp;&nbsp;&nbsp;change_pend_list_priority
<LI><a href="#[f8]">&gt;&gt;</a>&nbsp;&nbsp;&nbsp;pend_task_wake_up
</UL>

<P><STRONG><a name="[a7]"></a>list_insert</STRONG> (Thumb, 14 bytes, Stack size 0 bytes, raw_pend.o(i.list_insert))
<BR><BR>[Called By]<UL><LI><a href="#[ae]">&gt;&gt;</a>&nbsp;&nbsp;&nbsp;move_to_ready_list_end
<LI><a href="#[a6]">&gt;&gt;</a>&nbsp;&nbsp;&nbsp;add_ready_list_head
<LI><a href="#[a5]">&gt;&gt;</a>&nbsp;&nbsp;&nbsp;add_ready_list_end
<LI><a href="#[a9]">&gt;&gt;</a>&nbsp;&nbsp;&nbsp;add_to_priority_list
<LI><a href="#[104]">&gt;&gt;</a>&nbsp;&nbsp;&nbsp;raw_pend_object
</UL>

<P><STRONG><a name="[f8]"></a>pend_task_wake_up</STRONG> (Thumb, 106 bytes, Stack size 24 bytes, raw_pend.o(i.pend_task_wake_up))
<BR><BR>[Stack]<UL><LI>Max Depth = 68 + Unknown Stack Size
<LI>Call Chain = pend_task_wake_up &rArr; add_ready_list &rArr; add_ready_list_head &rArr; bit_set
</UL>
<BR>[Calls]<UL><LI><a href="#[f9]">&gt;&gt;</a>&nbsp;&nbsp;&nbsp;tick_list_remove
<LI><a href="#[a4]">&gt;&gt;</a>&nbsp;&nbsp;&nbsp;add_ready_list
<LI><a href="#[b4]">&gt;&gt;</a>&nbsp;&nbsp;&nbsp;list_delete
<LI><a href="#[f5]">&gt;&gt;</a>&nbsp;&nbsp;&nbsp;port_system_error_process
</UL>
<BR>[Called By]<UL><LI><a href="#[f3]">&gt;&gt;</a>&nbsp;&nbsp;&nbsp;wake_send_msg_size
<LI><a href="#[106]">&gt;&gt;</a>&nbsp;&nbsp;&nbsp;raw_wake_object
</UL>

<P><STRONG><a name="[f2]"></a>is_list_empty</STRONG> (Thumb, 16 bytes, Stack size 0 bytes, raw_queue_size.o(i.is_list_empty))
<BR><BR>[Called By]<UL><LI><a href="#[f1]">&gt;&gt;</a>&nbsp;&nbsp;&nbsp;msg_size_post
</UL>

<P><STRONG><a name="[116]"></a>is_list_empty</STRONG> (Thumb, 16 bytes, Stack size 0 bytes, raw_sem.o(i.is_list_empty))
<BR><BR>[Called By]<UL><LI><a href="#[114]">&gt;&gt;</a>&nbsp;&nbsp;&nbsp;semaphore_put
<LI><a href="#[115]">&gt;&gt;</a>&nbsp;&nbsp;&nbsp;raw_semaphore_set
</UL>

<P><STRONG><a name="[131]"></a>list_delete</STRONG> (Thumb, 14 bytes, Stack size 0 bytes, raw_tick.o(i.list_delete))
<BR><BR>[Called By]<UL><LI><a href="#[f9]">&gt;&gt;</a>&nbsp;&nbsp;&nbsp;tick_list_remove
<LI><a href="#[132]">&gt;&gt;</a>&nbsp;&nbsp;&nbsp;tick_list_update
</UL>

<P><STRONG><a name="[130]"></a>tick_list_priority_insert</STRONG> (Thumb, 76 bytes, Stack size 20 bytes, raw_tick.o(i.tick_list_priority_insert))
<BR><BR>[Stack]<UL><LI>Max Depth = 20<LI>Call Chain = tick_list_priority_insert
</UL>
<BR>[Called By]<UL><LI><a href="#[10d]">&gt;&gt;</a>&nbsp;&nbsp;&nbsp;tick_list_insert
</UL>

<P><STRONG><a name="[50]"></a>tick_task_process</STRONG> (Thumb, 28 bytes, Stack size 0 bytes, raw_tick.o(i.tick_task_process))
<BR><BR>[Stack]<UL><LI>Max Depth = 120 + Unknown Stack Size
<LI>Call Chain = tick_task_process &rArr; raw_task_semaphore_get &rArr; raw_semaphore_get &rArr; raw_pend_object &rArr; remove_ready_list &rArr; port_system_error_process
</UL>
<BR>[Calls]<UL><LI><a href="#[11e]">&gt;&gt;</a>&nbsp;&nbsp;&nbsp;raw_task_semaphore_get
<LI><a href="#[132]">&gt;&gt;</a>&nbsp;&nbsp;&nbsp;tick_list_update
</UL>
<BR>[Address Reference Count : 1]<UL><LI> raw_tick.o(i.tick_task_start)
</UL>
<P><STRONG><a name="[133]"></a>list_init</STRONG> (Thumb, 6 bytes, Stack size 0 bytes, raw_timer.o(i.list_init))
<BR><BR>[Called By]<UL><LI><a href="#[122]">&gt;&gt;</a>&nbsp;&nbsp;&nbsp;timer_list_init
</UL>

<P><STRONG><a name="[122]"></a>timer_list_init</STRONG> (Thumb, 10 bytes, Stack size 8 bytes, raw_timer.o(i.timer_list_init))
<BR><BR>[Stack]<UL><LI>Max Depth = 8<LI>Call Chain = timer_list_init
</UL>
<BR>[Calls]<UL><LI><a href="#[133]">&gt;&gt;</a>&nbsp;&nbsp;&nbsp;list_init
</UL>
<BR>[Called By]<UL><LI><a href="#[10a]">&gt;&gt;</a>&nbsp;&nbsp;&nbsp;raw_timer_init
</UL>

<P><STRONG><a name="[135]"></a>timer_list_priority_insert</STRONG> (Thumb, 62 bytes, Stack size 20 bytes, raw_timer.o(i.timer_list_priority_insert))
<BR><BR>[Stack]<UL><LI>Max Depth = 20<LI>Call Chain = timer_list_priority_insert
</UL>
<BR>[Called By]<UL><LI><a href="#[4c]">&gt;&gt;</a>&nbsp;&nbsp;&nbsp;timer_task
</UL>

<P><STRONG><a name="[134]"></a>timer_list_remove</STRONG> (Thumb, 26 bytes, Stack size 0 bytes, raw_timer.o(i.timer_list_remove))
<BR><BR>[Called By]<UL><LI><a href="#[4c]">&gt;&gt;</a>&nbsp;&nbsp;&nbsp;timer_task
</UL>

<P><STRONG><a name="[fa]"></a>print</STRONG> (Thumb, 368 bytes, Stack size 56 bytes, simple_printf.o(i.print))
<BR><BR>[Stack]<UL><LI>Max Depth = 184<LI>Call Chain = print &rArr; printi &rArr; prints &rArr; printchar &rArr; debug_putc
</UL>
<BR>[Calls]<UL><LI><a href="#[fb]">&gt;&gt;</a>&nbsp;&nbsp;&nbsp;prints
<LI><a href="#[fc]">&gt;&gt;</a>&nbsp;&nbsp;&nbsp;printi
<LI><a href="#[fd]">&gt;&gt;</a>&nbsp;&nbsp;&nbsp;printchar
</UL>
<BR>[Called By]<UL><LI><a href="#[58]">&gt;&gt;</a>&nbsp;&nbsp;&nbsp;raw_printf
</UL>

<P><STRONG><a name="[fd]"></a>printchar</STRONG> (Thumb, 28 bytes, Stack size 16 bytes, simple_printf.o(i.printchar))
<BR><BR>[Stack]<UL><LI>Max Depth = 24<LI>Call Chain = printchar &rArr; debug_putc
</UL>
<BR>[Calls]<UL><LI><a href="#[e2]">&gt;&gt;</a>&nbsp;&nbsp;&nbsp;debug_putc
</UL>
<BR>[Called By]<UL><LI><a href="#[fb]">&gt;&gt;</a>&nbsp;&nbsp;&nbsp;prints
<LI><a href="#[fc]">&gt;&gt;</a>&nbsp;&nbsp;&nbsp;printi
<LI><a href="#[fa]">&gt;&gt;</a>&nbsp;&nbsp;&nbsp;print
</UL>

<P><STRONG><a name="[fc]"></a>printi</STRONG> (Thumb, 186 bytes, Stack size 72 bytes, simple_printf.o(i.printi))
<BR><BR>[Stack]<UL><LI>Max Depth = 128<LI>Call Chain = printi &rArr; prints &rArr; printchar &rArr; debug_putc
</UL>
<BR>[Calls]<UL><LI><a href="#[fb]">&gt;&gt;</a>&nbsp;&nbsp;&nbsp;prints
<LI><a href="#[fd]">&gt;&gt;</a>&nbsp;&nbsp;&nbsp;printchar
</UL>
<BR>[Called By]<UL><LI><a href="#[fa]">&gt;&gt;</a>&nbsp;&nbsp;&nbsp;print
</UL>

<P><STRONG><a name="[fb]"></a>prints</STRONG> (Thumb, 128 bytes, Stack size 32 bytes, simple_printf.o(i.prints))
<BR><BR>[Stack]<UL><LI>Max Depth = 56<LI>Call Chain = prints &rArr; printchar &rArr; debug_putc
</UL>
<BR>[Calls]<UL><LI><a href="#[fd]">&gt;&gt;</a>&nbsp;&nbsp;&nbsp;printchar
</UL>
<BR>[Called By]<UL><LI><a href="#[fc]">&gt;&gt;</a>&nbsp;&nbsp;&nbsp;printi
<LI><a href="#[fa]">&gt;&gt;</a>&nbsp;&nbsp;&nbsp;print
</UL>

<P><STRONG><a name="[12a]"></a>copy2buf</STRONG> (Thumb, 38 bytes, Stack size 16 bytes, serial_fifo.o(i.copy2buf))
<BR><BR>[Stack]<UL><LI>Max Depth = 16<LI>Call Chain = copy2buf
</UL>
<BR>[Called By]<UL><LI><a href="#[129]">&gt;&gt;</a>&nbsp;&nbsp;&nbsp;serial_read_noblock
</UL>

<P><STRONG><a name="[126]"></a>serial_fifo_cache_refresh</STRONG> (Thumb, 98 bytes, Stack size 32 bytes, serial_fifo.o(i.serial_fifo_cache_refresh))
<BR><BR>[Stack]<UL><LI>Max Depth = 152 + Unknown Stack Size
<LI>Call Chain = serial_fifo_cache_refresh &rArr; raw_queue_size_receive &rArr; raw_pend_object &rArr; remove_ready_list &rArr; port_system_error_process
</UL>
<BR>[Calls]<UL><LI><a href="#[111]">&gt;&gt;</a>&nbsp;&nbsp;&nbsp;raw_queue_size_receive
<LI><a href="#[ff]">&gt;&gt;</a>&nbsp;&nbsp;&nbsp;raw_block_release
</UL>
<BR>[Called By]<UL><LI><a href="#[129]">&gt;&gt;</a>&nbsp;&nbsp;&nbsp;serial_read_noblock
</UL>

<P><STRONG><a name="[57]"></a>cli_getc</STRONG> (Thumb, 16 bytes, Stack size 8 bytes, cli_port.o(i.cli_getc))
<BR><BR>[Stack]<UL><LI>Max Depth = 232 + Unknown Stack Size
<LI>Call Chain = cli_getc &rArr; debug_read &rArr; serial_read &rArr; serial_read_noblock &rArr; serial_fifo_cache_refresh &rArr; raw_queue_size_receive &rArr; raw_pend_object &rArr; remove_ready_list &rArr; port_system_error_process
</UL>
<BR>[Calls]<UL><LI><a href="#[b5]">&gt;&gt;</a>&nbsp;&nbsp;&nbsp;debug_read
</UL>
<BR>[Address Reference Count : 1]<UL><LI> cli_port.o(.data)
</UL>
<P><STRONG><a name="[54]"></a>cli_putc</STRONG> (Thumb, 28 bytes, Stack size 0 bytes, cli_port.o(i.cli_putc))
<BR>[Address Reference Count : 1]<UL><LI> cli_port.o(.data)
</UL>
<P><STRONG><a name="[56]"></a>cli_putnstr</STRONG> (Thumb, 18 bytes, Stack size 16 bytes, cli_port.o(i.cli_putnstr))
<BR><BR>[Stack]<UL><LI>Max Depth = 176 + Unknown Stack Size
<LI>Call Chain = cli_putnstr &rArr; debug_write &rArr; raw_mutex_get &rArr; change_internal_task_priority &rArr; remove_ready_list &rArr; port_system_error_process
</UL>
<BR>[Calls]<UL><LI><a href="#[b8]">&gt;&gt;</a>&nbsp;&nbsp;&nbsp;debug_write
</UL>
<BR>[Address Reference Count : 1]<UL><LI> cli_port.o(.data)
</UL>
<P><STRONG><a name="[55]"></a>cli_puts</STRONG> (Thumb, 24 bytes, Stack size 16 bytes, cli_port.o(i.cli_puts))
<BR><BR>[Stack]<UL><LI>Max Depth = 176 + Unknown Stack Size
<LI>Call Chain = cli_puts &rArr; debug_write &rArr; raw_mutex_get &rArr; change_internal_task_priority &rArr; remove_ready_list &rArr; port_system_error_process
</UL>
<BR>[Calls]<UL><LI><a href="#[b8]">&gt;&gt;</a>&nbsp;&nbsp;&nbsp;debug_write
<LI><a href="#[b9]">&gt;&gt;</a>&nbsp;&nbsp;&nbsp;strlen
</UL>
<BR>[Address Reference Count : 1]<UL><LI> cli_port.o(.data)
</UL>
<P><STRONG><a name="[d3]"></a>cread_add_char</STRONG> (Thumb, 176 bytes, Stack size 32 bytes, cli_readline.o(i.cread_add_char))
<BR><BR>[Stack]<UL><LI>Max Depth = 40<LI>Call Chain = cread_add_char &rArr; __aeabi_memmove
</UL>
<BR>[Calls]<UL><LI><a href="#[d4]">&gt;&gt;</a>&nbsp;&nbsp;&nbsp;__aeabi_memmove
</UL>
<BR>[Called By]<UL><LI><a href="#[bd]">&gt;&gt;</a>&nbsp;&nbsp;&nbsp;cread_line
<LI><a href="#[d5]">&gt;&gt;</a>&nbsp;&nbsp;&nbsp;cread_add_str
</UL>

<P><STRONG><a name="[d5]"></a>cread_add_str</STRONG> (Thumb, 52 bytes, Stack size 40 bytes, cli_readline.o(i.cread_add_str))
<BR><BR>[Stack]<UL><LI>Max Depth = 80<LI>Call Chain = cread_add_str &rArr; cread_add_char &rArr; __aeabi_memmove
</UL>
<BR>[Calls]<UL><LI><a href="#[d3]">&gt;&gt;</a>&nbsp;&nbsp;&nbsp;cread_add_char
</UL>
<BR>[Called By]<UL><LI><a href="#[bd]">&gt;&gt;</a>&nbsp;&nbsp;&nbsp;cread_line
</UL>

<P><STRONG><a name="[d6]"></a>cread_add_to_hist</STRONG> (Thumb, 70 bytes, Stack size 8 bytes, cli_readline.o(i.cread_add_to_hist))
<BR><BR>[Stack]<UL><LI>Max Depth = 8<LI>Call Chain = cread_add_to_hist
</UL>
<BR>[Calls]<UL><LI><a href="#[bf]">&gt;&gt;</a>&nbsp;&nbsp;&nbsp;strcpy
</UL>
<BR>[Called By]<UL><LI><a href="#[bd]">&gt;&gt;</a>&nbsp;&nbsp;&nbsp;cread_line
</UL>

<P><STRONG><a name="[bd]"></a>cread_line</STRONG> (Thumb, 1302 bytes, Stack size 88 bytes, cli_readline.o(i.cread_line))
<BR><BR>[Stack]<UL><LI>Max Depth = 412 + Unknown Stack Size
<LI>Call Chain = cread_line &rArr; cmd_auto_complete &rArr; complete_cmdv &rArr; find_cmd &rArr; find_cmd_tbl &rArr; strncmp
</UL>
<BR>[Calls]<UL><LI><a href="#[d7]">&gt;&gt;</a>&nbsp;&nbsp;&nbsp;raw_sleep
<LI><a href="#[c7]">&gt;&gt;</a>&nbsp;&nbsp;&nbsp;cmd_auto_complete
<LI><a href="#[d9]">&gt;&gt;</a>&nbsp;&nbsp;&nbsp;hist_prev
<LI><a href="#[da]">&gt;&gt;</a>&nbsp;&nbsp;&nbsp;hist_next
<LI><a href="#[d6]">&gt;&gt;</a>&nbsp;&nbsp;&nbsp;cread_add_to_hist
<LI><a href="#[d5]">&gt;&gt;</a>&nbsp;&nbsp;&nbsp;cread_add_str
<LI><a href="#[d3]">&gt;&gt;</a>&nbsp;&nbsp;&nbsp;cread_add_char
<LI><a href="#[d8]">&gt;&gt;</a>&nbsp;&nbsp;&nbsp;tstc
<LI><a href="#[bf]">&gt;&gt;</a>&nbsp;&nbsp;&nbsp;strcpy
<LI><a href="#[b9]">&gt;&gt;</a>&nbsp;&nbsp;&nbsp;strlen
<LI><a href="#[d4]">&gt;&gt;</a>&nbsp;&nbsp;&nbsp;__aeabi_memmove
</UL>
<BR>[Called By]<UL><LI><a href="#[bb]">&gt;&gt;</a>&nbsp;&nbsp;&nbsp;cli_readline_into_buffer
</UL>

<P><STRONG><a name="[bc]"></a>hist_init</STRONG> (Thumb, 60 bytes, Stack size 0 bytes, cli_readline.o(i.hist_init))
<BR><BR>[Called By]<UL><LI><a href="#[bb]">&gt;&gt;</a>&nbsp;&nbsp;&nbsp;cli_readline_into_buffer
</UL>

<P><STRONG><a name="[da]"></a>hist_next</STRONG> (Thumb, 82 bytes, Stack size 0 bytes, cli_readline.o(i.hist_next))
<BR><BR>[Called By]<UL><LI><a href="#[bd]">&gt;&gt;</a>&nbsp;&nbsp;&nbsp;cread_line
</UL>

<P><STRONG><a name="[d9]"></a>hist_prev</STRONG> (Thumb, 68 bytes, Stack size 0 bytes, cli_readline.o(i.hist_prev))
<BR><BR>[Called By]<UL><LI><a href="#[bd]">&gt;&gt;</a>&nbsp;&nbsp;&nbsp;cread_line
</UL>

<P><STRONG><a name="[be]"></a>bootretry_reset_cmd_timeout</STRONG> (Thumb, 2 bytes, Stack size 0 bytes, cli_simple.o(i.bootretry_reset_cmd_timeout))
<BR><BR>[Called By]<UL><LI><a href="#[b7]">&gt;&gt;</a>&nbsp;&nbsp;&nbsp;cli_simple_loop
</UL>

<P><STRONG><a name="[c3]"></a>process_macros</STRONG> (Thumb, 324 bytes, Stack size 120 bytes, cli_simple.o(i.process_macros))
<BR><BR>[Stack]<UL><LI>Max Depth = 120<LI>Call Chain = process_macros
</UL>
<BR>[Calls]<UL><LI><a href="#[b9]">&gt;&gt;</a>&nbsp;&nbsp;&nbsp;strlen
</UL>
<BR>[Called By]<UL><LI><a href="#[c1]">&gt;&gt;</a>&nbsp;&nbsp;&nbsp;cli_simple_run_command
</UL>

<P><STRONG><a name="[ce]"></a>cmd_call</STRONG> (Thumb, 34 bytes, Stack size 24 bytes, command.o(i.cmd_call))
<BR><BR>[Stack]<UL><LI>Max Depth = 24<LI>Call Chain = cmd_call
</UL>
<BR>[Called By]<UL><LI><a href="#[c5]">&gt;&gt;</a>&nbsp;&nbsp;&nbsp;cmd_process
</UL>

<P><STRONG><a name="[c9]"></a>complete_cmdv</STRONG> (Thumb, 302 bytes, Stack size 72 bytes, command.o(i.complete_cmdv))
<BR><BR>[Stack]<UL><LI>Max Depth = 140<LI>Call Chain = complete_cmdv &rArr; find_cmd &rArr; find_cmd_tbl &rArr; strncmp
</UL>
<BR>[Calls]<UL><LI><a href="#[cf]">&gt;&gt;</a>&nbsp;&nbsp;&nbsp;__ll_entry_start
<LI><a href="#[d0]">&gt;&gt;</a>&nbsp;&nbsp;&nbsp;__ll_entry_count
<LI><a href="#[cc]">&gt;&gt;</a>&nbsp;&nbsp;&nbsp;find_cmd
<LI><a href="#[d2]">&gt;&gt;</a>&nbsp;&nbsp;&nbsp;memcmp
<LI><a href="#[b9]">&gt;&gt;</a>&nbsp;&nbsp;&nbsp;strlen
<LI><a href="#[d1]">&gt;&gt;</a>&nbsp;&nbsp;&nbsp;strchr
</UL>
<BR>[Called By]<UL><LI><a href="#[c7]">&gt;&gt;</a>&nbsp;&nbsp;&nbsp;cmd_auto_complete
</UL>

<P><STRONG><a name="[ca]"></a>find_common_prefix</STRONG> (Thumb, 78 bytes, Stack size 32 bytes, command.o(i.find_common_prefix))
<BR><BR>[Stack]<UL><LI>Max Depth = 32<LI>Call Chain = find_common_prefix
</UL>
<BR>[Calls]<UL><LI><a href="#[b9]">&gt;&gt;</a>&nbsp;&nbsp;&nbsp;strlen
</UL>
<BR>[Called By]<UL><LI><a href="#[c7]">&gt;&gt;</a>&nbsp;&nbsp;&nbsp;cmd_auto_complete
</UL>

<P><STRONG><a name="[cd]"></a>get_timer</STRONG> (Thumb, 16 bytes, Stack size 0 bytes, command.o(i.get_timer))
<BR><BR>[Called By]<UL><LI><a href="#[c5]">&gt;&gt;</a>&nbsp;&nbsp;&nbsp;cmd_process
</UL>

<P><STRONG><a name="[c8]"></a>make_argv</STRONG> (Thumb, 86 bytes, Stack size 12 bytes, command.o(i.make_argv))
<BR><BR>[Stack]<UL><LI>Max Depth = 12<LI>Call Chain = make_argv
</UL>
<BR>[Called By]<UL><LI><a href="#[c7]">&gt;&gt;</a>&nbsp;&nbsp;&nbsp;cmd_auto_complete
</UL>

<P><STRONG><a name="[cb]"></a>print_argv</STRONG> (Thumb, 150 bytes, Stack size 40 bytes, command.o(i.print_argv))
<BR><BR>[Stack]<UL><LI>Max Depth = 40<LI>Call Chain = print_argv
</UL>
<BR>[Calls]<UL><LI><a href="#[b9]">&gt;&gt;</a>&nbsp;&nbsp;&nbsp;strlen
</UL>
<BR>[Called By]<UL><LI><a href="#[c7]">&gt;&gt;</a>&nbsp;&nbsp;&nbsp;cmd_auto_complete
</UL>

<P><STRONG><a name="[59]"></a>do_help</STRONG> (Thumb, 44 bytes, Stack size 40 bytes, cmds.o(i.do_help))
<BR><BR>[Stack]<UL><LI>Max Depth = 160 + Unknown Stack Size
<LI>Call Chain = do_help &rArr; _do_help &rArr; ctrlc &rArr; tstc &rArr; debug_cahce_empty &rArr; raw_queue_size_get_information
</UL>
<BR>[Calls]<UL><LI><a href="#[cf]">&gt;&gt;</a>&nbsp;&nbsp;&nbsp;__ll_entry_start
<LI><a href="#[d0]">&gt;&gt;</a>&nbsp;&nbsp;&nbsp;__ll_entry_count
<LI><a href="#[9d]">&gt;&gt;</a>&nbsp;&nbsp;&nbsp;_do_help
</UL>
<BR>[Address Reference Count : 1]<UL><LI> cmds.o(.data)
</UL>
<P><STRONG><a name="[5a]"></a>do_reboot</STRONG> (Thumb, 30 bytes, Stack size 0 bytes, cmds.o(i.do_reboot))
<BR>[Address Reference Count : 1]<UL><LI> cmds.o(.data)
</UL>
<P><STRONG><a name="[5b]"></a>do_stack</STRONG> (Thumb, 68 bytes, Stack size 48 bytes, cmds.o(i.do_stack))
<BR><BR>[Stack]<UL><LI>Max Depth = 264 + Unknown Stack Size
<LI>Call Chain = do_stack &rArr; raw_printf &rArr; print &rArr; printi &rArr; prints &rArr; printchar &rArr; debug_putc
</UL>
<BR>[Calls]<UL><LI><a href="#[58]">&gt;&gt;</a>&nbsp;&nbsp;&nbsp;raw_printf
<LI><a href="#[ed]">&gt;&gt;</a>&nbsp;&nbsp;&nbsp;raw_task_stack_check
</UL>
<BR>[Address Reference Count : 1]<UL><LI> cmds.o(.data)
</UL>
<P><STRONG><a name="[5c]"></a>do_version</STRONG> (Thumb, 30 bytes, Stack size 24 bytes, cmds.o(i.do_version))
<BR><BR>[Stack]<UL><LI>Max Depth = 240 + Unknown Stack Size
<LI>Call Chain = do_version &rArr; raw_printf &rArr; print &rArr; printi &rArr; prints &rArr; printchar &rArr; debug_putc
</UL>
<BR>[Calls]<UL><LI><a href="#[58]">&gt;&gt;</a>&nbsp;&nbsp;&nbsp;raw_printf
</UL>
<BR>[Address Reference Count : 1]<UL><LI> cmds.o(.data)
</UL><P>
<H3>
Undefined Global Symbols
</H3><HR></body></html>
