ARM Linker, 5.03 [Build 24] [MDK-ARM Standard]

==============================================================================

Section Cross References

    main.o(.text) refers to stm32f10x_rcc.o(.text) for RCC_APB2PeriphClockCmd
    main.o(.text) refers to raw_sched.o(.text) for raw_os_init
    main.o(.text) refers to sys_init.o(.text) for create_init_task
    sys_init.o(.text) refers to port.o(.text) for raw_sys_tick_init
    sys_init.o(.text) refers to raw_task.o(.text) for raw_task_identify
    sys_init.o(.text) refers to sys_init.o(.constdata) for sys_init_arry
    sys_init.o(.text) refers to sys_init.o(.bss) for sys_init_task_stk
    sys_init.o(.constdata) refers to sys_led.o(.text) for sys_led_init
    sys_led.o(.text) refers to stm32f10x_gpio.o(.text) for GPIO_Init
    sys_led.o(.text) refers to raw_task.o(.text) for raw_sleep
    sys_led.o(.text) refers to sys_led.o(.data) for SYS_LED
    sys_led.o(.text) refers to sys_led.o(.bss) for sys_led_task_stk
    startup_stm32f10x_md.o(STACK) refers (Special) to heapauxi.o(.text) for __use_two_region_memory
    startup_stm32f10x_md.o(HEAP) refers (Special) to heapauxi.o(.text) for __use_two_region_memory
    startup_stm32f10x_md.o(RESET) refers (Special) to heapauxi.o(.text) for __use_two_region_memory
    startup_stm32f10x_md.o(RESET) refers to startup_stm32f10x_md.o(STACK) for __initial_sp
    startup_stm32f10x_md.o(RESET) refers to startup_stm32f10x_md.o(.text) for Reset_Handler
    startup_stm32f10x_md.o(RESET) refers to stm32f10x_it.o(.text) for NMI_Handler
    startup_stm32f10x_md.o(RESET) refers to cpu.o(.text) for PendSV_Handler
    startup_stm32f10x_md.o(RESET) refers to port.o(.text) for SysTick_Handler
    startup_stm32f10x_md.o(.text) refers (Special) to heapauxi.o(.text) for __use_two_region_memory
    startup_stm32f10x_md.o(.text) refers to system_stm32f10x.o(.text) for SystemInit
    startup_stm32f10x_md.o(.text) refers to __main.o(!!!main) for __main
    startup_stm32f10x_md.o(.text) refers to startup_stm32f10x_md.o(HEAP) for Heap_Mem
    startup_stm32f10x_md.o(.text) refers to startup_stm32f10x_md.o(STACK) for Stack_Mem
    system_stm32f10x.o(.text) refers to system_stm32f10x.o(.data) for SystemCoreClock
    stm32f10x_adc.o(.text) refers to stm32f10x_rcc.o(.text) for RCC_APB2PeriphResetCmd
    stm32f10x_bkp.o(.text) refers to stm32f10x_rcc.o(.text) for RCC_BackupResetCmd
    stm32f10x_can.o(.text) refers to stm32f10x_rcc.o(.text) for RCC_APB1PeriphResetCmd
    stm32f10x_cec.o(.text) refers to stm32f10x_rcc.o(.text) for RCC_APB1PeriphResetCmd
    stm32f10x_dac.o(.text) refers to stm32f10x_rcc.o(.text) for RCC_APB1PeriphResetCmd
    stm32f10x_gpio.o(.text) refers to stm32f10x_rcc.o(.text) for RCC_APB2PeriphResetCmd
    stm32f10x_i2c.o(.text) refers to stm32f10x_rcc.o(.text) for RCC_APB1PeriphResetCmd
    stm32f10x_pwr.o(.text) refers to stm32f10x_rcc.o(.text) for RCC_APB1PeriphResetCmd
    stm32f10x_rcc.o(.text) refers to stm32f10x_rcc.o(.data) for APBAHBPrescTable
    stm32f10x_spi.o(.text) refers to stm32f10x_rcc.o(.text) for RCC_APB2PeriphResetCmd
    stm32f10x_tim.o(.text) refers to stm32f10x_rcc.o(.text) for RCC_APB2PeriphResetCmd
    stm32f10x_usart.o(.text) refers to stm32f10x_rcc.o(.text) for RCC_APB2PeriphResetCmd
    stm32f10x_wwdg.o(.text) refers to stm32f10x_rcc.o(.text) for RCC_APB1PeriphResetCmd
    raw_block.o(.text) refers to cpu.o(.text) for OS_CPU_SR_Save
    raw_byte.o(.text) refers to cpu.o(.text) for OS_CPU_SR_Save
    raw_byte.o(.text) refers to raw_obj.o(.data) for raw_task_active
    raw_event.o(.text) refers to cpu.o(.text) for OS_CPU_SR_Save
    raw_event.o(.text) refers to raw_task_0.o(.text) for hybrid_int_process
    raw_event.o(.text) refers to raw_pend.o(.text) for raw_pend_object
    raw_event.o(.text) refers to raw_sched.o(.text) for raw_sched
    raw_event.o(.text) refers to raw_system.o(.text) for block_state_post_process
    raw_event.o(.text) refers to raw_obj.o(.data) for raw_int_nesting
    raw_idle.o(.text) refers to cpu.o(.text) for OS_CPU_SR_Save
    raw_idle.o(.text) refers to port_hook.o(.text) for raw_idle_coroutine_hook
    raw_idle.o(.text) refers to raw_obj.o(.data) for raw_idle_count
    raw_mqueue.o(.text) refers to raw_task.o(.text) for raw_disable_sche
    raw_mqueue.o(.text) refers to cpu.o(.text) for OS_CPU_SR_Save
    raw_mqueue.o(.text) refers to raw_pend.o(.text) for wake_send_msg
    raw_mqueue.o(.text) refers to raw_task_0.o(.text) for hybrid_int_process
    raw_mqueue.o(.text) refers to raw_sched.o(.text) for raw_sched
    raw_mqueue.o(.text) refers to raw_system.o(.text) for block_state_post_process
    raw_mqueue.o(.text) refers to raw_obj.o(.data) for raw_int_nesting
    raw_mutex.o(.text) refers to raw_task.o(.text) for change_internal_task_priority
    raw_mutex.o(.text) refers to cpu.o(.text) for OS_CPU_SR_Save
    raw_mutex.o(.text) refers to raw_task_0.o(.text) for hybrid_int_process
    raw_mutex.o(.text) refers to raw_pend.o(.text) for raw_pend_object
[...]
    raw_task_sem.o(.text) refers to raw_sem.o(.text) for raw_semaphore_create
    raw_task_sem.o(.text) refers to raw_obj.o(.data) for raw_task_active
    raw_tick.o(.text) refers to cpu.o(.text) for OS_CPU_SR_Save
    raw_tick.o(.text) refers to raw_pend.o(.text) for add_ready_list
    raw_tick.o(.text) refers to raw_mutex.o(.text) for mutex_state_change
    raw_tick.o(.text) refers to simple_printf.o(.text) for raw_printf
    raw_tick.o(.text) refers to raw_task_0.o(.text) for hybrid_int_process
    raw_tick.o(.text) refers to raw_task_sem.o(.text) for raw_task_semaphore_get
    raw_tick.o(.text) refers to raw_task.o(.text) for raw_task_create
    raw_tick.o(.text) refers to raw_obj.o(.data) for tick_head
    raw_tick.o(.text) refers to raw_obj.o(.bss) for raw_ready_queue
    raw_timer.o(.text) refers to raw_mutex.o(.text) for raw_mutex_get
    raw_timer.o(.text) refers to simple_printf.o(.text) for raw_printf
    raw_timer.o(.text) refers to raw_sem.o(.text) for raw_semaphore_set
    raw_timer.o(.text) refers to raw_obj.o(.data) for timer_head
    raw_timer.o(.text) refers to raw_obj.o(.bss) for timer_mutex
    raw_timer.o(.text) refers to raw_task.o(.text) for raw_task_create
    cpu.o(.text) refers to raw_stat.o(.text) for raw_stack_check
    cpu.o(.text) refers to raw_obj.o(.data) for raw_task_active
    port.o(.text) refers to raw_system.o(.text) for raw_enter_interrupt
    port.o(.text) refers to raw_task_0.o(.text) for task_0_tick_post
    port.o(.text) refers to system_stm32f10x.o(.data) for SystemCoreClock
    simple_printf.o(.text) refers to raw_mutex.o(.text) for raw_mutex_get
    simple_printf.o(.text) refers to simple_printf.o(.bss) for mutex_printf_obj
    serial_fifo.o(.text) refers to raw_queue_size.o(.text) for raw_queue_size_create
    serial_fifo.o(.text) refers to simple_printf.o(.text) for raw_printf
    serial_fifo.o(.text) refers to raw_block.o(.text) for raw_block_pool_create
    serial_fifo.o(.text) refers to raw_mutex.o(.text) for raw_mutex_create
    serial_fifo.o(.text) refers to rt_memcpy_v6.o(.text) for __aeabi_memcpy
    serial_fifo.o(.text) refers to raw_task.o(.text) for raw_sleep
    serial_fifo.o(.text) refers to raw_obj.o(.data) for raw_task_active
    rt_memcpy_v6.o(.text) refers to rt_memcpy_w.o(.text) for __aeabi_memcpy4
    __main.o(!!!main) refers to rtentry.o(.ARM.Collect$$rtentry$$00000000) for __rt_entry
    rtentry.o(.ARM.Collect$$rtentry$$00000000) refers (Special) to rtentry2.o(.ARM.Collect$$rtentry$$0000000A) for __rt_entry_li
    rtentry.o(.ARM.Collect$$rtentry$$00000000) refers (Special) to rtentry2.o(.ARM.Collect$$rtentry$$0000000D) for __rt_entry_main
    rtentry.o(.ARM.Collect$$rtentry$$00000000) refers (Special) to rtentry2.o(.ARM.Collect$$rtentry$$0000000C) for __rt_entry_postli_1
    rtentry.o(.ARM.Collect$$rtentry$$00000000) refers (Special) to rtentry2.o(.ARM.Collect$$rtentry$$00000009) for __rt_entry_postsh_1
    rtentry.o(.ARM.Collect$$rtentry$$00000000) refers (Special) to rtentry2.o(.ARM.Collect$$rtentry$$00000002) for __rt_entry_presh_1
    rtentry.o(.ARM.Collect$$rtentry$$00000000) refers (Special) to rtentry4.o(.ARM.Collect$$rtentry$$00000004) for __rt_entry_sh
    rtentry2.o(.ARM.Collect$$rtentry$$00000008) refers to boardinit2.o(.text) for _platform_post_stackheap_init
    rtentry2.o(.ARM.Collect$$rtentry$$0000000A) refers to libinit.o(.ARM.Collect$$libinit$$00000000) for __rt_lib_init
    rtentry2.o(.ARM.Collect$$rtentry$$0000000B) refers to boardinit3.o(.text) for _platform_post_lib_init
    rtentry2.o(.ARM.Collect$$rtentry$$0000000D) refers to main.o(.text) for main
    rtentry2.o(.ARM.Collect$$rtentry$$0000000D) refers to exit.o(.text) for exit
    rtentry2.o(.ARM.exidx) refers to rtentry2.o(.ARM.Collect$$rtentry$$00000001) for .ARM.Collect$$rtentry$$00000001
    rtentry2.o(.ARM.exidx) refers to rtentry2.o(.ARM.Collect$$rtentry$$00000008) for .ARM.Collect$$rtentry$$00000008
    rtentry2.o(.ARM.exidx) refers to rtentry2.o(.ARM.Collect$$rtentry$$0000000A) for .ARM.Collect$$rtentry$$0000000A
    rtentry2.o(.ARM.exidx) refers to rtentry2.o(.ARM.Collect$$rtentry$$0000000B) for .ARM.Collect$$rtentry$$0000000B
    rtentry2.o(.ARM.exidx) refers to rtentry2.o(.ARM.Collect$$rtentry$$0000000D) for .ARM.Collect$$rtentry$$0000000D
    rtentry4.o(.ARM.Collect$$rtentry$$00000004) refers to sys_stackheap_outer.o(.text) for __user_setup_stackheap
    rtentry4.o(.ARM.exidx) refers to rtentry4.o(.ARM.Collect$$rtentry$$00000004) for .ARM.Collect$$rtentry$$00000004
    sys_stackheap_outer.o(.text) refers to libspace.o(.text) for __user_perproc_libspace
    sys_stackheap_outer.o(.text) refers to startup_stm32f10x_md.o(.text) for __user_initial_stackheap
    exit.o(.text) refers to rtexit.o(.ARM.Collect$$rtexit$$00000000) for __rt_exit
    libinit.o(.ARM.Collect$$libinit$$00000000) refers (Special) to libinit2.o(.ARM.Collect$$libinit$$0000002C) for __rt_lib_init_alloca_1
    libinit.o(.ARM.Collect$$libinit$$00000000) refers (Special) to libinit2.o(.ARM.Collect$$libinit$$0000002A) for __rt_lib_init_argv_1
    libinit.o(.ARM.Collect$$libinit$$00000000) refers (Special) to libinit2.o(.ARM.Collect$$libinit$$00000019) for __rt_lib_init_atexit_1
    libinit.o(.ARM.Collect$$libinit$$00000000) refers (Special) to libinit2.o(.ARM.Collect$$libinit$$0000001F) for __rt_lib_init_clock_1
    libinit.o(.ARM.Collect$$libinit$$00000000) refers (Special) to libinit2.o(.ARM.Collect$$libinit$$00000030) for __rt_lib_init_cpp_1
    libinit.o(.ARM.Collect$$libinit$$00000000) refers (Special) to libinit2.o(.ARM.Collect$$libinit$$0000002E) for __rt_lib_init_exceptions_1
    libinit.o(.ARM.Collect$$libinit$$00000000) refers (Special) to libinit2.o(.ARM.Collect$$libinit$$00000002) for __rt_lib_init_fp_1
    libinit.o(.ARM.Collect$$libinit$$00000000) refers (Special) to libinit2.o(.ARM.Collect$$libinit$$0000001D) for __rt_lib_init_fp_trap_1
    libinit.o(.ARM.Collect$$libinit$$00000000) refers (Special) to libinit2.o(.ARM.Collect$$libinit$$00000021) for __rt_lib_init_getenv_1
    libinit.o(.ARM.Collect$$libinit$$00000000) refers (Special) to libinit2.o(.ARM.Collect$$libinit$$00000008) for __rt_lib_init_heap_1
    libinit.o(.ARM.Collect$$libinit$$00000000) refers (Special) to libinit2.o(.ARM.Collect$$libinit$$0000000F) for __rt_lib_init_lc_collate_1
    libinit.o(.ARM.Collect$$libinit$$00000000) refers (Special) to libinit2.o(.ARM.Collect$$libinit$$00000011) for __rt_lib_init_lc_ctype_1
    libinit.o(.ARM.Collect$$libinit$$00000000) refers (Special) to libinit2.o(.ARM.Collect$$libinit$$00000013) for __rt_lib_init_lc_monetary_1
    libinit.o(.ARM.Collect$$libinit$$00000000) refers (Special) to libinit2.o(.ARM.Collect$$libinit$$00000015) for __rt_lib_init_lc_numeric_1
    libinit.o(.ARM.Collect$$libinit$$00000000) refers (Special) to libinit2.o(.ARM.Collect$$libinit$$00000017) for __rt_lib_init_lc_time_1
    libinit.o(.ARM.Collect$$libinit$$00000000) refers (Special) to libinit2.o(.ARM.Collect$$libinit$$0000000C) for __rt_lib_init_rand_1
    libinit.o(.ARM.Collect$$libinit$$00000000) refers (Special) to libinit2.o(.ARM.Collect$$libinit$$00000031) for __rt_lib_init_return
    libinit.o(.ARM.Collect$$libinit$$00000000) refers (Special) to libinit2.o(.ARM.Collect$$libinit$$0000001B) for __rt_lib_init_signal_1
    libinit.o(.ARM.Collect$$libinit$$00000000) refers (Special) to libinit2.o(.ARM.Collect$$libinit$$00000023) for __rt_lib_init_stdio_1
    libinit.o(.ARM.Collect$$libinit$$00000000) refers (Special) to libinit2.o(.ARM.Collect$$libinit$$0000000A) for __rt_lib_init_user_alloc_1
    libspace.o(.text) refers to libspace.o(.bss) for __libspace_start
    rtexit.o(.ARM.Collect$$rtexit$$00000000) refers (Special) to rtexit2.o(.ARM.Collect$$rtexit$$00000004) for __rt_exit_exit
    rtexit.o(.ARM.Collect$$rtexit$$00000000) refers (Special) to rtexit2.o(.ARM.Collect$$rtexit$$00000003) for __rt_exit_ls
    rtexit.o(.ARM.Collect$$rtexit$$00000000) refers (Special) to rtexit2.o(.ARM.Collect$$rtexit$$00000002) for __rt_exit_prels_1
    rtexit.o(.ARM.exidx) refers (Special) to rtexit2.o(.ARM.Collect$$rtexit$$00000004) for __rt_exit_exit
    rtexit.o(.ARM.exidx) refers (Special) to rtexit2.o(.ARM.Collect$$rtexit$$00000003) for __rt_exit_ls
    rtexit.o(.ARM.exidx) refers (Special) to rtexit2.o(.ARM.Collect$$rtexit$$00000002) for __rt_exit_prels_1
    rtexit.o(.ARM.exidx) refers to rtexit.o(.ARM.Collect$$rtexit$$00000000) for .ARM.Collect$$rtexit$$00000000
    libinit2.o(.ARM.Collect$$libinit$$0000000E) refers to libinit2.o(.ARM.Collect$$libinit$$0000000D) for .ARM.Collect$$libinit$$0000000D
    libinit2.o(.ARM.Collect$$libinit$$00000010) refers to libinit2.o(.ARM.Collect$$libinit$$0000000D) for .ARM.Collect$$libinit$$0000000D
    libinit2.o(.ARM.Collect$$libinit$$00000012) refers to libinit2.o(.ARM.Collect$$libinit$$0000000D) for .ARM.Collect$$libinit$$0000000D
    libinit2.o(.ARM.Collect$$libinit$$00000014) refers to libinit2.o(.ARM.Collect$$libinit$$0000000D) for .ARM.Collect$$libinit$$0000000D
    libinit2.o(.ARM.Collect$$libinit$$00000016) refers to libinit2.o(.ARM.Collect$$libinit$$0000000D) for .ARM.Collect$$libinit$$0000000D
    libinit2.o(.ARM.Collect$$libinit$$00000024) refers to argv_veneer.o(.emb_text) for __ARM_argv_veneer
    libinit2.o(.ARM.Collect$$libinit$$00000025) refers to argv_veneer.o(.emb_text) for __ARM_argv_veneer
    rtexit2.o(.ARM.Collect$$rtexit$$00000003) refers to libshutdown.o(.ARM.Collect$$libshutdown$$00000000) for __rt_lib_shutdown
    rtexit2.o(.ARM.Collect$$rtexit$$00000004) refers to sys_exit.o(.text) for _sys_exit
    rtexit2.o(.ARM.exidx) refers to rtexit2.o(.ARM.Collect$$rtexit$$00000001) for .ARM.Collect$$rtexit$$00000001
    rtexit2.o(.ARM.exidx) refers to rtexit2.o(.ARM.Collect$$rtexit$$00000003) for .ARM.Collect$$rtexit$$00000003
    rtexit2.o(.ARM.exidx) refers to rtexit2.o(.ARM.Collect$$rtexit$$00000004) for .ARM.Collect$$rtexit$$00000004
    argv_veneer.o(.emb_text) refers to no_argv.o(.text) for __ARM_get_argv
    sys_exit.o(.text) refers (Special) to use_no_semi.o(.text) for __I$use$semihosting
    sys_exit.o(.text) refers (Special) to indicate_semi.o(.text) for __semihosting_library_function
    _get_argv_nomalloc.o(.text) refers (Special) to hrguard.o(.text) for __heap_region$guard
    _get_argv_nomalloc.o(.text) refers to defsig_rtmem_outer.o(.text) for __rt_SIGRTMEM
    _get_argv_nomalloc.o(.text) refers to sys_command.o(.text) for _sys_command_string
    libshutdown.o(.ARM.Collect$$libshutdown$$00000000) refers (Special) to libshutdown2.o(.ARM.Collect$$libshutdown$$00000006) for __rt_lib_shutdown_fp_trap_1
    libshutdown.o(.ARM.Collect$$libshutdown$$00000000) refers (Special) to libshutdown2.o(.ARM.Collect$$libshutdown$$0000000E) for __rt_lib_shutdown_heap_1
    libshutdown.o(.ARM.Collect$$libshutdown$$00000000) refers (Special) to libshutdown2.o(.ARM.Collect$$libshutdown$$0000000F) for __rt_lib_shutdown_return
    libshutdown.o(.ARM.Collect$$libshutdown$$00000000) refers (Special) to libshutdown2.o(.ARM.Collect$$libshutdown$$00000009) for __rt_lib_shutdown_signal_1
    libshutdown.o(.ARM.Collect$$libshutdown$$00000000) refers (Special) to libshutdown2.o(.ARM.Collect$$libshutdown$$00000003) for __rt_lib_shutdown_stdio_1
    libshutdown.o(.ARM.Collect$$libshutdown$$00000000) refers (Special) to libshutdown2.o(.ARM.Collect$$libshutdown$$0000000B) for __rt_lib_shutdown_user_alloc_1
    sys_command.o(.text) refers (Special) to use_no_semi.o(.text) for __I$use$semihosting
    sys_command.o(.text) refers (Special) to indicate_semi.o(.text) for __semihosting_library_function
    defsig_rtmem_outer.o(.text) refers to defsig_rtmem_inner.o(.text) for __rt_SIGRTMEM_inner
    defsig_rtmem_outer.o(.text) refers to defsig_exit.o(.text) for __sig_exit
    defsig_rtmem_formal.o(.text) refers to rt_raise.o(.text) for __rt_raise
    rt_raise.o(.text) refers to __raise.o(.text) for __raise
    rt_raise.o(.text) refers to sys_exit.o(.text) for _sys_exit
    defsig_exit.o(.text) refers to sys_exit.o(.text) for _sys_exit
    defsig_rtmem_inner.o(.text) refers to defsig_general.o(.text) for __default_signal_display
    __raise.o(.text) refers to defsig.o(CL$$defsig) for __default_signal_handler
    defsig_general.o(.text) refers to sys_wrch.o(.text) for _ttywrch
    sys_wrch.o(.text) refers (Special) to use_no_semi.o(.text) for __I$use$semihosting
    sys_wrch.o(.text) refers (Special) to indicate_semi.o(.text) for __semihosting_library_function
    defsig.o(CL$$defsig) refers to defsig_rtmem_inner.o(.text) for __rt_SIGRTMEM_inner
    defsig_abrt_inner.o(.text) refers to defsig_general.o(.text) for __default_signal_display
    defsig_fpe_inner.o(.text) refers to defsig_general.o(.text) for __default_signal_display
    defsig_rtred_inner.o(.text) refers to defsig_general.o(.text) for __default_signal_display
    defsig_stak_inner.o(.text) refers to defsig_general.o(.text) for __default_signal_display
    defsig_pvfn_inner.o(.text) refers to defsig_general.o(.text) for __default_signal_display
    defsig_cppl_inner.o(.text) refers to defsig_general.o(.text) for __default_signal_display
    defsig_segv_inner.o(.text) refers to defsig_general.o(.text) for __default_signal_display
    defsig_other.o(.text) refers to defsig_general.o(.text) for __default_signal_display
    serial_fifo.o(i.serial_read) refers to serial_fifo.o(.text) for serial_read_noblock
    serial_fifo.o(i.serial_read_at_least_one) refers to raw_mutex.o(.text) for raw_mutex_get
    serial_fifo.o(i.serial_read_at_least_one) refers to serial_fifo.o(i.serial_read) for serial_read
    serial_fifo.o(i.serial_read_at_least_one) refers to serial_fifo.o(.text) for serial_read_noblock
    serial_fifo.o(i.serial_getchar) refers to serial_fifo.o(.text) for serial_read_noblock


==============================================================================

Removing Unused input sections from the image.

    Removing core_cm3.o(.emb_text), (32 bytes).
    Removing misc.o(.text), (220 bytes).
    Removing stm32f10x_adc.o(.text), (1102 bytes).
    Removing stm32f10x_bkp.o(.text), (196 bytes).
    Removing stm32f10x_can.o(.text), (2536 bytes).
    Removing stm32f10x_cec.o(.text), (288 bytes).
    Removing stm32f10x_crc.o(.text), (72 bytes).
    Removing stm32f10x_dac.o(.text), (396 bytes).
    Removing stm32f10x_dbgmcu.o(.text), (48 bytes).
    Removing stm32f10x_dma.o(.text), (592 bytes).
    Removing stm32f10x_exti.o(.text), (284 bytes).
    Removing stm32f10x_flash.o(.text), (1468 bytes).
    Removing stm32f10x_fsmc.o(.text), (1560 bytes).
    Removing stm32f10x_i2c.o(.text), (1028 bytes).
    Removing stm32f10x_iwdg.o(.text), (64 bytes).
    Removing stm32f10x_pwr.o(.text), (204 bytes).
    Removing stm32f10x_rtc.o(.text), (324 bytes).
    Removing stm32f10x_sdio.o(.text), (472 bytes).
    Removing stm32f10x_spi.o(.text), (780 bytes).
    Removing stm32f10x_tim.o(.text), (3610 bytes).
    Removing stm32f10x_usart.o(.text), (1032 bytes).
    Removing stm32f10x_wwdg.o(.text), (136 bytes).
    Removing raw_block.o(.text), (280 bytes).
    Removing raw_byte.o(.text), (584 bytes).
    Removing raw_mqueue.o(.text), (992 bytes).
    Removing raw_queue_buffer.o(.text), (1552 bytes).
    Removing raw_task_queue_size.o(.text), (156 bytes).
    Removing serial_fifo.o(.text), (900 bytes).
    Removing serial_fifo.o(i.serial_read), (24 bytes).
    Removing serial_fifo.o(i.serial_read_at_least_one), (84 bytes).
    Removing serial_fifo.o(i.serial_getchar), (32 bytes).

31 unused section(s) (total 21048 bytes) removed from the image.

==============================================================================

Image Symbol Table

    Local Symbols

    Symbol Name                              Value     Ov Type        Size  Object(Section)

    ../clib/angel/boardlib.s                 0x00000000   Number         0  boardinit2.o ABSOLUTE
    ../clib/angel/boardlib.s                 0x00000000   Number         0  boardinit1.o ABSOLUTE
    ../clib/angel/boardlib.s                 0x00000000   Number         0  boardshut.o ABSOLUTE
    ../clib/angel/boardlib.s                 0x00000000   Number         0  boardinit3.o ABSOLUTE
    ../clib/angel/handlers.s                 0x00000000   Number         0  __scatter_copy.o ABSOLUTE
    ../clib/angel/handlers.s                 0x00000000   Number         0  __scatter_zi.o ABSOLUTE
    ../clib/angel/kernel.s                   0x00000000   Number         0  rtentry4.o ABSOLUTE
    ../clib/angel/kernel.s                   0x00000000   Number         0  rtexit2.o ABSOLUTE
    ../clib/angel/kernel.s                   0x00000000   Number         0  rtentry2.o ABSOLUTE
    ../clib/angel/kernel.s                   0x00000000   Number         0  rtexit.o ABSOLUTE
    ../clib/angel/kernel.s                   0x00000000   Number         0  rtentry.o ABSOLUTE
    ../clib/angel/rt.s                       0x00000000   Number         0  rt_raise.o ABSOLUTE
    ../clib/angel/scatter.s                  0x00000000   Number         0  __scatter.o ABSOLUTE
    ../clib/angel/startup.s                  0x00000000   Number         0  __main.o ABSOLUTE
    ../clib/angel/sys.s                      0x00000000   Number         0  sys_stackheap_outer.o ABSOLUTE
    ../clib/angel/sys.s                      0x00000000   Number         0  use_no_semi.o ABSOLUTE
    ../clib/angel/sys.s                      0x00000000   Number         0  indicate_semi.o ABSOLUTE
    ../clib/angel/sys.s                      0x00000000   Number         0  libspace.o ABSOLUTE
    ../clib/angel/sysapp.c                   0x00000000   Number         0  sys_wrch.o ABSOLUTE
    ../clib/angel/sysapp.c                   0x00000000   Number         0  sys_exit.o ABSOLUTE
    ../clib/angel/sysapp.c                   0x00000000   Number         0  sys_command.o ABSOLUTE
    ../clib/armsys.c                         0x00000000   Number         0  _get_argv_nomalloc.o ABSOLUTE
    ../clib/armsys.c                         0x00000000   Number         0  argv_veneer.o ABSOLUTE
    ../clib/armsys.c                         0x00000000   Number         0  argv_veneer.o ABSOLUTE
    ../clib/armsys.c                         0x00000000   Number         0  no_argv.o ABSOLUTE
    ../clib/heapalloc.c                      0x00000000   Number         0  hrguard.o ABSOLUTE
    ../clib/heapaux.c                        0x00000000   Number         0  heapauxi.o ABSOLUTE
    ../clib/libinit.s                        0x00000000   Number         0  libshutdown2.o ABSOLUTE
    ../clib/libinit.s                        0x00000000   Number         0  libshutdown.o ABSOLUTE
    ../clib/libinit.s                        0x00000000   Number         0  libinit2.o ABSOLUTE
    ../clib/libinit.s                        0x00000000   Number         0  libinit.o ABSOLUTE
    ../clib/memcpset.s                       0x00000000   Number         0  rt_memcpy_w.o ABSOLUTE
    ../clib/memcpset.s                       0x00000000   Number         0  rt_memcpy_v6.o ABSOLUTE
    ../clib/signal.c                         0x00000000   Number         0  defsig_other.o ABSOLUTE
    ../clib/signal.c                         0x00000000   Number         0  defsig_segv_inner.o ABSOLUTE
    ../clib/signal.c                         0x00000000   Number         0  defsig_cppl_inner.o ABSOLUTE
    ../clib/signal.c                         0x00000000   Number         0  defsig_pvfn_inner.o ABSOLUTE
    ../clib/signal.c                         0x00000000   Number         0  defsig_stak_inner.o ABSOLUTE
    ../clib/signal.c                         0x00000000   Number         0  defsig_rtred_inner.o ABSOLUTE
    ../clib/signal.c                         0x00000000   Number         0  defsig_fpe_inner.o ABSOLUTE
    ../clib/signal.c                         0x00000000   Number         0  defsig_abrt_inner.o ABSOLUTE
    ../clib/signal.c                         0x00000000   Number         0  defsig_rtmem_formal.o ABSOLUTE
    ../clib/signal.c                         0x00000000   Number         0  defsig_rtmem_outer.o ABSOLUTE
    ../clib/signal.c                         0x00000000   Number         0  __raise.o ABSOLUTE
    ../clib/signal.c                         0x00000000   Number         0  defsig_exit.o ABSOLUTE
    ../clib/signal.c                         0x00000000   Number         0  defsig_rtmem_inner.o ABSOLUTE
    ../clib/signal.c                         0x00000000   Number         0  defsig_general.o ABSOLUTE
    ../clib/signal.s                         0x00000000   Number         0  defsig.o ABSOLUTE
    ../clib/stdlib.c                         0x00000000   Number         0  exit.o ABSOLUTE
    ../fplib/fpinit.s                        0x00000000   Number         0  fpinit.o ABSOLUTE
    ..\\src\\stm32f103\\core_cm3.c           0x00000000   Number         0  core_cm3.o ABSOLUTE
    ..\src\app\main.c                        0x00000000   Number         0  main.o ABSOLUTE
    ..\src\app\sys_init.c                    0x00000000   Number         0  sys_init.o ABSOLUTE
    ..\src\app\sys_led.c                     0x00000000   Number         0  sys_led.o ABSOLUTE
    ..\src\lib\serial_fifo.c                 0x00000000   Number         0  serial_fifo.o ABSOLUTE
    ..\src\raw-os\kernel\extension\lib\simple_printf.c 0x00000000   Number         0  simple_printf.o ABSOLUTE
    ..\src\raw-os\kernel\raw_block.c         0x00000000   Number         0  raw_block.o ABSOLUTE
    ..\src\raw-os\kernel\raw_byte.c          0x00000000   Number         0  raw_byte.o ABSOLUTE
    ..\src\raw-os\kernel\raw_event.c         0x00000000   Number         0  raw_event.o ABSOLUTE
    ..\src\raw-os\kernel\raw_idle.c          0x00000000   Number         0  raw_idle.o ABSOLUTE
    ..\src\raw-os\kernel\raw_idle_event.c    0x00000000   Number         0  raw_idle_event.o ABSOLUTE
    ..\src\raw-os\kernel\raw_mqueue.c        0x00000000   Number         0  raw_mqueue.o ABSOLUTE
    ..\src\raw-os\kernel\raw_mutex.c         0x00000000   Number         0  raw_mutex.o ABSOLUTE
    ..\src\raw-os\kernel\raw_obj.c           0x00000000   Number         0  raw_obj.o ABSOLUTE
    ..\src\raw-os\kernel\raw_pend.c          0x00000000   Number         0  raw_pend.o ABSOLUTE
    ..\src\raw-os\kernel\raw_queue.c         0x00000000   Number         0  raw_queue.o ABSOLUTE
    ..\src\raw-os\kernel\raw_queue_buffer.c  0x00000000   Number         0  raw_queue_buffer.o ABSOLUTE
    ..\src\raw-os\kernel\raw_queue_size.c    0x00000000   Number         0  raw_queue_size.o ABSOLUTE
    ..\src\raw-os\kernel\raw_sched.c         0x00000000   Number         0  raw_sched.o ABSOLUTE
    ..\src\raw-os\kernel\raw_sem.c           0x00000000   Number         0  raw_sem.o ABSOLUTE
    ..\src\raw-os\kernel\raw_stat.c          0x00000000   Number         0  raw_stat.o ABSOLUTE
    ..\src\raw-os\kernel\raw_stm.c           0x00000000   Number         0  raw_stm.o ABSOLUTE
    ..\src\raw-os\kernel\raw_system.c        0x00000000   Number         0  raw_system.o ABSOLUTE
    ..\src\raw-os\kernel\raw_task.c          0x00000000   Number         0  raw_task.o ABSOLUTE
    ..\src\raw-os\kernel\raw_task_0.c        0x00000000   Number         0  raw_task_0.o ABSOLUTE
    ..\src\raw-os\kernel\raw_task_queue_size.c 0x00000000   Number         0  raw_task_queue_size.o ABSOLUTE
    ..\src\raw-os\kernel\raw_task_sem.c      0x00000000   Number         0  raw_task_sem.o ABSOLUTE
    ..\src\raw-os\kernel\raw_tick.c          0x00000000   Number         0  raw_tick.o ABSOLUTE
    ..\src\raw-os\kernel\raw_timer.c         0x00000000   Number         0  raw_timer.o ABSOLUTE
    ..\src\raw-os\port\cpu.asm               0x00000000   Number         0  cpu.o ABSOLUTE
    ..\src\raw-os\port\port.c                0x00000000   Number         0  port.o ABSOLUTE
    ..\src\raw-os\port\port_hook.c           0x00000000   Number         0  port_hook.o ABSOLUTE
    ..\src\raw-os\port\raw_trace_port.c      0x00000000   Number         0  raw_trace_port.o ABSOLUTE
    ..\src\raw-os\user_extension.c           0x00000000   Number         0  user_extension.o ABSOLUTE
    ..\src\stm32f103\core_cm3.c              0x00000000   Number         0  core_cm3.o ABSOLUTE
    ..\src\stm32f103\driver\src\misc.c       0x00000000   Number         0  misc.o ABSOLUTE
    ..\src\stm32f103\driver\src\stm32f10x_adc.c 0x00000000   Number         0  stm32f10x_adc.o ABSOLUTE
    ..\src\stm32f103\driver\src\stm32f10x_bkp.c 0x00000000   Number         0  stm32f10x_bkp.o ABSOLUTE
    ..\src\stm32f103\driver\src\stm32f10x_can.c 0x00000000   Number         0  stm32f10x_can.o ABSOLUTE
    ..\src\stm32f103\driver\src\stm32f10x_cec.c 0x00000000   Number         0  stm32f10x_cec.o ABSOLUTE
    ..\src\stm32f103\driver\src\stm32f10x_crc.c 0x00000000   Number         0  stm32f10x_crc.o ABSOLUTE
    ..\src\stm32f103\driver\src\stm32f10x_dac.c 0x00000000   Number         0  stm32f10x_dac.o ABSOLUTE
    ..\src\stm32f103\driver\src\stm32f10x_dbgmcu.c 0x00000000   Number         0  stm32f10x_dbgmcu.o ABSOLUTE
    ..\src\stm32f103\driver\src\stm32f10x_dma.c 0x00000000   Number         0  stm32f10x_dma.o ABSOLUTE
    ..\src\stm32f103\driver\src\stm32f10x_exti.c 0x00000000   Number         0  stm32f10x_exti.o ABSOLUTE
    ..\src\stm32f103\driver\src\stm32f10x_flash.c 0x00000000   Number         0  stm32f10x_flash.o ABSOLUTE
    ..\src\stm32f103\driver\src\stm32f10x_fsmc.c 0x00000000   Number         0  stm32f10x_fsmc.o ABSOLUTE
    ..\src\stm32f103\driver\src\stm32f10x_gpio.c 0x00000000   Number         0  stm32f10x_gpio.o ABSOLUTE
    ..\src\stm32f103\driver\src\stm32f10x_i2c.c 0x00000000   Number         0  stm32f10x_i2c.o ABSOLUTE
    ..\src\stm32f103\driver\src\stm32f10x_iwdg.c 0x00000000   Number         0  stm32f10x_iwdg.o ABSOLUTE
    ..\src\stm32f103\driver\src\stm32f10x_pwr.c 0x00000000   Number         0  stm32f10x_pwr.o ABSOLUTE
    ..\src\stm32f103\driver\src\stm32f10x_rcc.c 0x00000000   Number         0  stm32f10x_rcc.o ABSOLUTE
    ..\src\stm32f103\driver\src\stm32f10x_rtc.c 0x00000000   Number         0  stm32f10x_rtc.o ABSOLUTE
    ..\src\stm32f103\driver\src\stm32f10x_sdio.c 0x00000000   Number         0  stm32f10x_sdio.o ABSOLUTE
    ..\src\stm32f103\driver\src\stm32f10x_spi.c 0x00000000   Number         0  stm32f10x_spi.o ABSOLUTE
    ..\src\stm32f103\driver\src\stm32f10x_tim.c 0x00000000   Number         0  stm32f10x_tim.o ABSOLUTE
    ..\src\stm32f103\driver\src\stm32f10x_usart.c 0x00000000   Number         0  stm32f10x_usart.o ABSOLUTE
    ..\src\stm32f103\driver\src\stm32f10x_wwdg.c 0x00000000   Number         0  stm32f10x_wwdg.o ABSOLUTE
    ..\src\stm32f103\startup_stm32f10x_md.s  0x00000000   Number         0  startup_stm32f10x_md.o ABSOLUTE
    ..\src\stm32f103\stm32f10x_it.c          0x00000000   Number         0  stm32f10x_it.o ABSOLUTE
    ..\src\stm32f103\system_stm32f10x.c      0x00000000   Number         0  system_stm32f10x.o ABSOLUTE
    dc.s                                     0x00000000   Number         0  dc.o ABSOLUTE
    RESET                                    0x08000000   Section      236  startup_stm32f10x_md.o(RESET)
    !!!main                                  0x080000ec   Section        8  __main.o(!!!main)
    !!!scatter                               0x080000f4   Section       52  __scatter.o(!!!scatter)
    !!handler_copy                           0x08000128   Section       26  __scatter_copy.o(!!handler_copy)
    !!handler_zi                             0x08000144   Section       28  __scatter_zi.o(!!handler_zi)
    .ARM.Collect$$libinit$$00000000          0x08000160   Section        2  libinit.o(.ARM.Collect$$libinit$$00000000)
    .ARM.Collect$$libinit$$00000002          0x08000162   Section        0  libinit2.o(.ARM.Collect$$libinit$$00000002)
    .ARM.Collect$$libinit$$00000008          0x08000162   Section        0  libinit2.o(.ARM.Collect$$libinit$$00000008)
    .ARM.Collect$$libinit$$0000000A          0x08000162   Section        0  libinit2.o(.ARM.Collect$$libinit$$0000000A)
    .ARM.Collect$$libinit$$0000000C          0x08000162   Section        0  libinit2.o(.ARM.Collect$$libinit$$0000000C)
    .ARM.Collect$$libinit$$0000000F          0x08000162   Section        0  libinit2.o(.ARM.Collect$$libinit$$0000000F)
    .ARM.Collect$$libinit$$00000011          0x08000162   Section        0  libinit2.o(.ARM.Collect$$libinit$$00000011)
    .ARM.Collect$$libinit$$00000013          0x08000162   Section        0  libinit2.o(.ARM.Collect$$libinit$$00000013)
    .ARM.Collect$$libinit$$00000015          0x08000162   Section        0  libinit2.o(.ARM.Collect$$libinit$$00000015)
    .ARM.Collect$$libinit$$00000017          0x08000162   Section        0  libinit2.o(.ARM.Collect$$libinit$$00000017)
    .ARM.Collect$$libinit$$00000019          0x08000162   Section        0  libinit2.o(.ARM.Collect$$libinit$$00000019)
    .ARM.Collect$$libinit$$0000001B          0x08000162   Section        0  libinit2.o(.ARM.Collect$$libinit$$0000001B)
    .ARM.Collect$$libinit$$0000001D          0x08000162   Section        0  libinit2.o(.ARM.Collect$$libinit$$0000001D)
    .ARM.Collect$$libinit$$0000001F          0x08000162   Section        0  libinit2.o(.ARM.Collect$$libinit$$0000001F)
    .ARM.Collect$$libinit$$00000021          0x08000162   Section        0  libinit2.o(.ARM.Collect$$libinit$$00000021)
    .ARM.Collect$$libinit$$00000023          0x08000162   Section        0  libinit2.o(.ARM.Collect$$libinit$$00000023)
    .ARM.Collect$$libinit$$0000002A          0x08000162   Section        0  libinit2.o(.ARM.Collect$$libinit$$0000002A)
    .ARM.Collect$$libinit$$0000002C          0x08000162   Section        0  libinit2.o(.ARM.Collect$$libinit$$0000002C)
    .ARM.Collect$$libinit$$0000002E          0x08000162   Section        0  libinit2.o(.ARM.Collect$$libinit$$0000002E)
    .ARM.Collect$$libinit$$00000030          0x08000162   Section        0  libinit2.o(.ARM.Collect$$libinit$$00000030)
    .ARM.Collect$$libinit$$00000031          0x08000162   Section        2  libinit2.o(.ARM.Collect$$libinit$$00000031)
    .ARM.Collect$$libshutdown$$00000000      0x08000164   Section        2  libshutdown.o(.ARM.Collect$$libshutdown$$00000000)
    .ARM.Collect$$libshutdown$$00000003      0x08000166   Section        0  libshutdown2.o(.ARM.Collect$$libshutdown$$00000003)
    .ARM.Collect$$libshutdown$$00000006      0x08000166   Section        0  libshutdown2.o(.ARM.Collect$$libshutdown$$00000006)
    .ARM.Collect$$libshutdown$$00000009      0x08000166   Section        0  libshutdown2.o(.ARM.Collect$$libshutdown$$00000009)
    .ARM.Collect$$libshutdown$$0000000B      0x08000166   Section        0  libshutdown2.o(.ARM.Collect$$libshutdown$$0000000B)
    .ARM.Collect$$libshutdown$$0000000E      0x08000166   Section        0  libshutdown2.o(.ARM.Collect$$libshutdown$$0000000E)
    .ARM.Collect$$libshutdown$$0000000F      0x08000166   Section        2  libshutdown2.o(.ARM.Collect$$libshutdown$$0000000F)
    .ARM.Collect$$rtentry$$00000000          0x08000168   Section        0  rtentry.o(.ARM.Collect$$rtentry$$00000000)
    .ARM.Collect$$rtentry$$00000002          0x08000168   Section        0  rtentry2.o(.ARM.Collect$$rtentry$$00000002)
    .ARM.Collect$$rtentry$$00000004          0x08000168   Section        6  rtentry4.o(.ARM.Collect$$rtentry$$00000004)
    .ARM.Collect$$rtentry$$00000009          0x0800016e   Section        0  rtentry2.o(.ARM.Collect$$rtentry$$00000009)
    .ARM.Collect$$rtentry$$0000000A          0x0800016e   Section        4  rtentry2.o(.ARM.Collect$$rtentry$$0000000A)
    .ARM.Collect$$rtentry$$0000000C          0x08000172   Section        0  rtentry2.o(.ARM.Collect$$rtentry$$0000000C)
    .ARM.Collect$$rtentry$$0000000D          0x08000172   Section        8  rtentry2.o(.ARM.Collect$$rtentry$$0000000D)
    .ARM.Collect$$rtexit$$00000000           0x0800017a   Section        2  rtexit.o(.ARM.Collect$$rtexit$$00000000)
    .ARM.Collect$$rtexit$$00000002           0x0800017c   Section        0  rtexit2.o(.ARM.Collect$$rtexit$$00000002)
    .ARM.Collect$$rtexit$$00000003           0x0800017c   Section        4  rtexit2.o(.ARM.Collect$$rtexit$$00000003)
    .ARM.Collect$$rtexit$$00000004           0x08000180   Section        6  rtexit2.o(.ARM.Collect$$rtexit$$00000004)
    .text                                    0x08000188   Section        0  main.o(.text)
    .text                                    0x080001dc   Section        0  sys_init.o(.text)
    sys_init_task                            0x080001dd   Thumb Code    46  sys_init.o(.text)
    .text                                    0x08000254   Section        0  sys_led.o(.text)
    sys_len_init                             0x08000255   Thumb Code    52  sys_led.o(.text)
    sys_led_on                               0x08000289   Thumb Code    18  sys_led.o(.text)
    sys_led_off                              0x0800029b   Thumb Code    18  sys_led.o(.text)
    sys_led_task                             0x080002ad   Thumb Code    36  sys_led.o(.text)
    .text                                    0x0800031c   Section       64  startup_stm32f10x_md.o(.text)
    .text                                    0x0800035c   Section        0  stm32f10x_it.o(.text)
    .text                                    0x08000364   Section        0  system_stm32f10x.o(.text)
    SetSysClockTo72                          0x08000365   Thumb Code   212  system_stm32f10x.o(.text)
    SetSysClock                              0x08000439   Thumb Code     8  system_stm32f10x.o(.text)
    .text                                    0x08000540   Section        0  stm32f10x_gpio.o(.text)
    .text                                    0x08000898   Section        0  stm32f10x_rcc.o(.text)
    .text                                    0x08000c3c   Section        0  raw_event.o(.text)
    .text                                    0x08001044   Section        0  raw_idle.o(.text)
    .text                                    0x08001074   Section        0  raw_mutex.o(.text)
    release_mutex                            0x08001139   Thumb Code   110  raw_mutex.o(.text)
    is_list_empty                            0x080016d9   Thumb Code    16  raw_mutex.o(.text)
    .text                                    0x080016ec   Section        0  raw_pend.o(.text)
    list_insert                              0x080016ed   Thumb Code    14  raw_pend.o(.text)
    add_to_priority_list                     0x0800171f   Thumb Code    50  raw_pend.o(.text)
    bit_set                                  0x08001751   Thumb Code    26  raw_pend.o(.text)
    pend_task_wake_up                        0x080018af   Thumb Code   124  raw_pend.o(.text)
    list_delete                              0x08001a65   Thumb Code    14  raw_pend.o(.text)
    .text                                    0x08001ad4   Section        0  raw_queue.o(.text)
    is_list_empty                            0x08002235   Thumb Code    16  raw_queue.o(.text)
    .text                                    0x08002250   Section        0  raw_queue_size.o(.text)
    is_list_empty                            0x08002953   Thumb Code    16  raw_queue_size.o(.text)
    .text                                    0x0800296c   Section        0  raw_sched.o(.text)
    .text                                    0x08002bb8   Section        0  raw_sem.o(.text)
    is_list_empty                            0x08003101   Thumb Code    16  raw_sem.o(.text)
    .text                                    0x08003118   Section        0  raw_stat.o(.text)
    .text                                    0x080031d0   Section        0  raw_system.o(.text)
    .text                                    0x0800347c   Section        0  raw_task.o(.text)
    list_delete                              0x08004145   Thumb Code    14  raw_task.o(.text)
    .text                                    0x08004158   Section        0  raw_task_0.o(.text)
    task_0_tick_handler                      0x08004159   Thumb Code    30  raw_task_0.o(.text)
    task_0_post                              0x08004177   Thumb Code   192  raw_task_0.o(.text)
    task_0_process                           0x08004279   Thumb Code   160  raw_task_0.o(.text)
    int_msg_handler                          0x080043e7   Thumb Code   278  raw_task_0.o(.text)
    int_msg_init                             0x080044fd   Thumb Code    52  raw_task_0.o(.text)
    .text                                    0x080046bc   Section        0  raw_task_sem.o(.text)
    .text                                    0x08004718   Section        0  raw_tick.o(.text)
    tick_task_process                        0x08004893   Thumb Code    28  raw_tick.o(.text)
    list_delete                              0x080048e3   Thumb Code    14  raw_tick.o(.text)
    tick_list_priority_insert                0x080048f1   Thumb Code    76  raw_tick.o(.text)
    .text                                    0x080049d8   Section        0  raw_timer.o(.text)
    timer_list_init                          0x080049d9   Thumb Code    10  raw_timer.o(.text)
    timer_list_priority_insert               0x080049e3   Thumb Code    62  raw_timer.o(.text)
    timer_list_remove                        0x08004a21   Thumb Code    26  raw_timer.o(.text)
    list_init                                0x08004e67   Thumb Code     6  raw_timer.o(.text)
    .text                                    0x08004e98   Section      164  cpu.o(.text)
    .text                                    0x08004f3c   Section        0  port.o(.text)
    .text                                    0x08005050   Section        0  port_hook.o(.text)
    .text                                    0x08005062   Section        0  user_extension.o(.text)
    .text                                    0x08005104   Section        0  simple_printf.o(.text)
    printchar                                0x0800511d   Thumb Code    14  simple_printf.o(.text)
    prints                                   0x0800512b   Thumb Code   128  simple_printf.o(.text)
    printi                                   0x080051ab   Thumb Code   186  simple_printf.o(.text)
    print                                    0x08005265   Thumb Code   368  simple_printf.o(.text)
    .text                                    0x08005470   Section        0  heapauxi.o(.text)
    .text                                    0x08005476   Section       74  sys_stackheap_outer.o(.text)
    .text                                    0x080054c0   Section        0  exit.o(.text)
    .text                                    0x080054cc   Section        8  libspace.o(.text)
    .text                                    0x080054d4   Section        0  sys_exit.o(.text)
    .text                                    0x080054e0   Section        2  use_no_semi.o(.text)
    .text                                    0x080054e2   Section        0  indicate_semi.o(.text)
    .constdata                               0x080054e4   Section        8  sys_init.o(.constdata)
    sys_init_arry                            0x080054e4   Data           8  sys_init.o(.constdata)
    .data                                    0x20000000   Section        8  sys_led.o(.data)
    SYS_LED                                  0x20000000   Data           8  sys_led.o(.data)
    .data                                    0x20000008   Section       20  system_stm32f10x.o(.data)
    .data                                    0x2000001c   Section       20  stm32f10x_rcc.o(.data)
    APBAHBPrescTable                         0x2000001c   Data          16  stm32f10x_rcc.o(.data)
    ADCPrescTable                            0x2000002c   Data           4  stm32f10x_rcc.o(.data)
    .data                                    0x20000030   Section       92  raw_obj.o(.data)
    .bss                                     0x2000008c   Section      624  sys_init.o(.bss)
    sys_init_task_stk                        0x2000008c   Data         512  sys_init.o(.bss)
    sys_init_task_obj                        0x2000028c   Data         112  sys_init.o(.bss)
    .bss                                     0x200002fc   Section      368  sys_led.o(.bss)
    sys_led_task_stk                         0x200002fc   Data         256  sys_led.o(.bss)
    sys_led_task_obj                         0x200003fc   Data         112  sys_led.o(.bss)
    .bss                                     0x2000046c   Section     5480  raw_obj.o(.bss)
    .bss                                     0x200019d4   Section       28  simple_printf.o(.bss)
    mutex_printf_obj                         0x200019d4   Data          28  simple_printf.o(.bss)
    .bss                                     0x200019f0   Section       96  libspace.o(.bss)
    HEAP                                     0x20001a50   Section      512  startup_stm32f10x_md.o(HEAP)
    Heap_Mem                                 0x20001a50   Data         512  startup_stm32f10x_md.o(HEAP)
    STACK                                    0x20001c50   Section     1024  startup_stm32f10x_md.o(STACK)
    Stack_Mem                                0x20001c50   Data        1024  startup_stm32f10x_md.o(STACK)
    __initial_sp                             0x20002050   Data           0  startup_stm32f10x_md.o(STACK)

    Global Symbols

    Symbol Name                              Value     Ov Type        Size  Object(Section)

    BuildAttributes$$THM_ISAv4$P$D$K$B$S$PE$A:L22UL41UL21$X:L11$S22US41US21$IEEE1$IW$USESV6$~STKCKD$USESV7$~SHL$OSPACE$ROPI$EBA8$UX$STANDARDLIB$REQ8$PRES8$EABIv2 0x00000000   Number         0  anon$$obj.o ABSOLUTE
    __ARM_use_no_argv                        0x00000000   Number         0  main.o ABSOLUTE
    __ARM_exceptions_init                     - Undefined Weak Reference
    __alloca_initialize                       - Undefined Weak Reference
    __cpp_initialize__aeabi_                  - Undefined Weak Reference
    __cxa_finalize                            - Undefined Weak Reference
    __rt_locale                               - Undefined Weak Reference
    __sigvec_lookup                           - Undefined Weak Reference
    _atexit_init                              - Undefined Weak Reference
    _call_atexit_fns                          - Undefined Weak Reference
    _clock_init                               - Undefined Weak Reference
    _fp_trap_init                             - Undefined Weak Reference
    _fp_trap_shutdown                         - Undefined Weak Reference
    _get_lc_collate                           - Undefined Weak Reference
    _get_lc_ctype                             - Undefined Weak Reference
    _get_lc_monetary                          - Undefined Weak Reference
    _get_lc_numeric                           - Undefined Weak Reference
    _get_lc_time                              - Undefined Weak Reference
    _getenv_init                              - Undefined Weak Reference
    _handle_redirection                       - Undefined Weak Reference
    _init_alloc                               - Undefined Weak Reference
    _init_user_alloc                          - Undefined Weak Reference
    _initio                                   - Undefined Weak Reference
    _rand_init                                - Undefined Weak Reference
    _signal_finish                            - Undefined Weak Reference
    _signal_init                              - Undefined Weak Reference
    _terminate_alloc                          - Undefined Weak Reference
    _terminate_user_alloc                     - Undefined Weak Reference
    _terminateio                              - Undefined Weak Reference
    __Vectors_Size                           0x000000ec   Number         0  startup_stm32f10x_md.o ABSOLUTE
    __Vectors                                0x08000000   Data           4  startup_stm32f10x_md.o(RESET)
    __Vectors_End                            0x080000ec   Data           0  startup_stm32f10x_md.o(RESET)
    __main                                   0x080000ed   Thumb Code     8  __main.o(!!!main)
    __scatterload                            0x080000f5   Thumb Code     0  __scatter.o(!!!scatter)
    __scatterload_rt2                        0x080000f5   Thumb Code    44  __scatter.o(!!!scatter)
    __scatterload_rt2_thumb_only             0x080000f5   Thumb Code     0  __scatter.o(!!!scatter)
    __scatterload_null                       0x08000103   Thumb Code     0  __scatter.o(!!!scatter)
    __scatterload_copy                       0x08000129   Thumb Code    26  __scatter_copy.o(!!handler_copy)
    __scatterload_zeroinit                   0x08000145   Thumb Code    28  __scatter_zi.o(!!handler_zi)
    __rt_lib_init                            0x08000161   Thumb Code     0  libinit.o(.ARM.Collect$$libinit$$00000000)
    __rt_lib_init_alloca_1                   0x08000163   Thumb Code     0  libinit2.o(.ARM.Collect$$libinit$$0000002C)
    __rt_lib_init_argv_1                     0x08000163   Thumb Code     0  libinit2.o(.ARM.Collect$$libinit$$0000002A)
    __rt_lib_init_atexit_1                   0x08000163   Thumb Code     0  libinit2.o(.ARM.Collect$$libinit$$00000019)
    __rt_lib_init_clock_1                    0x08000163   Thumb Code     0  libinit2.o(.ARM.Collect$$libinit$$0000001F)
    __rt_lib_init_cpp_1                      0x08000163   Thumb Code     0  libinit2.o(.ARM.Collect$$libinit$$00000030)
    __rt_lib_init_exceptions_1               0x08000163   Thumb Code     0  libinit2.o(.ARM.Collect$$libinit$$0000002E)
    __rt_lib_init_fp_1                       0x08000163   Thumb Code     0  libinit2.o(.ARM.Collect$$libinit$$00000002)
    __rt_lib_init_fp_trap_1                  0x08000163   Thumb Code     0  libinit2.o(.ARM.Collect$$libinit$$0000001D)
    __rt_lib_init_getenv_1                   0x08000163   Thumb Code     0  libinit2.o(.ARM.Collect$$libinit$$00000021)
    __rt_lib_init_heap_1                     0x08000163   Thumb Code     0  libinit2.o(.ARM.Collect$$libinit$$00000008)
    __rt_lib_init_lc_collate_1               0x08000163   Thumb Code     0  libinit2.o(.ARM.Collect$$libinit$$0000000F)
    __rt_lib_init_lc_ctype_1                 0x08000163   Thumb Code     0  libinit2.o(.ARM.Collect$$libinit$$00000011)
    __rt_lib_init_lc_monetary_1              0x08000163   Thumb Code     0  libinit2.o(.ARM.Collect$$libinit$$00000013)
    __rt_lib_init_lc_numeric_1               0x08000163   Thumb Code     0  libinit2.o(.ARM.Collect$$libinit$$00000015)
    __rt_lib_init_lc_time_1                  0x08000163   Thumb Code     0  libinit2.o(.ARM.Collect$$libinit$$00000017)
    __rt_lib_init_rand_1                     0x08000163   Thumb Code     0  libinit2.o(.ARM.Collect$$libinit$$0000000C)
    __rt_lib_init_return                     0x08000163   Thumb Code     0  libinit2.o(.ARM.Collect$$libinit$$00000031)
    __rt_lib_init_signal_1                   0x08000163   Thumb Code     0  libinit2.o(.ARM.Collect$$libinit$$0000001B)
    __rt_lib_init_stdio_1                    0x08000163   Thumb Code     0  libinit2.o(.ARM.Collect$$libinit$$00000023)
    __rt_lib_init_user_alloc_1               0x08000163   Thumb Code     0  libinit2.o(.ARM.Collect$$libinit$$0000000A)
    __rt_lib_shutdown                        0x08000165   Thumb Code     0  libshutdown.o(.ARM.Collect$$libshutdown$$00000000)
    __rt_lib_shutdown_fp_trap_1              0x08000167   Thumb Code     0  libshutdown2.o(.ARM.Collect$$libshutdown$$00000006)
    __rt_lib_shutdown_heap_1                 0x08000167   Thumb Code     0  libshutdown2.o(.ARM.Collect$$libshutdown$$0000000E)
    __rt_lib_shutdown_return                 0x08000167   Thumb Code     0  libshutdown2.o(.ARM.Collect$$libshutdown$$0000000F)
    __rt_lib_shutdown_signal_1               0x08000167   Thumb Code     0  libshutdown2.o(.ARM.Collect$$libshutdown$$00000009)
    __rt_lib_shutdown_stdio_1                0x08000167   Thumb Code     0  libshutdown2.o(.ARM.Collect$$libshutdown$$00000003)
    __rt_lib_shutdown_user_alloc_1           0x08000167   Thumb Code     0  libshutdown2.o(.ARM.Collect$$libshutdown$$0000000B)
    __rt_entry                               0x08000169   Thumb Code     0  rtentry.o(.ARM.Collect$$rtentry$$00000000)
    __rt_entry_presh_1                       0x08000169   Thumb Code     0  rtentry2.o(.ARM.Collect$$rtentry$$00000002)
    __rt_entry_sh                            0x08000169   Thumb Code     0  rtentry4.o(.ARM.Collect$$rtentry$$00000004)
    __rt_entry_li                            0x0800016f   Thumb Code     0  rtentry2.o(.ARM.Collect$$rtentry$$0000000A)
    __rt_entry_postsh_1                      0x0800016f   Thumb Code     0  rtentry2.o(.ARM.Collect$$rtentry$$00000009)
    __rt_entry_main                          0x08000173   Thumb Code     0  rtentry2.o(.ARM.Collect$$rtentry$$0000000D)
    __rt_entry_postli_1                      0x08000173   Thumb Code     0  rtentry2.o(.ARM.Collect$$rtentry$$0000000C)
    __rt_exit                                0x0800017b   Thumb Code     0  rtexit.o(.ARM.Collect$$rtexit$$00000000)
    __rt_exit_ls                             0x0800017d   Thumb Code     0  rtexit2.o(.ARM.Collect$$rtexit$$00000003)
    __rt_exit_prels_1                        0x0800017d   Thumb Code     0  rtexit2.o(.ARM.Collect$$rtexit$$00000002)
    __rt_exit_exit                           0x08000181   Thumb Code     0  rtexit2.o(.ARM.Collect$$rtexit$$00000004)
    main                                     0x08000189   Thumb Code    80  main.o(.text)
    create_init_task                         0x0800020b   Thumb Code    40  sys_init.o(.text)
    sys_led_init                             0x080002d1   Thumb Code    42  sys_led.o(.text)
    Reset_Handler                            0x0800031d   Thumb Code     8  startup_stm32f10x_md.o(.text)
    MemManage_Handler                        0x08000329   Thumb Code     2  startup_stm32f10x_md.o(.text)
    BusFault_Handler                         0x0800032b   Thumb Code     2  startup_stm32f10x_md.o(.text)
    UsageFault_Handler                       0x0800032d   Thumb Code     2  startup_stm32f10x_md.o(.text)
    SVC_Handler                              0x0800032f   Thumb Code     2  startup_stm32f10x_md.o(.text)
    DebugMon_Handler                         0x08000331   Thumb Code     2  startup_stm32f10x_md.o(.text)
    ADC1_2_IRQHandler                        0x08000337   Thumb Code     0  startup_stm32f10x_md.o(.text)
    CAN1_RX1_IRQHandler                      0x08000337   Thumb Code     0  startup_stm32f10x_md.o(.text)
    CAN1_SCE_IRQHandler                      0x08000337   Thumb Code     0  startup_stm32f10x_md.o(.text)
    DMA1_Channel1_IRQHandler                 0x08000337   Thumb Code     0  startup_stm32f10x_md.o(.text)
    DMA1_Channel2_IRQHandler                 0x08000337   Thumb Code     0  startup_stm32f10x_md.o(.text)
    DMA1_Channel3_IRQHandler                 0x08000337   Thumb Code     0  startup_stm32f10x_md.o(.text)
    DMA1_Channel4_IRQHandler                 0x08000337   Thumb Code     0  startup_stm32f10x_md.o(.text)
    DMA1_Channel5_IRQHandler                 0x08000337   Thumb Code     0  startup_stm32f10x_md.o(.text)
    DMA1_Channel6_IRQHandler                 0x08000337   Thumb Code     0  startup_stm32f10x_md.o(.text)
    DMA1_Channel7_IRQHandler                 0x08000337   Thumb Code     0  startup_stm32f10x_md.o(.text)
    EXTI0_IRQHandler                         0x08000337   Thumb Code     0  startup_stm32f10x_md.o(.text)
    EXTI15_10_IRQHandler                     0x08000337   Thumb Code     0  startup_stm32f10x_md.o(.text)
    EXTI1_IRQHandler                         0x08000337   Thumb Code     0  startup_stm32f10x_md.o(.text)
    EXTI2_IRQHandler                         0x08000337   Thumb Code     0  startup_stm32f10x_md.o(.text)
    EXTI3_IRQHandler                         0x08000337   Thumb Code     0  startup_stm32f10x_md.o(.text)
    EXTI4_IRQHandler                         0x08000337   Thumb Code     0  startup_stm32f10x_md.o(.text)
    EXTI9_5_IRQHandler                       0x08000337   Thumb Code     0  startup_stm32f10x_md.o(.text)
    FLASH_IRQHandler                         0x08000337   Thumb Code     0  startup_stm32f10x_md.o(.text)
    I2C1_ER_IRQHandler                       0x08000337   Thumb Code     0  startup_stm32f10x_md.o(.text)
    I2C1_EV_IRQHandler                       0x08000337   Thumb Code     0  startup_stm32f10x_md.o(.text)
    I2C2_ER_IRQHandler                       0x08000337   Thumb Code     0  startup_stm32f10x_md.o(.text)
    I2C2_EV_IRQHandler                       0x08000337   Thumb Code     0  startup_stm32f10x_md.o(.text)
    PVD_IRQHandler                           0x08000337   Thumb Code     0  startup_stm32f10x_md.o(.text)
    RCC_IRQHandler                           0x08000337   Thumb Code     0  startup_stm32f10x_md.o(.text)
    RTCAlarm_IRQHandler                      0x08000337   Thumb Code     0  startup_stm32f10x_md.o(.text)
    RTC_IRQHandler                           0x08000337   Thumb Code     0  startup_stm32f10x_md.o(.text)
    SPI1_IRQHandler                          0x08000337   Thumb Code     0  startup_stm32f10x_md.o(.text)
    SPI2_IRQHandler                          0x08000337   Thumb Code     0  startup_stm32f10x_md.o(.text)
    TAMPER_IRQHandler                        0x08000337   Thumb Code     0  startup_stm32f10x_md.o(.text)
    TIM1_BRK_IRQHandler                      0x08000337   Thumb Code     0  startup_stm32f10x_md.o(.text)
    TIM1_CC_IRQHandler                       0x08000337   Thumb Code     0  startup_stm32f10x_md.o(.text)
    TIM1_TRG_COM_IRQHandler                  0x08000337   Thumb Code     0  startup_stm32f10x_md.o(.text)
    TIM1_UP_IRQHandler                       0x08000337   Thumb Code     0  startup_stm32f10x_md.o(.text)
    TIM2_IRQHandler                          0x08000337   Thumb Code     0  startup_stm32f10x_md.o(.text)
    TIM3_IRQHandler                          0x08000337   Thumb Code     0  startup_stm32f10x_md.o(.text)
    TIM4_IRQHandler                          0x08000337   Thumb Code     0  startup_stm32f10x_md.o(.text)
    USART1_IRQHandler                        0x08000337   Thumb Code     0  startup_stm32f10x_md.o(.text)
    USART2_IRQHandler                        0x08000337   Thumb Code     0  startup_stm32f10x_md.o(.text)
    USART3_IRQHandler                        0x08000337   Thumb Code     0  startup_stm32f10x_md.o(.text)
    USBWakeUp_IRQHandler                     0x08000337   Thumb Code     0  startup_stm32f10x_md.o(.text)
    USB_HP_CAN1_TX_IRQHandler                0x08000337   Thumb Code     0  startup_stm32f10x_md.o(.text)
    USB_LP_CAN1_RX0_IRQHandler               0x08000337   Thumb Code     0  startup_stm32f10x_md.o(.text)
    WWDG_IRQHandler                          0x08000337   Thumb Code     0  startup_stm32f10x_md.o(.text)
    __user_initial_stackheap                 0x08000339   Thumb Code     0  startup_stm32f10x_md.o(.text)
    NMI_Handler                              0x0800035d   Thumb Code     2  stm32f10x_it.o(.text)
    HardFault_Handler                        0x0800035f   Thumb Code     4  stm32f10x_it.o(.text)
    SystemInit                               0x08000441   Thumb Code    78  system_stm32f10x.o(.text)
    SystemCoreClockUpdate                    0x0800048f   Thumb Code   142  system_stm32f10x.o(.text)
    GPIO_DeInit                              0x08000541   Thumb Code   172  stm32f10x_gpio.o(.text)
    GPIO_AFIODeInit                          0x080005ed   Thumb Code    20  stm32f10x_gpio.o(.text)
    GPIO_Init                                0x08000601   Thumb Code   274  stm32f10x_gpio.o(.text)
    GPIO_StructInit                          0x08000713   Thumb Code    16  stm32f10x_gpio.o(.text)
    GPIO_ReadInputDataBit                    0x08000723   Thumb Code    18  stm32f10x_gpio.o(.text)
    GPIO_ReadInputData                       0x08000735   Thumb Code     8  stm32f10x_gpio.o(.text)
    GPIO_ReadOutputDataBit                   0x0800073d   Thumb Code    18  stm32f10x_gpio.o(.text)
    GPIO_ReadOutputData                      0x0800074f   Thumb Code     8  stm32f10x_gpio.o(.text)
    GPIO_SetBits                             0x08000757   Thumb Code     4  stm32f10x_gpio.o(.text)
    GPIO_ResetBits                           0x0800075b   Thumb Code     4  stm32f10x_gpio.o(.text)
    GPIO_WriteBit                            0x0800075f   Thumb Code    10  stm32f10x_gpio.o(.text)
    GPIO_Write                               0x08000769   Thumb Code     4  stm32f10x_gpio.o(.text)
    GPIO_PinLockConfig                       0x0800076d   Thumb Code    18  stm32f10x_gpio.o(.text)
    GPIO_EventOutputConfig                   0x0800077f   Thumb Code    26  stm32f10x_gpio.o(.text)
    GPIO_EventOutputCmd                      0x08000799   Thumb Code     6  stm32f10x_gpio.o(.text)
    GPIO_PinRemapConfig                      0x0800079f   Thumb Code   138  stm32f10x_gpio.o(.text)
    GPIO_EXTILineConfig                      0x08000829   Thumb Code    66  stm32f10x_gpio.o(.text)
    GPIO_ETH_MediaInterfaceConfig            0x0800086b   Thumb Code     6  stm32f10x_gpio.o(.text)
    RCC_DeInit                               0x08000899   Thumb Code    64  stm32f10x_rcc.o(.text)
    RCC_HSEConfig                            0x080008d9   Thumb Code    70  stm32f10x_rcc.o(.text)
    RCC_GetFlagStatus                        0x0800091f   Thumb Code    56  stm32f10x_rcc.o(.text)
    RCC_WaitForHSEStartUp                    0x08000957   Thumb Code    56  stm32f10x_rcc.o(.text)
    RCC_AdjustHSICalibrationValue            0x0800098f   Thumb Code    20  stm32f10x_rcc.o(.text)
    RCC_HSICmd                               0x080009a3   Thumb Code     6  stm32f10x_rcc.o(.text)
    RCC_PLLConfig                            0x080009a9   Thumb Code    24  stm32f10x_rcc.o(.text)
    RCC_PLLCmd                               0x080009c1   Thumb Code     6  stm32f10x_rcc.o(.text)
    RCC_SYSCLKConfig                         0x080009c7   Thumb Code    18  stm32f10x_rcc.o(.text)
    RCC_GetSYSCLKSource                      0x080009d9   Thumb Code    10  stm32f10x_rcc.o(.text)
    RCC_HCLKConfig                           0x080009e3   Thumb Code    18  stm32f10x_rcc.o(.text)
    RCC_PCLK1Config                          0x080009f5   Thumb Code    18  stm32f10x_rcc.o(.text)
    RCC_PCLK2Config                          0x08000a07   Thumb Code    20  stm32f10x_rcc.o(.text)
    RCC_ITConfig                             0x08000a1b   Thumb Code    26  stm32f10x_rcc.o(.text)
    RCC_USBCLKConfig                         0x08000a35   Thumb Code     6  stm32f10x_rcc.o(.text)
    RCC_ADCCLKConfig                         0x08000a3b   Thumb Code    18  stm32f10x_rcc.o(.text)
    RCC_LSEConfig                            0x08000a4d   Thumb Code    44  stm32f10x_rcc.o(.text)
    RCC_LSICmd                               0x08000a79   Thumb Code     6  stm32f10x_rcc.o(.text)
    RCC_RTCCLKConfig                         0x08000a7f   Thumb Code    12  stm32f10x_rcc.o(.text)
    RCC_RTCCLKCmd                            0x08000a8b   Thumb Code     8  stm32f10x_rcc.o(.text)
    RCC_GetClocksFreq                        0x08000a93   Thumb Code   192  stm32f10x_rcc.o(.text)
    RCC_AHBPeriphClockCmd                    0x08000b53   Thumb Code    26  stm32f10x_rcc.o(.text)
    RCC_APB2PeriphClockCmd                   0x08000b6d   Thumb Code    26  stm32f10x_rcc.o(.text)
    RCC_APB1PeriphClockCmd                   0x08000b87   Thumb Code    26  stm32f10x_rcc.o(.text)
    RCC_APB2PeriphResetCmd                   0x08000ba1   Thumb Code    26  stm32f10x_rcc.o(.text)
    RCC_APB1PeriphResetCmd                   0x08000bbb   Thumb Code    26  stm32f10x_rcc.o(.text)
    RCC_BackupResetCmd                       0x08000bd5   Thumb Code     8  stm32f10x_rcc.o(.text)
    RCC_ClockSecuritySystemCmd               0x08000bdd   Thumb Code     6  stm32f10x_rcc.o(.text)
    RCC_MCOConfig                            0x08000be3   Thumb Code     6  stm32f10x_rcc.o(.text)
    RCC_ClearFlag                            0x08000be9   Thumb Code    14  stm32f10x_rcc.o(.text)
    RCC_GetITStatus                          0x08000bf7   Thumb Code    20  stm32f10x_rcc.o(.text)
    RCC_ClearITPendingBit                    0x08000c0b   Thumb Code     6  stm32f10x_rcc.o(.text)
    raw_event_create                         0x08000c3d   Thumb Code    32  raw_event.o(.text)
    raw_event_get                            0x08000c5d   Thumb Code   432  raw_event.o(.text)
    event_set                                0x08000e0d   Thumb Code   312  raw_event.o(.text)
    raw_event_set                            0x08000f45   Thumb Code    60  raw_event.o(.text)
    raw_event_delete                         0x08000f81   Thumb Code   184  raw_event.o(.text)
    raw_idle_task                            0x08001045   Thumb Code    42  raw_idle.o(.text)
    raw_mutex_create                         0x08001075   Thumb Code    66  raw_mutex.o(.text)
    chg_pri_mutex                            0x080010b7   Thumb Code   130  raw_mutex.o(.text)
    mtx_chg_pri                              0x080011a7   Thumb Code   112  raw_mutex.o(.text)
    mutex_state_change                       0x08001217   Thumb Code    38  raw_mutex.o(.text)
    raw_mutex_get                            0x0800123d   Thumb Code   532  raw_mutex.o(.text)
    raw_mutex_put                            0x08001451   Thumb Code   392  raw_mutex.o(.text)
    raw_task_free_mutex                      0x080015d9   Thumb Code    82  raw_mutex.o(.text)
    raw_mutex_delete                         0x0800162b   Thumb Code   174  raw_mutex.o(.text)
    run_queue_init                           0x080016fb   Thumb Code    36  raw_pend.o(.text)
    add_ready_list_head                      0x0800176b   Thumb Code    40  raw_pend.o(.text)
    add_ready_list_end                       0x08001793   Thumb Code    40  raw_pend.o(.text)
    add_ready_list                           0x080017bb   Thumb Code    38  raw_pend.o(.text)
    remove_ready_list                        0x080017e1   Thumb Code   142  raw_pend.o(.text)
    move_to_ready_list_end                   0x0800186f   Thumb Code    30  raw_pend.o(.text)
    get_ready_task                           0x0800188d   Thumb Code    34  raw_pend.o(.text)
    raw_wake_object                          0x0800192b   Thumb Code    12  raw_pend.o(.text)
    wake_send_msg                            0x08001937   Thumb Code    16  raw_pend.o(.text)
    wake_send_msg_size                       0x08001947   Thumb Code    20  raw_pend.o(.text)
    raw_pend_object                          0x0800195b   Thumb Code   114  raw_pend.o(.text)
    delete_pend_obj                          0x080019cd   Thumb Code   126  raw_pend.o(.text)
    change_pend_list_priority                0x08001a4b   Thumb Code    26  raw_pend.o(.text)
    raw_queue_create                         0x08001ad5   Thumb Code    66  raw_queue.o(.text)
    msg_post                                 0x08001b17   Thumb Code   366  raw_queue.o(.text)
    raw_queue_front_post                     0x08001c85   Thumb Code    62  raw_queue.o(.text)
    raw_queue_end_post                       0x08001cc3   Thumb Code    64  raw_queue.o(.text)
    raw_queue_post_notify                    0x08001d03   Thumb Code    58  raw_queue.o(.text)
    raw_queue_all_post                       0x08001d3d   Thumb Code    60  raw_queue.o(.text)
    raw_queue_send_notify                    0x08001d79   Thumb Code   146  raw_queue.o(.text)
    raw_queue_receive                        0x08001e0b   Thumb Code   396  raw_queue.o(.text)
    raw_queue_full_check                     0x08001f97   Thumb Code   156  raw_queue.o(.text)
    raw_queue_flush                          0x08002033   Thumb Code   154  raw_queue.o(.text)
    raw_queue_delete                         0x080020cd   Thumb Code   172  raw_queue.o(.text)
    raw_queue_get_information                0x08002179   Thumb Code   188  raw_queue.o(.text)
    raw_queue_size_create                    0x08002251   Thumb Code    86  raw_queue_size.o(.text)
    msg_size_post                            0x080022a7   Thumb Code   366  raw_queue_size.o(.text)
    raw_queue_size_receive                   0x08002415   Thumb Code   444  raw_queue_size.o(.text)
    raw_queue_size_front_post                0x080025d1   Thumb Code    70  raw_queue_size.o(.text)
    raw_queue_size_end_post                  0x08002617   Thumb Code    70  raw_queue_size.o(.text)
    raw_queue_size_all_post                  0x0800265d   Thumb Code    84  raw_queue_size.o(.text)
    raw_queue_size_full_check                0x080026b1   Thumb Code   156  raw_queue_size.o(.text)
    raw_queue_size_flush                     0x0800274d   Thumb Code   164  raw_queue_size.o(.text)
    raw_queue_size_delete                    0x080027f1   Thumb Code   172  raw_queue_size.o(.text)
    raw_queue_size_get_information           0x0800289d   Thumb Code   182  raw_queue_size.o(.text)
    raw_sched                                0x0800296d   Thumb Code    64  raw_sched.o(.text)
    raw_os_init                              0x080029ad   Thumb Code    94  raw_sched.o(.text)
    raw_os_start                             0x08002a0b   Thumb Code    44  raw_sched.o(.text)
    calculate_time_slice                     0x08002a37   Thumb Code   316  raw_sched.o(.text)
    raw_semaphore_create                     0x08002bb9   Thumb Code    42  raw_sem.o(.text)
    semaphore_put                            0x08002be3   Thumb Code   290  raw_sem.o(.text)
    raw_semaphore_put                        0x08002d05   Thumb Code    52  raw_sem.o(.text)
    raw_semaphore_put_notify                 0x08002d39   Thumb Code    46  raw_sem.o(.text)
    raw_semaphore_put_all                    0x08002d67   Thumb Code    46  raw_sem.o(.text)
    raw_semphore_send_notify                 0x08002d95   Thumb Code   146  raw_sem.o(.text)
    raw_semaphore_get                        0x08002e27   Thumb Code   332  raw_sem.o(.text)
    raw_semaphore_set                        0x08002f73   Thumb Code   226  raw_sem.o(.text)
    raw_semaphore_delete                     0x08003055   Thumb Code   172  raw_sem.o(.text)
    raw_stack_check                          0x08003119   Thumb Code   102  raw_stat.o(.text)
    raw_finish_int                           0x080031d1   Thumb Code   102  raw_system.o(.text)
    raw_time_tick                            0x08003237   Thumb Code    74  raw_system.o(.text)
    raw_enter_interrupt                      0x08003281   Thumb Code    60  raw_system.o(.text)
    raw_system_time_get                      0x080032bd   Thumb Code     6  raw_system.o(.text)
    block_state_post_process                 0x080032c3   Thumb Code    94  raw_system.o(.text)
    raw_system_time_set                      0x08003321   Thumb Code    90  raw_system.o(.text)
    bit_search_first_one                     0x0800337b   Thumb Code   150  raw_system.o(.text)
    raw_task_create                          0x0800347d   Thumb Code   526  raw_task.o(.text)
    raw_task_stack_check                     0x0800368b   Thumb Code    36  raw_task.o(.text)
    raw_disable_sche                         0x080036af   Thumb Code    60  raw_task.o(.text)
    raw_enable_sche                          0x080036eb   Thumb Code    80  raw_task.o(.text)
    raw_sleep                                0x0800373b   Thumb Code   208  raw_task.o(.text)
    raw_time_sleep                           0x0800380b   Thumb Code   100  raw_task.o(.text)
    task_suspend                             0x0800386f   Thumb Code   362  raw_task.o(.text)
    raw_task_suspend                         0x080039d9   Thumb Code    62  raw_task.o(.text)
    task_resume                              0x08003a17   Thumb Code   276  raw_task.o(.text)
    raw_task_resume                          0x08003b2b   Thumb Code    50  raw_task.o(.text)
    change_internal_task_priority            0x08003b5d   Thumb Code   112  raw_task.o(.text)
    raw_task_priority_change                 0x08003bcd   Thumb Code   256  raw_task.o(.text)
    raw_task_delete                          0x08003ccd   Thumb Code   324  raw_task.o(.text)
    raw_set_task_user_point                  0x08003e11   Thumb Code    44  raw_task.o(.text)
    raw_get_task_user_point                  0x08003e3d   Thumb Code    12  raw_task.o(.text)
    raw_task_time_slice_change               0x08003e49   Thumb Code   108  raw_task.o(.text)
    raw_set_sched_way                        0x08003eb5   Thumb Code   108  raw_task.o(.text)
    raw_get_sched_way                        0x08003f21   Thumb Code   104  raw_task.o(.text)
    raw_task_wait_abort                      0x08003f89   Thumb Code   266  raw_task.o(.text)
    raw_task_identify                        0x08004093   Thumb Code     6  raw_task.o(.text)
    raw_iter_block_task                      0x08004099   Thumb Code   146  raw_task.o(.text)
    raw_get_system_global_space              0x0800412b   Thumb Code    26  raw_task.o(.text)
    raw_task_0_post                          0x08004237   Thumb Code    22  raw_task_0.o(.text)
    task_0_tick_post                         0x0800424d   Thumb Code    22  raw_task_0.o(.text)
    raw_task_0_front_post                    0x08004263   Thumb Code    22  raw_task_0.o(.text)
    hybrid_int_process                       0x08004319   Thumb Code   206  raw_task_0.o(.text)
    int_msg_post                             0x08004531   Thumb Code   296  raw_task_0.o(.text)
    raw_task_0_init                          0x08004659   Thumb Code    50  raw_task_0.o(.text)
    raw_task_semaphore_create                0x080046bd   Thumb Code    28  raw_task_sem.o(.text)
    raw_task_semaphore_put                   0x080046d9   Thumb Code    12  raw_task_sem.o(.text)
    raw_task_semaphore_get                   0x080046e5   Thumb Code    18  raw_task_sem.o(.text)
    raw_task_semaphore_set                   0x080046f7   Thumb Code    16  raw_task_sem.o(.text)
    raw_task_semaphore_delete                0x08004707   Thumb Code    12  raw_task_sem.o(.text)
    tick_list_init                           0x08004719   Thumb Code    10  raw_tick.o(.text)
    tick_list_insert                         0x08004723   Thumb Code    32  raw_tick.o(.text)
    tick_list_remove                         0x08004743   Thumb Code    22  raw_tick.o(.text)
    tick_list_update                         0x08004759   Thumb Code   314  raw_tick.o(.text)
    tick_task_start                          0x080048af   Thumb Code    52  raw_tick.o(.text)
    raw_timer_activate                       0x08004a3b   Thumb Code   152  raw_timer.o(.text)
    raw_timer_create                         0x08004ad3   Thumb Code   114  raw_timer.o(.text)
    raw_timer_change                         0x08004b45   Thumb Code   128  raw_timer.o(.text)
    raw_timer_deactivate                     0x08004bc5   Thumb Code   132  raw_timer.o(.text)
    raw_timer_delete                         0x08004c49   Thumb Code   126  raw_timer.o(.text)
    timer_task                               0x08004cc7   Thumb Code   216  raw_timer.o(.text)
    call_timer_task                          0x08004d9f   Thumb Code   138  raw_timer.o(.text)
    raw_timer_init                           0x08004e29   Thumb Code    62  raw_timer.o(.text)
    OS_CPU_SR_Save                           0x08004e99   Thumb Code     0  cpu.o(.text)
    OS_CPU_SR_Restore                        0x08004ea1   Thumb Code     0  cpu.o(.text)
    CPU_IntDis                               0x08004ea7   Thumb Code     0  cpu.o(.text)
    CPU_IntEn                                0x08004eab   Thumb Code     0  cpu.o(.text)
    raw_start_first_task                     0x08004eaf   Thumb Code     0  cpu.o(.text)
    port_task_switch                         0x08004ed7   Thumb Code     0  cpu.o(.text)
    raw_int_switch                           0x08004ee1   Thumb Code     0  cpu.o(.text)
    PendSV_Handler                           0x08004eeb   Thumb Code     0  cpu.o(.text)
    raw_sys_tick_init                        0x08004f3d   Thumb Code    80  port.o(.text)
    SysTick_Handler                          0x08004f8d   Thumb Code    16  port.o(.text)
    port_stack_init                          0x08004f9d   Thumb Code   168  port.o(.text)
    raw_os_init_hook                         0x08005051   Thumb Code     2  port_hook.o(.text)
    raw_task_delete_hook                     0x08005053   Thumb Code     2  port_hook.o(.text)
    raw_task_abort_hook                      0x08005055   Thumb Code     2  port_hook.o(.text)
    raw_idle_task_hook                       0x08005057   Thumb Code     2  port_hook.o(.text)
    raw_task_switch_hook                     0x08005059   Thumb Code     2  port_hook.o(.text)
    raw_tick_hook                            0x0800505b   Thumb Code     2  port_hook.o(.text)
    task_create_hook                         0x0800505d   Thumb Code     2  port_hook.o(.text)
    raw_idle_coroutine_hook                  0x0800505f   Thumb Code     4  port_hook.o(.text)
    raw_memcpy                               0x08005063   Thumb Code    90  user_extension.o(.text)
    raw_memset                               0x080050bd   Thumb Code    70  user_extension.o(.text)
    simple_printf_lock                       0x08005105   Thumb Code    14  simple_printf.o(.text)
    simple_printf_unlock                     0x08005113   Thumb Code    10  simple_printf.o(.text)
    raw_printf                               0x080053d5   Thumb Code    36  simple_printf.o(.text)
    raw_sprintf                              0x080053f9   Thumb Code    36  simple_printf.o(.text)
    raw_snprintf                             0x0800541d   Thumb Code    38  simple_printf.o(.text)
    raw_printf_init                          0x08005443   Thumb Code    16  simple_printf.o(.text)
    __use_two_region_memory                  0x08005471   Thumb Code     2  heapauxi.o(.text)
    __rt_heap_escrow$2region                 0x08005473   Thumb Code     2  heapauxi.o(.text)
    __rt_heap_expand$2region                 0x08005475   Thumb Code     2  heapauxi.o(.text)
    __user_setup_stackheap                   0x08005477   Thumb Code    74  sys_stackheap_outer.o(.text)
    exit                                     0x080054c1   Thumb Code    12  exit.o(.text)
    __user_libspace                          0x080054cd   Thumb Code     8  libspace.o(.text)
    __user_perproc_libspace                  0x080054cd   Thumb Code     0  libspace.o(.text)
    __user_perthread_libspace                0x080054cd   Thumb Code     0  libspace.o(.text)
    _sys_exit                                0x080054d5   Thumb Code     8  sys_exit.o(.text)
    __I$use$semihosting                      0x080054e1   Thumb Code     0  use_no_semi.o(.text)
    __use_no_semihosting_swi                 0x080054e1   Thumb Code     2  use_no_semi.o(.text)
    __semihosting_library_function           0x080054e3   Thumb Code     0  indicate_semi.o(.text)
    Region$$Table$$Base                      0x080054ec   Number         0  anon$$obj.o(Region$$Table)
    Region$$Table$$Limit                     0x0800550c   Number         0  anon$$obj.o(Region$$Table)
    SystemCoreClock                          0x20000008   Data           4  system_stm32f10x.o(.data)
    AHBPrescTable                            0x2000000c   Data          16  system_stm32f10x.o(.data)
    raw_os_active                            0x20000030   Data           1  raw_obj.o(.data)
    idle_task_exit                           0x20000031   Data           1  raw_obj.o(.data)
    raw_sched_lock                           0x20000032   Data           1  raw_obj.o(.data)
    raw_int_nesting                          0x20000033   Data           1  raw_obj.o(.data)
    high_ready_obj                           0x20000034   Data           4  raw_obj.o(.data)
    raw_task_active                          0x20000038   Data           4  raw_obj.o(.data)
    raw_idle_count                           0x20000040   Data           8  raw_obj.o(.data)
    raw_tick_count                           0x20000048   Data           4  raw_obj.o(.data)
    tick_head                                0x2000004c   Data           8  raw_obj.o(.data)
    timer_head                               0x20000054   Data           8  raw_obj.o(.data)
    raw_timer_count                          0x2000005c   Data           4  raw_obj.o(.data)
    raw_timer_ctrl                           0x20000060   Data           4  raw_obj.o(.data)
    mutex_recursion_levels                   0x20000064   Data           1  raw_obj.o(.data)
    mutex_recursion_max_levels               0x20000065   Data           1  raw_obj.o(.data)
    raw_task_debug                           0x20000068   Data           8  raw_obj.o(.data)
    task_0_event_head                        0x20000070   Data           2  raw_obj.o(.data)
    task_0_event_end                         0x20000072   Data           2  raw_obj.o(.data)
    task_0_events                            0x20000074   Data           2  raw_obj.o(.data)
    peak_events                              0x20000076   Data           2  raw_obj.o(.data)
    task_0_event_handler                     0x20000078   Data           4  raw_obj.o(.data)
    task_0_exit                              0x2000007c   Data           1  raw_obj.o(.data)
    free_object_int_msg                      0x20000080   Data           4  raw_obj.o(.data)
    int_msg_full                             0x20000084   Data           4  raw_obj.o(.data)
    msg_event_handler                        0x20000088   Data           4  raw_obj.o(.data)
    raw_ready_queue                          0x2000046c   Data         508  raw_obj.o(.bss)
    raw_idle_obj                             0x20000668   Data         112  raw_obj.o(.bss)
    idle_stack                               0x200006d8   Data         512  raw_obj.o(.bss)
    raw_timer_obj                            0x200008d8   Data         112  raw_obj.o(.bss)
    timer_task_stack                         0x20000948   Data        1024  raw_obj.o(.bss)
    timer_sem                                0x20000d48   Data          24  raw_obj.o(.bss)
    timer_mutex                              0x20000d60   Data          28  raw_obj.o(.bss)
    task_0_events_queue                      0x20000d7c   Data         384  raw_obj.o(.bss)
    raw_task_0_obj                           0x20000efc   Data         112  raw_obj.o(.bss)
    task_0_stack                             0x20000f6c   Data        1024  raw_obj.o(.bss)
    object_int_msg                           0x2000136c   Data         480  raw_obj.o(.bss)
    tick_task_obj                            0x2000154c   Data         112  raw_obj.o(.bss)
    tick_task_stack                          0x200015bc   Data        1024  raw_obj.o(.bss)
    tick_semaphore_obj                       0x200019bc   Data          24  raw_obj.o(.bss)
    __libspace_start                         0x200019f0   Data          96  libspace.o(.bss)
    __temporary_stack_top$libspace           0x20001a50   Data           0  libspace.o(.bss)



==============================================================================

Memory Map of the image

  Image Entry point : 0x080000ed

  Load Region LR_IROM1 (Base: 0x08000000, Size: 0x00005598, Max: 0x00010000, ABSOLUTE)

    Execution Region ER_IROM1 (Base: 0x08000000, Size: 0x0000550c, Max: 0x00010000, ABSOLUTE)

    Base Addr    Size         Type   Attr      Idx    E Section Name        Object

    0x08000000   0x000000ec   Data   RO          233    RESET               startup_stm32f10x_md.o
    0x080000ec   0x00000008   Code   RO         1303  * !!!main             c_w.l(__main.o)
    0x080000f4   0x00000034   Code   RO         1459    !!!scatter          c_w.l(__scatter.o)
    0x08000128   0x0000001a   Code   RO         1461    !!handler_copy      c_w.l(__scatter_copy.o)
    0x08000142   0x00000002   PAD
    0x08000144   0x0000001c   Code   RO         1463    !!handler_zi        c_w.l(__scatter_zi.o)
    0x08000160   0x00000002   Code   RO         1332    .ARM.Collect$$libinit$$00000000  c_w.l(libinit.o)
    0x08000162   0x00000000   Code   RO         1339    .ARM.Collect$$libinit$$00000002  c_w.l(libinit2.o)
    0x08000162   0x00000000   Code   RO         1342    .ARM.Collect$$libinit$$00000008  c_w.l(libinit2.o)
    0x08000162   0x00000000   Code   RO         1344    .ARM.Collect$$libinit$$0000000A  c_w.l(libinit2.o)
    0x08000162   0x00000000   Code   RO         1346    .ARM.Collect$$libinit$$0000000C  c_w.l(libinit2.o)
    0x08000162   0x00000000   Code   RO         1349    .ARM.Collect$$libinit$$0000000F  c_w.l(libinit2.o)
    0x08000162   0x00000000   Code   RO         1351    .ARM.Collect$$libinit$$00000011  c_w.l(libinit2.o)
    0x08000162   0x00000000   Code   RO         1353    .ARM.Collect$$libinit$$00000013  c_w.l(libinit2.o)
    0x08000162   0x00000000   Code   RO         1355    .ARM.Collect$$libinit$$00000015  c_w.l(libinit2.o)
    0x08000162   0x00000000   Code   RO         1357    .ARM.Collect$$libinit$$00000017  c_w.l(libinit2.o)
    0x08000162   0x00000000   Code   RO         1359    .ARM.Collect$$libinit$$00000019  c_w.l(libinit2.o)
    0x08000162   0x00000000   Code   RO         1361    .ARM.Collect$$libinit$$0000001B  c_w.l(libinit2.o)
    0x08000162   0x00000000   Code   RO         1363    .ARM.Collect$$libinit$$0000001D  c_w.l(libinit2.o)
    0x08000162   0x00000000   Code   RO         1365    .ARM.Collect$$libinit$$0000001F  c_w.l(libinit2.o)
    0x08000162   0x00000000   Code   RO         1367    .ARM.Collect$$libinit$$00000021  c_w.l(libinit2.o)
    0x08000162   0x00000000   Code   RO         1369    .ARM.Collect$$libinit$$00000023  c_w.l(libinit2.o)
    0x08000162   0x00000000   Code   RO         1373    .ARM.Collect$$libinit$$0000002A  c_w.l(libinit2.o)
    0x08000162   0x00000000   Code   RO         1375    .ARM.Collect$$libinit$$0000002C  c_w.l(libinit2.o)
    0x08000162   0x00000000   Code   RO         1377    .ARM.Collect$$libinit$$0000002E  c_w.l(libinit2.o)
    0x08000162   0x00000000   Code   RO         1379    .ARM.Collect$$libinit$$00000030  c_w.l(libinit2.o)
    0x08000162   0x00000002   Code   RO         1380    .ARM.Collect$$libinit$$00000031  c_w.l(libinit2.o)
    0x08000164   0x00000002   Code   RO         1400    .ARM.Collect$$libshutdown$$00000000  c_w.l(libshutdown.o)
    0x08000166   0x00000000   Code   RO         1414    .ARM.Collect$$libshutdown$$00000003  c_w.l(libshutdown2.o)
    0x08000166   0x00000000   Code   RO         1417    .ARM.Collect$$libshutdown$$00000006  c_w.l(libshutdown2.o)
    0x08000166   0x00000000   Code   RO         1420    .ARM.Collect$$libshutdown$$00000009  c_w.l(libshutdown2.o)
    0x08000166   0x00000000   Code   RO         1422    .ARM.Collect$$libshutdown$$0000000B  c_w.l(libshutdown2.o)
    0x08000166   0x00000000   Code   RO         1425    .ARM.Collect$$libshutdown$$0000000E  c_w.l(libshutdown2.o)
    0x08000166   0x00000002   Code   RO         1426    .ARM.Collect$$libshutdown$$0000000F  c_w.l(libshutdown2.o)
    0x08000168   0x00000000   Code   RO         1305    .ARM.Collect$$rtentry$$00000000  c_w.l(rtentry.o)
    0x08000168   0x00000000   Code   RO         1309    .ARM.Collect$$rtentry$$00000002  c_w.l(rtentry2.o)
    0x08000168   0x00000006   Code   RO         1321    .ARM.Collect$$rtentry$$00000004  c_w.l(rtentry4.o)
    0x0800016e   0x00000000   Code   RO         1311    .ARM.Collect$$rtentry$$00000009  c_w.l(rtentry2.o)
    0x0800016e   0x00000004   Code   RO         1312    .ARM.Collect$$rtentry$$0000000A  c_w.l(rtentry2.o)
    0x08000172   0x00000000   Code   RO         1314    .ARM.Collect$$rtentry$$0000000C  c_w.l(rtentry2.o)
    0x08000172   0x00000008   Code   RO         1315    .ARM.Collect$$rtentry$$0000000D  c_w.l(rtentry2.o)
    0x0800017a   0x00000002   Code   RO         1336    .ARM.Collect$$rtexit$$00000000  c_w.l(rtexit.o)
    0x0800017c   0x00000000   Code   RO         1382    .ARM.Collect$$rtexit$$00000002  c_w.l(rtexit2.o)
    0x0800017c   0x00000004   Code   RO         1383    .ARM.Collect$$rtexit$$00000003  c_w.l(rtexit2.o)
    0x08000180   0x00000006   Code   RO         1384    .ARM.Collect$$rtexit$$00000004  c_w.l(rtexit2.o)
    0x08000186   0x00000002   PAD
    0x08000188   0x00000054   Code   RO            1    .text               main.o
    0x080001dc   0x00000078   Code   RO          190    .text               sys_init.o
    0x08000254   0x000000c8   Code   RO          205    .text               sys_led.o
    0x0800031c   0x00000040   Code   RO          234    .text               startup_stm32f10x_md.o
    0x0800035c   0x00000006   Code   RO          238    .text               stm32f10x_it.o
    0x08000362   0x00000002   PAD
    0x08000364   0x000001dc   Code   RO          336    .text               system_stm32f10x.o
    0x08000540   0x00000358   Code   RO          594    .text               stm32f10x_gpio.o
    0x08000898   0x000003a4   Code   RO          648    .text               stm32f10x_rcc.o
    0x08000c3c   0x00000408   Code   RO          773    .text               raw_event.o
    0x08001044   0x00000030   Code   RO          828    .text               raw_idle.o
    0x08001074   0x00000678   Code   RO          858    .text               raw_mutex.o
    0x080016ec   0x000003e8   Code   RO          883    .text               raw_pend.o
    0x08001ad4   0x0000077c   Code   RO          938    .text               raw_queue.o
    0x08002250   0x0000071c   Code   RO          962    .text               raw_queue_size.o
    0x0800296c   0x0000024c   Code   RO          974    .text               raw_sched.o
    0x08002bb8   0x00000560   Code   RO          986    .text               raw_sem.o
    0x08003118   0x000000b8   Code   RO          998    .text               raw_stat.o
    0x080031d0   0x000002ac   Code   RO         1016    .text               raw_system.o
    0x0800347c   0x00000cdc   Code   RO         1028    .text               raw_task.o
    0x08004158   0x00000564   Code   RO         1083    .text               raw_task_0.o
    0x080046bc   0x0000005c   Code   RO         1107    .text               raw_task_sem.o
    0x08004718   0x000002c0   Code   RO         1119    .text               raw_tick.o
    0x080049d8   0x000004c0   Code   RO         1174    .text               raw_timer.o
    0x08004e98   0x000000a4   Code   RO         1186    .text               cpu.o
    0x08004f3c   0x00000114   Code   RO         1189    .text               port.o
    0x08005050   0x00000012   Code   RO         1205    .text               port_hook.o
    0x08005062   0x000000a0   Code   RO         1223    .text               user_extension.o
    0x08005102   0x00000002   PAD
    0x08005104   0x0000036c   Code   RO         1235    .text               simple_printf.o
    0x08005470   0x00000006   Code   RO         1301    .text               c_w.l(heapauxi.o)
    0x08005476   0x0000004a   Code   RO         1323    .text               c_w.l(sys_stackheap_outer.o)
    0x080054c0   0x0000000c   Code   RO         1325    .text               c_w.l(exit.o)
    0x080054cc   0x00000008   Code   RO         1333    .text               c_w.l(libspace.o)
    0x080054d4   0x0000000c   Code   RO         1392    .text               c_w.l(sys_exit.o)
    0x080054e0   0x00000002   Code   RO         1403    .text               c_w.l(use_no_semi.o)
    0x080054e2   0x00000000   Code   RO         1405    .text               c_w.l(indicate_semi.o)
    0x080054e2   0x00000002   PAD
    0x080054e4   0x00000008   Data   RO          192    .constdata          sys_init.o
    0x080054ec   0x00000020   Data   RO         1457    Region$$Table       anon$$obj.o


    Execution Region RW_IRAM1 (Base: 0x20000000, Size: 0x00002050, Max: 0x00005000, ABSOLUTE)

    Base Addr    Size         Type   Attr      Idx    E Section Name        Object

    0x20000000   0x00000008   Data   RW          207    .data               sys_led.o
    0x20000008   0x00000014   Data   RW          337    .data               system_stm32f10x.o
    0x2000001c   0x00000014   Data   RW          649    .data               stm32f10x_rcc.o
    0x20000030   0x0000005c   Data   RW          871    .data               raw_obj.o
    0x2000008c   0x00000270   Zero   RW          191    .bss                sys_init.o
    0x200002fc   0x00000170   Zero   RW          206    .bss                sys_led.o
    0x2000046c   0x00001568   Zero   RW          870    .bss                raw_obj.o
    0x200019d4   0x0000001c   Zero   RW         1236    .bss                simple_printf.o
    0x200019f0   0x00000060   Zero   RW         1334    .bss                c_w.l(libspace.o)
    0x20001a50   0x00000200   Zero   RW          232    HEAP                startup_stm32f10x_md.o
    0x20001c50   0x00000400   Zero   RW          231    STACK               startup_stm32f10x_md.o


==============================================================================

Image component sizes


      Code (inc. data)   RO Data    RW Data    ZI Data      Debug   Object Name

         0          0          0          0          0         32   core_cm3.o
       164         16          0          0          0        268   cpu.o
        84          4          0          0          0     225259   main.o
       276         12          0          0          0      16715   port.o
        18          0          0          0          0       1595   port_hook.o
      1032         12          0          0          0       8362   raw_event.o
        48          6          0          0          0        472   raw_idle.o
      1656         26          0          0          0       5109   raw_mutex.o
         0          0          0         92       5480       2326   raw_obj.o
      1000         98          0          0          0       8894   raw_pend.o
      1916         20          0          0          0       5837   raw_queue.o
      1820         24          0          0          0       5819   raw_queue_size.o
       588         70          0          0          0       1854   raw_sched.o
      1376         20          0          0          0       4328   raw_sem.o
       184         82          0          0          0        850   raw_stat.o
       684        108          0          0          0       2705   raw_system.o
      3292        112          0          0          0      13407   raw_task.o
      1380        216          0          0          0       4105   raw_task_0.o
        92          6          0          0          0       1803   raw_task_sem.o
       704        156          0          0          0       7144   raw_tick.o
      1216        152          0          0          0       4579   raw_timer.o
       876         30          0          0         28       4146   simple_printf.o
        64         26        236          0       1536        760   startup_stm32f10x_md.o
       856         40          0          0          0      13929   stm32f10x_gpio.o
         6          0          0          0          0     203564   stm32f10x_it.o
       932         44          0         20          0      17432   stm32f10x_rcc.o
       120         34          8          0        624       1223   sys_init.o
       200         34          0          8        368       1591   sys_led.o
       476         36          0         20          0       1683   system_stm32f10x.o
       160          0          0          0          0       1412   user_extension.o

    ----------------------------------------------------------------------
     21224       1384        276        140       8036     567203   Object Totals
         0          0         32          0          0          0   (incl. Generated)
         4          0          0          0          0          0   (incl. Padding)

    ----------------------------------------------------------------------

      Code (inc. data)   RO Data    RW Data    ZI Data      Debug   Library Member Name

         8          0          0          0          0         68   __main.o
        52          8          0          0          0          0   __scatter.o
        26          0          0          0          0          0   __scatter_copy.o
        28          0          0          0          0          0   __scatter_zi.o
        12          0          0          0          0         72   exit.o
         6          0          0          0          0        152   heapauxi.o
         0          0          0          0          0          0   indicate_semi.o
         2          0          0          0          0          0   libinit.o
         2          0          0          0          0          0   libinit2.o
         2          0          0          0          0          0   libshutdown.o
         2          0          0          0          0          0   libshutdown2.o
         8          4          0          0         96         68   libspace.o
         0          0          0          0          0          0   rtentry.o
        12          0          0          0          0          0   rtentry2.o
         6          0          0          0          0          0   rtentry4.o
         2          0          0          0          0          0   rtexit.o
        10          0          0          0          0          0   rtexit2.o
        12          4          0          0          0         68   sys_exit.o
        74          0          0          0          0         80   sys_stackheap_outer.o
         2          0          0          0          0         68   use_no_semi.o

    ----------------------------------------------------------------------
       272         16          0          0         96        576   Library Totals
         6          0          0          0          0          0   (incl. Padding)

    ----------------------------------------------------------------------

      Code (inc. data)   RO Data    RW Data    ZI Data      Debug   Library Name

       266         16          0          0         96        576   c_w.l

    ----------------------------------------------------------------------
       272         16          0          0         96        576   Library Totals

    ----------------------------------------------------------------------

==============================================================================


      Code (inc. data)   RO Data    RW Data    ZI Data      Debug   

     21496       1400        276        140       8132     565751   Grand Totals
     21496       1400        276        140       8132     565751   ELF Image Totals
     21496       1400        276        140          0          0   ROM Totals

==============================================================================

    Total RO  Size (Code + RO Data)                21772 (  21.26kB)
    Total RW  Size (RW Data + ZI Data)              8272 (   8.08kB)
    Total ROM Size (Code + RO Data + RW Data)      21912 (  21.40kB)

==============================================================================

