Component: ARM Compiler 5.06 (build 20) Tool: armlink [4d35a3]

==============================================================================

Section Cross References

    main.o(i.main) refers to raw_sched.o(i.raw_os_init) for raw_os_init
    main.o(i.main) refers to stm32f10x_rcc.o(i.RCC_APB2PeriphClockCmd) for RCC_APB2PeriphClockCmd
    main.o(i.main) refers to stm32f10x_rcc.o(i.RCC_APB1PeriphClockCmd) for RCC_APB1PeriphClockCmd
    main.o(i.main) refers to stm32f10x_rcc.o(i.RCC_AHBPeriphClockCmd) for RCC_AHBPeriphClockCmd
    main.o(i.main) refers to sys_init.o(i.create_init_task) for create_init_task
    main.o(i.main) refers to raw_sched.o(i.raw_os_start) for raw_os_start
    sys_init.o(i.create_init_task) refers to raw_task.o(i.raw_task_create) for raw_task_create
    sys_init.o(i.create_init_task) refers to sys_init.o(i.sys_init_task) for sys_init_task
    sys_init.o(i.create_init_task) refers to sys_init.o(.bss) for sys_init_task_stk
    sys_init.o(i.sys_init_task) refers to port.o(i.raw_sys_tick_init) for raw_sys_tick_init
    sys_init.o(i.sys_init_task) refers to debug_uart.o(i.debug_serial_init) for debug_serial_init
    sys_init.o(i.sys_init_task) refers to pwm.o(i.PWM_Config) for PWM_Config
    sys_init.o(i.sys_init_task) refers to sys_delay.o(i.delay_init) for delay_init
    sys_init.o(i.sys_init_task) refers to raw_stat.o(i.cpu_task_init) for cpu_task_init
    sys_init.o(i.sys_init_task) refers to simple_printf.o(i.raw_printf) for raw_printf
    sys_init.o(i.sys_init_task) refers to debug_uart.o(i.get_shell_task_obj) for get_shell_task_obj
    sys_init.o(i.sys_init_task) refers to raw_task.o(i.raw_task_resume) for raw_task_resume
    sys_init.o(i.sys_init_task) refers to raw_task.o(i.raw_task_identify) for raw_task_identify
    sys_init.o(i.sys_init_task) refers to raw_task.o(i.raw_task_suspend) for raw_task_suspend
    sys_init.o(i.sys_init_task) refers to sys_init.o(.constdata) for sys_init_arry
    sys_init.o(.constdata) refers to sys_led.o(i.sys_led_init) for sys_led_init
    sys_init.o(.constdata) refers to debug_uart.o(i.shell_init) for shell_init
    sys_init.o(.constdata) refers to sys_uart.o(i.sys_uart_init) for sys_uart_init
    sys_init.o(.constdata) refers to mpu6050.o(i.sys_mpu_init) for sys_mpu_init
    sys_init.o(.constdata) refers to motor.o(i.sys_motor_init) for sys_motor_init
    pub.o(i.Pub_Gpio_Input_AIN) refers to stm32f10x_gpio.o(i.GPIO_Init) for GPIO_Init
    pub.o(i.Pub_Gpio_Input_INFLOATING) refers to stm32f10x_gpio.o(i.GPIO_Init) for GPIO_Init
    pub.o(i.Pub_Gpio_Input_IPD) refers to stm32f10x_gpio.o(i.GPIO_Init) for GPIO_Init
    pub.o(i.Pub_Gpio_Input_IPU) refers to stm32f10x_gpio.o(i.GPIO_Init) for GPIO_Init
    pub.o(i.Pub_Gpio_Output_AFPP) refers to stm32f10x_gpio.o(i.GPIO_Init) for GPIO_Init
    pub.o(i.Pub_Gpio_Output_OD) refers to stm32f10x_gpio.o(i.GPIO_Init) for GPIO_Init
    pub.o(i.Pub_Gpio_Output_OUTPP) refers to stm32f10x_gpio.o(i.GPIO_Init) for GPIO_Init
    pub.o(i.Pub_Nvic_Config) refers to misc.o(i.NVIC_Init) for NVIC_Init
    pub.o(i.Pub_Uart_Hardware_Cfg) refers to stm32f10x_usart.o(i.USART_ClockInit) for USART_ClockInit
    pub.o(i.Pub_Uart_Hardware_Cfg) refers to stm32f10x_usart.o(i.USART_Init) for USART_Init
    pub.o(i.Pub_Uart_Int_Cfg) refers to stm32f10x_usart.o(i.USART_ITConfig) for USART_ITConfig
    pub.o(i.Pub_Uart_Int_Cfg) refers to stm32f10x_usart.o(i.USART_Cmd) for USART_Cmd
    pub.o(i.Pub_Uart_Int_Cfg) refers to stm32f10x_usart.o(i.USART_ClearFlag) for USART_ClearFlag
    sys_delay.o(i.delay_init) refers to misc.o(i.SysTick_CLKSourceConfig) for SysTick_CLKSourceConfig
    sys_delay.o(i.delay_init) refers to system_stm32f10x.o(.data) for SystemCoreClock
    sys_delay.o(i.delay_init) refers to sys_delay.o(.data) for fac_us
    sys_delay.o(i.delay_ms) refers to raw_task.o(i.raw_sleep) for raw_sleep
    sys_delay.o(i.delay_ms) refers to sys_delay.o(i.delay_us) for delay_us
    sys_delay.o(i.delay_ms) refers to raw_obj.o(.data) for raw_int_nesting
    sys_delay.o(i.delay_ms) refers to sys_delay.o(.data) for fac_ms
    sys_delay.o(i.delay_us) refers to raw_task.o(i.raw_disable_sche) for raw_disable_sche
    sys_delay.o(i.delay_us) refers to raw_task.o(i.raw_enable_sche) for raw_enable_sche
    sys_delay.o(i.delay_us) refers to sys_delay.o(.data) for fac_us
    sys_led.o(i.sys_led_init) refers to raw_task.o(i.raw_task_create) for raw_task_create
    sys_led.o(i.sys_led_init) refers to sys_led.o(i.sys_led_task) for sys_led_task
    sys_led.o(i.sys_led_init) refers to sys_led.o(.bss) for sys_led_task_stk
    sys_led.o(i.sys_led_off) refers to sys_led.o(.data) for SYS_LED
    sys_led.o(i.sys_led_on) refers to sys_led.o(.data) for SYS_LED
    sys_led.o(i.sys_led_task) refers to simple_printf.o(i.raw_printf) for raw_printf
    sys_led.o(i.sys_led_task) refers to sys_led.o(i.sys_len_init) for sys_len_init
    sys_led.o(i.sys_led_task) refers to sys_led.o(i.sys_led_on) for sys_led_on
[...]
    I2C1_EV_IRQHandler                       0x0800015f   Thumb Code     0  startup_stm32f10x_hd.o(.text)
    I2C2_ER_IRQHandler                       0x0800015f   Thumb Code     0  startup_stm32f10x_hd.o(.text)
    I2C2_EV_IRQHandler                       0x0800015f   Thumb Code     0  startup_stm32f10x_hd.o(.text)
    PVD_IRQHandler                           0x0800015f   Thumb Code     0  startup_stm32f10x_hd.o(.text)
    RCC_IRQHandler                           0x0800015f   Thumb Code     0  startup_stm32f10x_hd.o(.text)
    RTCAlarm_IRQHandler                      0x0800015f   Thumb Code     0  startup_stm32f10x_hd.o(.text)
    RTC_IRQHandler                           0x0800015f   Thumb Code     0  startup_stm32f10x_hd.o(.text)
    SDIO_IRQHandler                          0x0800015f   Thumb Code     0  startup_stm32f10x_hd.o(.text)
    SPI1_IRQHandler                          0x0800015f   Thumb Code     0  startup_stm32f10x_hd.o(.text)
    SPI2_IRQHandler                          0x0800015f   Thumb Code     0  startup_stm32f10x_hd.o(.text)
    SPI3_IRQHandler                          0x0800015f   Thumb Code     0  startup_stm32f10x_hd.o(.text)
    TAMPER_IRQHandler                        0x0800015f   Thumb Code     0  startup_stm32f10x_hd.o(.text)
    TIM1_BRK_IRQHandler                      0x0800015f   Thumb Code     0  startup_stm32f10x_hd.o(.text)
    TIM1_CC_IRQHandler                       0x0800015f   Thumb Code     0  startup_stm32f10x_hd.o(.text)
    TIM1_TRG_COM_IRQHandler                  0x0800015f   Thumb Code     0  startup_stm32f10x_hd.o(.text)
    TIM1_UP_IRQHandler                       0x0800015f   Thumb Code     0  startup_stm32f10x_hd.o(.text)
    TIM2_IRQHandler                          0x0800015f   Thumb Code     0  startup_stm32f10x_hd.o(.text)
    TIM3_IRQHandler                          0x0800015f   Thumb Code     0  startup_stm32f10x_hd.o(.text)
    TIM4_IRQHandler                          0x0800015f   Thumb Code     0  startup_stm32f10x_hd.o(.text)
    TIM5_IRQHandler                          0x0800015f   Thumb Code     0  startup_stm32f10x_hd.o(.text)
    TIM6_IRQHandler                          0x0800015f   Thumb Code     0  startup_stm32f10x_hd.o(.text)
    TIM7_IRQHandler                          0x0800015f   Thumb Code     0  startup_stm32f10x_hd.o(.text)
    TIM8_BRK_IRQHandler                      0x0800015f   Thumb Code     0  startup_stm32f10x_hd.o(.text)
    TIM8_CC_IRQHandler                       0x0800015f   Thumb Code     0  startup_stm32f10x_hd.o(.text)
    TIM8_TRG_COM_IRQHandler                  0x0800015f   Thumb Code     0  startup_stm32f10x_hd.o(.text)
    TIM8_UP_IRQHandler                       0x0800015f   Thumb Code     0  startup_stm32f10x_hd.o(.text)
    UART4_IRQHandler                         0x0800015f   Thumb Code     0  startup_stm32f10x_hd.o(.text)
    UART5_IRQHandler                         0x0800015f   Thumb Code     0  startup_stm32f10x_hd.o(.text)
    USART3_IRQHandler                        0x0800015f   Thumb Code     0  startup_stm32f10x_hd.o(.text)
    USBWakeUp_IRQHandler                     0x0800015f   Thumb Code     0  startup_stm32f10x_hd.o(.text)
    USB_HP_CAN1_TX_IRQHandler                0x0800015f   Thumb Code     0  startup_stm32f10x_hd.o(.text)
    USB_LP_CAN1_RX0_IRQHandler               0x0800015f   Thumb Code     0  startup_stm32f10x_hd.o(.text)
    WWDG_IRQHandler                          0x0800015f   Thumb Code     0  startup_stm32f10x_hd.o(.text)
    OS_CPU_SR_Save                           0x08000169   Thumb Code     0  cpu.o(.text)
    OS_CPU_SR_Restore                        0x08000171   Thumb Code     0  cpu.o(.text)
    CPU_IntDis                               0x08000177   Thumb Code     0  cpu.o(.text)
    CPU_IntEn                                0x0800017b   Thumb Code     0  cpu.o(.text)
    raw_start_first_task                     0x0800017f   Thumb Code     0  cpu.o(.text)
    port_task_switch                         0x080001a7   Thumb Code     0  cpu.o(.text)
    raw_int_switch                           0x080001b1   Thumb Code     0  cpu.o(.text)
    PendSV_Handler                           0x080001bb   Thumb Code     0  cpu.o(.text)
    __aeabi_uldivmod                         0x08000205   Thumb Code    98  uldiv.o(.text)
    __aeabi_ldivmod                          0x08000267   Thumb Code    98  ldiv.o(.text)
    ___aeabi_memcpy4$move                    0x080002c9   Thumb Code     0  memmovea.o(.text)
    ___aeabi_memcpy8$move                    0x080002c9   Thumb Code     0  memmovea.o(.text)
    __aeabi_memcpy                           0x080002c9   Thumb Code    64  memmovea.o(.text)
    __aeabi_memmove                          0x080002c9   Thumb Code     0  memmovea.o(.text)
    __aeabi_memmove4                         0x080002c9   Thumb Code     0  memmovea.o(.text)
    __aeabi_memmove8                         0x080002c9   Thumb Code     0  memmovea.o(.text)
    __aeabi_memset                           0x08000309   Thumb Code    14  memseta.o(.text)
    __aeabi_memset4                          0x08000309   Thumb Code     0  memseta.o(.text)
    __aeabi_memset8                          0x08000309   Thumb Code     0  memseta.o(.text)
    __aeabi_memclr                           0x08000317   Thumb Code     4  memseta.o(.text)
    __aeabi_memclr4                          0x08000317   Thumb Code     0  memseta.o(.text)
    __aeabi_memclr8                          0x08000317   Thumb Code     0  memseta.o(.text)
    _memset$wrapper                          0x0800031b   Thumb Code    18  memseta.o(.text)
    strchr                                   0x0800032d   Thumb Code    20  strchr.o(.text)
    strlen                                   0x08000341   Thumb Code    14  strlen.o(.text)
    strcmp                                   0x0800034f   Thumb Code    28  strcmp.o(.text)
    memcmp                                   0x0800036b   Thumb Code    26  memcmp.o(.text)
    strcpy                                   0x08000385   Thumb Code    18  strcpy.o(.text)
    strncmp                                  0x08000397   Thumb Code    30  strncmp.o(.text)
    __aeabi_fadd                             0x080003b5   Thumb Code   164  fadd.o(.text)
    __aeabi_fsub                             0x08000459   Thumb Code     6  fadd.o(.text)
    __aeabi_frsub                            0x0800045f   Thumb Code     6  fadd.o(.text)
    __aeabi_fmul                             0x08000465   Thumb Code   100  fmul.o(.text)
    __aeabi_fdiv                             0x080004c9   Thumb Code   124  fdiv.o(.text)
    __aeabi_dadd                             0x08000545   Thumb Code   322  dadd.o(.text)
    __aeabi_dsub                             0x08000687   Thumb Code     6  dadd.o(.text)
    __aeabi_drsub                            0x0800068d   Thumb Code     6  dadd.o(.text)
    __aeabi_dmul                             0x08000693   Thumb Code   228  dmul.o(.text)
    __aeabi_ddiv                             0x08000777   Thumb Code   222  ddiv.o(.text)
    __aeabi_i2f                              0x08000855   Thumb Code    18  fflti.o(.text)
    __aeabi_ui2f                             0x08000867   Thumb Code    10  ffltui.o(.text)
    __aeabi_i2d                              0x08000871   Thumb Code    34  dflti.o(.text)
    __aeabi_f2iz                             0x08000893   Thumb Code    50  ffixi.o(.text)
    __aeabi_f2uiz                            0x080008c5   Thumb Code    40  ffixui.o(.text)
    __aeabi_d2iz                             0x080008ed   Thumb Code    62  dfixi.o(.text)
    __aeabi_f2d                              0x0800092b   Thumb Code    38  f2d.o(.text)
    __aeabi_d2f                              0x08000951   Thumb Code    56  d2f.o(.text)
    __aeabi_cfcmpeq                          0x08000989   Thumb Code     0  cfcmple.o(.text)
    __aeabi_cfcmple                          0x08000989   Thumb Code    20  cfcmple.o(.text)
    __aeabi_cfrcmple                         0x0800099d   Thumb Code    20  cfrcmple.o(.text)
    __aeabi_llsl                             0x080009b1   Thumb Code    30  llshl.o(.text)
    _ll_shift_l                              0x080009b1   Thumb Code     0  llshl.o(.text)
    __aeabi_llsr                             0x080009cf   Thumb Code    32  llushr.o(.text)
    _ll_ushift_r                             0x080009cf   Thumb Code     0  llushr.o(.text)
    __aeabi_lasr                             0x080009ef   Thumb Code    36  llsshr.o(.text)
    _ll_sshift_r                             0x080009ef   Thumb Code     0  llsshr.o(.text)
    __I$use$fp                               0x08000a13   Thumb Code     0  iusefp.o(.text)
    _float_round                             0x08000a13   Thumb Code    18  fepilogue.o(.text)
    _float_epilogue                          0x08000a25   Thumb Code    92  fepilogue.o(.text)
    _double_round                            0x08000a81   Thumb Code    30  depilogue.o(.text)
    _double_epilogue                         0x08000a9f   Thumb Code   156  depilogue.o(.text)
    __ARM_scalbn                             0x08000b3b   Thumb Code    46  dscalb.o(.text)
    scalbn                                   0x08000b3b   Thumb Code     0  dscalb.o(.text)
    __scatterload                            0x08000b69   Thumb Code    28  init.o(.text)
    __scatterload_rt2                        0x08000b69   Thumb Code     0  init.o(.text)
    _dsqrt                                   0x08000b8d   Thumb Code   162  dsqrt.o(.text)
    __decompress                             0x08000c2f   Thumb Code     0  __dczerorl2.o(.text)
    __decompress1                            0x08000c2f   Thumb Code    86  __dczerorl2.o(.text)
    GPIO_Init                                0x08000c85   Thumb Code   278  stm32f10x_gpio.o(i.GPIO_Init)
    GPIO_PinRemapConfig                      0x08000d9d   Thumb Code   138  stm32f10x_gpio.o(i.GPIO_PinRemapConfig)
    GPIO_SetBits                             0x08000e2d   Thumb Code     4  stm32f10x_gpio.o(i.GPIO_SetBits)
    GetCmd                                   0x08000e31   Thumb Code    52  sys_uart.o(i.GetCmd)
    HardFault_Handler                        0x08000e65   Thumb Code     4  stm32f10x_it.o(i.HardFault_Handler)
    MPU_Get_Gyroscope                        0x08000e69   Thumb Code    80  mpu6050.o(i.MPU_Get_Gyroscope)
    MPU_IIC_Ack                              0x08000eb9   Thumb Code    62  mpuiic.o(i.MPU_IIC_Ack)
    MPU_IIC_Delay                            0x08000f05   Thumb Code    10  mpuiic.o(i.MPU_IIC_Delay)
    MPU_IIC_Init                             0x08000f11   Thumb Code    50  mpuiic.o(i.MPU_IIC_Init)
    MPU_IIC_NAck                             0x08000f49   Thumb Code    62  mpuiic.o(i.MPU_IIC_NAck)
    MPU_IIC_Read_Byte                        0x08000f95   Thumb Code    94  mpuiic.o(i.MPU_IIC_Read_Byte)
    MPU_IIC_Send_Byte                        0x08001001   Thumb Code    80  mpuiic.o(i.MPU_IIC_Send_Byte)
    MPU_IIC_Start                            0x0800105d   Thumb Code    60  mpuiic.o(i.MPU_IIC_Start)
    MPU_IIC_Stop                             0x080010a5   Thumb Code    58  mpuiic.o(i.MPU_IIC_Stop)
    MPU_IIC_Wait_Ack                         0x080010ed   Thumb Code    86  mpuiic.o(i.MPU_IIC_Wait_Ack)
    MPU_Init                                 0x08001151   Thumb Code   180  mpu6050.o(i.MPU_Init)
    MPU_Read_Byte                            0x08001211   Thumb Code    58  mpu6050.o(i.MPU_Read_Byte)
    MPU_Read_Len                             0x0800124b   Thumb Code   116  mpu6050.o(i.MPU_Read_Len)
    MPU_Set_Accel_Fsr                        0x080012bf   Thumb Code    16  mpu6050.o(i.MPU_Set_Accel_Fsr)
    MPU_Set_Gyro_Fsr                         0x080012cf   Thumb Code    16  mpu6050.o(i.MPU_Set_Gyro_Fsr)
    MPU_Set_LPF                              0x080012df   Thumb Code    58  mpu6050.o(i.MPU_Set_LPF)
    MPU_Set_Rate                             0x08001319   Thumb Code    58  mpu6050.o(i.MPU_Set_Rate)
    MPU_Write_Byte                           0x08001353   Thumb Code    68  mpu6050.o(i.MPU_Write_Byte)
    MPU_Write_Len                            0x08001397   Thumb Code    96  mpu6050.o(i.MPU_Write_Len)
    NMI_Handler                              0x080013f7   Thumb Code     2  stm32f10x_it.o(i.NMI_Handler)
    NVIC_Init                                0x080013f9   Thumb Code   100  misc.o(i.NVIC_Init)
    PWM_Config                               0x08001469   Thumb Code   200  pwm.o(i.PWM_Config)
    Pub_Gpio_Input_INFLOATING                0x08001541   Thumb Code    26  pub.o(i.Pub_Gpio_Input_INFLOATING)
    Pub_Gpio_Output_AFPP                     0x0800155b   Thumb Code    32  pub.o(i.Pub_Gpio_Output_AFPP)
    Pub_Nvic_Config                          0x0800157b   Thumb Code    34  pub.o(i.Pub_Nvic_Config)
    Pub_Uart_Hardware_Cfg                    0x0800159d   Thumb Code    78  pub.o(i.Pub_Uart_Hardware_Cfg)
    Pub_Uart_Int_Cfg                         0x080015eb   Thumb Code    36  pub.o(i.Pub_Uart_Int_Cfg)
    RCC_AHBPeriphClockCmd                    0x08001611   Thumb Code    26  stm32f10x_rcc.o(i.RCC_AHBPeriphClockCmd)
    RCC_APB1PeriphClockCmd                   0x08001631   Thumb Code    26  stm32f10x_rcc.o(i.RCC_APB1PeriphClockCmd)
    RCC_APB1PeriphResetCmd                   0x08001651   Thumb Code    26  stm32f10x_rcc.o(i.RCC_APB1PeriphResetCmd)
    RCC_APB2PeriphClockCmd                   0x08001671   Thumb Code    26  stm32f10x_rcc.o(i.RCC_APB2PeriphClockCmd)
    RCC_APB2PeriphResetCmd                   0x08001691   Thumb Code    26  stm32f10x_rcc.o(i.RCC_APB2PeriphResetCmd)
    RCC_GetClocksFreq                        0x080016b1   Thumb Code   192  stm32f10x_rcc.o(i.RCC_GetClocksFreq)
    SysTick_CLKSourceConfig                  0x0800186d   Thumb Code    40  misc.o(i.SysTick_CLKSourceConfig)
    SysTick_Handler                          0x08001895   Thumb Code    16  port.o(i.SysTick_Handler)
    SystemInit                               0x080018a5   Thumb Code    78  system_stm32f10x.o(i.SystemInit)
    TIM_ARRPreloadConfig                     0x08001905   Thumb Code    24  stm32f10x_tim.o(i.TIM_ARRPreloadConfig)
    TIM_Cmd                                  0x0800191d   Thumb Code    24  stm32f10x_tim.o(i.TIM_Cmd)
    TIM_OC1Init                              0x08001935   Thumb Code   132  stm32f10x_tim.o(i.TIM_OC1Init)
    TIM_OC1PreloadConfig                     0x080019cd   Thumb Code    18  stm32f10x_tim.o(i.TIM_OC1PreloadConfig)
    TIM_OC2Init                              0x080019e1   Thumb Code   154  stm32f10x_tim.o(i.TIM_OC2Init)
    TIM_OC2PreloadConfig                     0x08001a85   Thumb Code    26  stm32f10x_tim.o(i.TIM_OC2PreloadConfig)
    TIM_OC3Init                              0x08001aa1   Thumb Code   150  stm32f10x_tim.o(i.TIM_OC3Init)
    TIM_OC3PreloadConfig                     0x08001b41   Thumb Code    18  stm32f10x_tim.o(i.TIM_OC3PreloadConfig)
    TIM_OC4Init                              0x08001b55   Thumb Code   114  stm32f10x_tim.o(i.TIM_OC4Init)
    TIM_OC4PreloadConfig                     0x08001bd1   Thumb Code    26  stm32f10x_tim.o(i.TIM_OC4PreloadConfig)
    TIM_SetCompare1                          0x08001beb   Thumb Code     4  stm32f10x_tim.o(i.TIM_SetCompare1)
    TIM_SetCompare2                          0x08001bef   Thumb Code     4  stm32f10x_tim.o(i.TIM_SetCompare2)
    TIM_SetCompare3                          0x08001bf3   Thumb Code     4  stm32f10x_tim.o(i.TIM_SetCompare3)
    TIM_SetCompare4                          0x08001bf7   Thumb Code     6  stm32f10x_tim.o(i.TIM_SetCompare4)
    TIM_TimeBaseInit                         0x08001bfd   Thumb Code   122  stm32f10x_tim.o(i.TIM_TimeBaseInit)
    USART1_IRQHandler                        0x08001ca1   Thumb Code    94  debug_uart.o(i.USART1_IRQHandler)
    USART2_IRQHandler                        0x08001d11   Thumb Code    30  sys_uart.o(i.USART2_IRQHandler)
    USART_ClearFlag                          0x08001d35   Thumb Code    18  stm32f10x_usart.o(i.USART_ClearFlag)
    USART_ClearITPendingBit                  0x08001d47   Thumb Code    30  stm32f10x_usart.o(i.USART_ClearITPendingBit)
    USART_ClockInit                          0x08001d65   Thumb Code    34  stm32f10x_usart.o(i.USART_ClockInit)
    USART_Cmd                                0x08001d87   Thumb Code    24  stm32f10x_usart.o(i.USART_Cmd)
    USART_DeInit                             0x08001db5   Thumb Code   134  stm32f10x_usart.o(i.USART_DeInit)
    USART_GetFlagStatus                      0x08001e51   Thumb Code    26  stm32f10x_usart.o(i.USART_GetFlagStatus)
    USART_GetITStatus                        0x08001e6b   Thumb Code    84  stm32f10x_usart.o(i.USART_GetITStatus)
    USART_ITConfig                           0x08001ebf   Thumb Code    74  stm32f10x_usart.o(i.USART_ITConfig)
    USART_Init                               0x08001f09   Thumb Code   210  stm32f10x_usart.o(i.USART_Init)
    USART_SendData                           0x08001fe1   Thumb Code     8  stm32f10x_usart.o(i.USART_SendData)
    USARTx_SendBuf                           0x08001fe9   Thumb Code    50  sys_uart.o(i.USARTx_SendBuf)
    Uartx_Receive_T                          0x0800201d   Thumb Code   144  sys_uart.o(i.Uartx_Receive_T)
    Uartx_RxInt                              0x080020c1   Thumb Code    52  sys_uart.o(i.Uartx_RxInt)
    __0printf$8                              0x08002105   Thumb Code    22  printf8.o(i.__0printf$8)
    __1printf$8                              0x08002105   Thumb Code     0  printf8.o(i.__0printf$8)
    __2printf                                0x08002105   Thumb Code     0  printf8.o(i.__0printf$8)
    __ARM_fpclassify                         0x08002125   Thumb Code    40  fpclassify.o(i.__ARM_fpclassify)
    __kernel_poly                            0x0800214d   Thumb Code   170  poly.o(i.__kernel_poly)
    __ll_entry_count                         0x080021f7   Thumb Code     4  cmds.o(i.__ll_entry_count)
    __ll_entry_start                         0x080021fd   Thumb Code     4  cmds.o(i.__ll_entry_start)
    __mathlib_dbl_infnan                     0x08002205   Thumb Code     6  dunder.o(i.__mathlib_dbl_infnan)
    __mathlib_dbl_infnan2                    0x0800220b   Thumb Code     4  dunder.o(i.__mathlib_dbl_infnan2)
    __mathlib_dbl_invalid                    0x0800220f   Thumb Code    12  dunder.o(i.__mathlib_dbl_invalid)
    __mathlib_dbl_underflow                  0x0800221d   Thumb Code    10  dunder.o(i.__mathlib_dbl_underflow)
    __scatterload_copy                       0x0800222d   Thumb Code    14  handlers.o(i.__scatterload_copy)
    __scatterload_null                       0x0800223b   Thumb Code     2  handlers.o(i.__scatterload_null)
    __scatterload_zeroinit                   0x0800223d   Thumb Code    14  handlers.o(i.__scatterload_zeroinit)
    __set_errno                              0x0800224d   Thumb Code     6  errno.o(i.__set_errno)
    _do_help                                 0x08002259   Thumb Code   280  command.o(i._do_help)
    add_ready_list                           0x08002891   Thumb Code    38  raw_pend.o(i.add_ready_list)
    add_ready_list_end                       0x080028bd   Thumb Code    40  raw_pend.o(i.add_ready_list_end)
    add_ready_list_head                      0x080028e5   Thumb Code    40  raw_pend.o(i.add_ready_list_head)
    asin                                     0x08002941   Thumb Code   572  asin.o(i.asin)
    atan                                     0x08002bb1   Thumb Code   474  atan.o(i.atan)
    atan2                                    0x08002dd1   Thumb Code   346  atan2.o(i.atan2)
    bit_search_first_one                     0x08002f51   Thumb Code   146  raw_system.o(i.bit_search_first_one)
    block_state_post_process                 0x08002ffd   Thumb Code    74  raw_system.o(i.block_state_post_process)
    calculate_time_slice                     0x08003049   Thumb Code   150  raw_sched.o(i.calculate_time_slice)
    call_timer_task                          0x080030e5   Thumb Code    30  raw_timer.o(i.call_timer_task)
    change_internal_task_priority            0x0800310d   Thumb Code   112  raw_task.o(i.change_internal_task_priority)
    change_pend_list_priority                0x08003185   Thumb Code    26  raw_pend.o(i.change_pend_list_priority)
    clear_ctrlc                              0x080031a1   Thumb Code     8  cli_port.o(i.clear_ctrlc)
    cli_init                                 0x080031bd   Thumb Code     2  cli.o(i.cli_init)
    cli_loop                                 0x080031bf   Thumb Code     8  cli.o(i.cli_loop)
    cli_readline                             0x08003215   Thumb Code    20  cli_readline.o(i.cli_readline)
    cli_readline_into_buffer                 0x0800322d   Thumb Code    70  cli_readline.o(i.cli_readline_into_buffer)
    cli_simple_loop                          0x0800327d   Thumb Code    78  cli_simple.o(i.cli_simple_loop)
    cli_simple_parse_line                    0x080032f5   Thumb Code   106  cli_simple.o(i.cli_simple_parse_line)
    cli_simple_run_command                   0x08003385   Thumb Code   244  cli_simple.o(i.cli_simple_run_command)
    cmd_auto_complete                        0x08003495   Thumb Code   400  command.o(i.cmd_auto_complete)
    cmd_process                              0x08003665   Thumb Code   128  command.o(i.cmd_process)
    cmd_usage                                0x0800370d   Thumb Code    62  command.o(i.cmd_usage)
    cpu_task_init                            0x0800396d   Thumb Code    68  raw_stat.o(i.cpu_task_init)
    cpu_task_start                           0x080039c1   Thumb Code    40  raw_stat.o(i.cpu_task_start)
    create_init_task                         0x08004065   Thumb Code    40  sys_init.o(i.create_init_task)
    ctrlc                                    0x080040a9   Thumb Code    40  cli_port.o(i.ctrlc)
    debug_cahce_empty                        0x080040dd   Thumb Code    58  debug_uart.o(i.debug_cahce_empty)
    debug_putc                               0x080041f5   Thumb Code    12  debug_uart.o(i.debug_putc)
    debug_read                               0x0800421d   Thumb Code    18  debug_uart.o(i.debug_read)
    debug_serial_init                        0x08004235   Thumb Code    12  debug_uart.o(i.debug_serial_init)
    debug_write                              0x080042dd   Thumb Code    86  debug_uart.o(i.debug_write)
    delay_init                               0x0800439d   Thumb Code    76  sys_delay.o(i.delay_init)
    delay_ms                                 0x080043f9   Thumb Code    60  sys_delay.o(i.delay_ms)
    delay_us                                 0x0800443d   Thumb Code    84  sys_delay.o(i.delay_us)
    dmp_enable_6x_lp_quat                    0x08004495   Thumb Code    60  inv_mpu_dmp_motion_driver.o(i.dmp_enable_6x_lp_quat)
    dmp_enable_feature                       0x080044d1   Thumb Code   530  inv_mpu_dmp_motion_driver.o(i.dmp_enable_feature)
    dmp_enable_gyro_cal                      0x080046ed   Thumb Code    62  inv_mpu_dmp_motion_driver.o(i.dmp_enable_gyro_cal)
    dmp_enable_lp_quat                       0x08004745   Thumb Code    60  inv_mpu_dmp_motion_driver.o(i.dmp_enable_lp_quat)
    dmp_load_motion_driver_firmware          0x08004781   Thumb Code    20  inv_mpu_dmp_motion_driver.o(i.dmp_load_motion_driver_firmware)
    dmp_read_fifo                            0x08004799   Thumb Code   456  inv_mpu_dmp_motion_driver.o(i.dmp_read_fifo)
    dmp_set_accel_bias                       0x08004965   Thumb Code   300  inv_mpu_dmp_motion_driver.o(i.dmp_set_accel_bias)
    dmp_set_fifo_rate                        0x08004a95   Thumb Code    96  inv_mpu_dmp_motion_driver.o(i.dmp_set_fifo_rate)
    dmp_set_gyro_bias                        0x08004b05   Thumb Code   294  inv_mpu_dmp_motion_driver.o(i.dmp_set_gyro_bias)
    dmp_set_orientation                      0x08004c35   Thumb Code   290  inv_mpu_dmp_motion_driver.o(i.dmp_set_orientation)
    dmp_set_shake_reject_thresh              0x08004d6d   Thumb Code    56  inv_mpu_dmp_motion_driver.o(i.dmp_set_shake_reject_thresh)
    dmp_set_shake_reject_time                0x08004da5   Thumb Code    38  inv_mpu_dmp_motion_driver.o(i.dmp_set_shake_reject_time)
    dmp_set_shake_reject_timeout             0x08004dcb   Thumb Code    38  inv_mpu_dmp_motion_driver.o(i.dmp_set_shake_reject_timeout)
    dmp_set_tap_axes                         0x08004df1   Thumb Code    70  inv_mpu_dmp_motion_driver.o(i.dmp_set_tap_axes)
    dmp_set_tap_count                        0x08004e37   Thumb Code    38  inv_mpu_dmp_motion_driver.o(i.dmp_set_tap_count)
    dmp_set_tap_thresh                       0x08004e5d   Thumb Code   396  inv_mpu_dmp_motion_driver.o(i.dmp_set_tap_thresh)
    dmp_set_tap_time                         0x08004ffd   Thumb Code    38  inv_mpu_dmp_motion_driver.o(i.dmp_set_tap_time)
    dmp_set_tap_time_multi                   0x08005023   Thumb Code    38  inv_mpu_dmp_motion_driver.o(i.dmp_set_tap_time_multi)
    fifo_in                                  0x08005215   Thumb Code    78  fifo.o(i.fifo_in)
    fifo_init                                0x08005263   Thumb Code    66  fifo.o(i.fifo_init)
    fifo_out_all                             0x080052a5   Thumb Code    82  fifo.o(i.fifo_out_all)
    find_cmd                                 0x08005307   Thumb Code    28  command.o(i.find_cmd)
    find_cmd_tbl                             0x08005323   Thumb Code   112  command.o(i.find_cmd_tbl)
    fputc                                    0x080053e1   Thumb Code    32  sys_uart.o(i.fputc)
    free                                     0x08005405   Thumb Code    76  malloc.o(i.free)
    get_ready_task                           0x08005509   Thumb Code    18  raw_pend.o(i.get_ready_task)
    get_shell_task_obj                       0x08005521   Thumb Code     4  debug_uart.o(i.get_shell_task_obj)
    had_ctrlc                                0x08005abd   Thumb Code     6  cli_port.o(i.had_ctrlc)
    inv_orientation_matrix_to_scalar         0x08005c01   Thumb Code    40  inv_mpu.o(i.inv_orientation_matrix_to_scalar)
    inv_row_2_scale                          0x08005c29   Thumb Code    78  inv_mpu.o(i.inv_row_2_scale)
    main                                     0x08005d31   Thumb Code    72  main.o(i.main)
    malloc                                   0x08005dd5   Thumb Code    92  malloc.o(i.malloc)
    mget_ms                                  0x08005e41   Thumb Code     2  inv_mpu.o(i.mget_ms)
    move_to_ready_list_end                   0x08005e43   Thumb Code    30  raw_pend.o(i.move_to_ready_list_end)
    mpu_configure_fifo                       0x08005e61   Thumb Code   106  inv_mpu.o(i.mpu_configure_fifo)
    mpu_dmp_get_data                         0x08005ed1   Thumb Code   544  inv_mpu.o(i.mpu_dmp_get_data)
    mpu_dmp_init                             0x080060f5   Thumb Code   154  inv_mpu.o(i.mpu_dmp_init)
    mpu_get_accel_fsr                        0x08006195   Thumb Code    72  inv_mpu.o(i.mpu_get_accel_fsr)
    mpu_get_accel_sens                       0x080061e1   Thumb Code    78  inv_mpu.o(i.mpu_get_accel_sens)
    mpu_get_fifo_config                      0x08006235   Thumb Code    12  inv_mpu.o(i.mpu_get_fifo_config)
    mpu_get_gyro_fsr                         0x08006245   Thumb Code    64  inv_mpu.o(i.mpu_get_gyro_fsr)
    mpu_get_gyro_sens                        0x08006289   Thumb Code    58  inv_mpu.o(i.mpu_get_gyro_sens)
    mpu_get_lpf                              0x080062d9   Thumb Code    74  inv_mpu.o(i.mpu_get_lpf)
    mpu_get_sample_rate                      0x08006329   Thumb Code    26  inv_mpu.o(i.mpu_get_sample_rate)
    mpu_init                                 0x08006349   Thumb Code   416  inv_mpu.o(i.mpu_init)
    mpu_load_firmware                        0x08006539   Thumb Code   180  inv_mpu.o(i.mpu_load_firmware)
    mpu_lp_accel_mode                        0x080065f1   Thumb Code   218  inv_mpu.o(i.mpu_lp_accel_mode)
    mpu_read_fifo_stream                     0x080066d1   Thumb Code   186  inv_mpu.o(i.mpu_read_fifo_stream)
    mpu_read_mem                             0x08006791   Thumb Code   122  inv_mpu.o(i.mpu_read_mem)
    mpu_reset_fifo                           0x08006811   Thumb Code   450  inv_mpu.o(i.mpu_reset_fifo)
    mpu_run_self_test                        0x080069d9   Thumb Code   278  inv_mpu.o(i.mpu_run_self_test)
    mpu_set_accel_fsr                        0x08006af5   Thumb Code   126  inv_mpu.o(i.mpu_set_accel_fsr)
    mpu_set_bypass                           0x08006b79   Thumb Code   328  inv_mpu.o(i.mpu_set_bypass)
    mpu_set_dmp_state                        0x08006cc5   Thumb Code   138  inv_mpu.o(i.mpu_set_dmp_state)
    mpu_set_gyro_fsr                         0x08006d55   Thumb Code   132  inv_mpu.o(i.mpu_set_gyro_fsr)
    mpu_set_int_latched                      0x08006ddd   Thumb Code   102  inv_mpu.o(i.mpu_set_int_latched)
    mpu_set_lpf                              0x08006e49   Thumb Code   126  inv_mpu.o(i.mpu_set_lpf)
    mpu_set_sample_rate                      0x08006ecd   Thumb Code   152  inv_mpu.o(i.mpu_set_sample_rate)
    mpu_set_sensors                          0x08006f69   Thumb Code   202  inv_mpu.o(i.mpu_set_sensors)
    mpu_write_mem                            0x08007039   Thumb Code   122  inv_mpu.o(i.mpu_write_mem)
    msg_size_post                            0x080070b9   Thumb Code   242  raw_queue_size.o(i.msg_size_post)
    mtx_chg_pri                              0x080071ad   Thumb Code   128  raw_mutex.o(i.mtx_chg_pri)
    mutex_state_change                       0x08007235   Thumb Code    38  raw_mutex.o(i.mutex_state_change)
    port_isr_stack_check                     0x080072cd   Thumb Code     2  port.o(i.port_isr_stack_check)
    port_stack_init                          0x080072cf   Thumb Code   168  port.o(i.port_stack_init)
    port_system_error_process                0x08007377   Thumb Code   140  port_error_process.o(i.port_system_error_process)
    raw_block_allocate                       0x080078b7   Thumb Code    88  raw_block.o(i.raw_block_allocate)
    raw_block_pool_create                    0x0800790f   Thumb Code   126  raw_block.o(i.raw_block_pool_create)
    raw_block_release                        0x0800798d   Thumb Code    72  raw_block.o(i.raw_block_release)
    raw_disable_sche                         0x080079d5   Thumb Code    60  raw_task.o(i.raw_disable_sche)
    raw_enable_sche                          0x08007a19   Thumb Code    82  raw_task.o(i.raw_enable_sche)
    raw_enter_interrupt                      0x08007a75   Thumb Code    80  raw_system.o(i.raw_enter_interrupt)
    raw_finish_int                           0x08007ac9   Thumb Code   118  raw_system.o(i.raw_finish_int)
    raw_idle_coroutine_hook                  0x08007b55   Thumb Code     4  port_hook.o(i.raw_idle_coroutine_hook)
    raw_idle_task                            0x08007b59   Thumb Code    42  raw_idle.o(i.raw_idle_task)
    raw_memcpy                               0x08007b89   Thumb Code    90  user_extension.o(i.raw_memcpy)
    raw_memset                               0x08007be3   Thumb Code    70  user_extension.o(i.raw_memset)
    raw_mutex_create                         0x08007c29   Thumb Code    56  raw_mutex.o(i.raw_mutex_create)
    raw_mutex_get                            0x08007c61   Thumb Code   330  raw_mutex.o(i.raw_mutex_get)
    raw_mutex_put                            0x08007db9   Thumb Code   204  raw_mutex.o(i.raw_mutex_put)
    raw_os_init                              0x08007e8d   Thumb Code    94  raw_sched.o(i.raw_os_init)
    raw_os_init_hook                         0x08007f21   Thumb Code     2  port_hook.o(i.raw_os_init_hook)
    raw_os_start                             0x08007f25   Thumb Code    44  raw_sched.o(i.raw_os_start)
    raw_pend_object                          0x08007f61   Thumb Code    70  raw_pend.o(i.raw_pend_object)
    raw_printf                               0x08007fad   Thumb Code    36  simple_printf.o(i.raw_printf)
    raw_queue_size_create                    0x08007fd1   Thumb Code    88  raw_queue_size.o(i.raw_queue_size_create)
    raw_queue_size_end_post                  0x08008029   Thumb Code    38  raw_queue_size.o(i.raw_queue_size_end_post)
    raw_queue_size_get_information           0x0800804f   Thumb Code    96  raw_queue_size.o(i.raw_queue_size_get_information)
    raw_queue_size_receive                   0x080080b1   Thumb Code   266  raw_queue_size.o(i.raw_queue_size_receive)
    raw_sched                                0x080081c9   Thumb Code    64  raw_sched.o(i.raw_sched)
    raw_semaphore_create                     0x0800821d   Thumb Code    44  raw_sem.o(i.raw_semaphore_create)
    raw_semaphore_get                        0x08008249   Thumb Code   164  raw_sem.o(i.raw_semaphore_get)
    raw_semaphore_put                        0x080082f9   Thumb Code    20  raw_sem.o(i.raw_semaphore_put)
    raw_semaphore_set                        0x0800830d   Thumb Code   108  raw_sem.o(i.raw_semaphore_set)
    raw_sleep                                0x0800837d   Thumb Code   130  raw_task.o(i.raw_sleep)
    raw_stack_check                          0x08008411   Thumb Code    68  raw_stat.o(i.raw_stack_check)
    raw_sys_tick_init                        0x0800845d   Thumb Code    84  port.o(i.raw_sys_tick_init)
    raw_task_create                          0x080084bd   Thumb Code   322  raw_task.o(i.raw_task_create)
    raw_task_identify                        0x08008619   Thumb Code     6  raw_task.o(i.raw_task_identify)
    raw_task_resume                          0x08008625   Thumb Code    18  raw_task.o(i.raw_task_resume)
    raw_task_semaphore_create                0x08008637   Thumb Code    28  raw_task_sem.o(i.raw_task_semaphore_create)
    raw_task_semaphore_get                   0x08008655   Thumb Code    18  raw_task_sem.o(i.raw_task_semaphore_get)
    raw_task_semaphore_put                   0x0800866d   Thumb Code    12  raw_task_sem.o(i.raw_task_semaphore_put)
    raw_task_stack_check                     0x08008679   Thumb Code    50  raw_task.o(i.raw_task_stack_check)
    raw_task_suspend                         0x080086ab   Thumb Code    28  raw_task.o(i.raw_task_suspend)
    raw_tick_hook                            0x080086c7   Thumb Code     2  port_hook.o(i.raw_tick_hook)
    raw_time_tick                            0x080086c9   Thumb Code    28  raw_system.o(i.raw_time_tick)
    raw_timer_init                           0x080086ed   Thumb Code    60  raw_timer.o(i.raw_timer_init)
    raw_wake_object                          0x08008759   Thumb Code    12  raw_pend.o(i.raw_wake_object)
    remove_ready_list                        0x080087d3   Thumb Code   124  raw_pend.o(i.remove_ready_list)
    run_command_repeatable                   0x0800884f   Thumb Code    16  cli.o(i.run_command_repeatable)
    run_queue_init                           0x0800885f   Thumb Code    36  raw_pend.o(i.run_queue_init)
    run_self_test                            0x08008883   Thumb Code   148  inv_mpu.o(i.run_self_test)
    semaphore_put                            0x08008917   Thumb Code   164  raw_sem.o(i.semaphore_put)
    serial_alloc                             0x080089bb   Thumb Code    28  serial_fifo.o(i.serial_alloc)
    serial_append                            0x080089d7   Thumb Code    32  serial_fifo.o(i.serial_append)
    serial_fifo_init                         0x08008a59   Thumb Code   196  serial_fifo.o(i.serial_fifo_init)
    serial_fifo_int_recv                     0x08008b1d   Thumb Code    40  serial_fifo.o(i.serial_fifo_int_recv)
    serial_read                              0x08008b45   Thumb Code    24  serial_fifo.o(i.serial_read)
    serial_read_noblock                      0x08008b5d   Thumb Code   156  serial_fifo.o(i.serial_read_noblock)
    shell_init                               0x08008c89   Thumb Code    42  debug_uart.o(i.shell_init)
    simple_printf_lock                       0x08008cd1   Thumb Code    14  simple_printf.o(i.simple_printf_lock)
    simple_printf_unlock                     0x08008ce5   Thumb Code    10  simple_printf.o(i.simple_printf_unlock)
    sqrt                                     0x08008cf5   Thumb Code    76  sqrt.o(i.sqrt)
    sys_led_init                             0x08008df1   Thumb Code    42  sys_led.o(i.sys_led_init)
    sys_motor_init                           0x08008ef1   Thumb Code    42  motor.o(i.sys_motor_init)
    sys_mpu_init                             0x08009031   Thumb Code    42  mpu6050.o(i.sys_mpu_init)
    sys_uart_init                            0x08009109   Thumb Code    42  sys_uart.o(i.sys_uart_init)
    sys_uart_task                            0x08009151   Thumb Code    90  sys_uart.o(i.sys_uart_task)
    task_create_hook                         0x08009239   Thumb Code     2  port_hook.o(i.task_create_hook)
    task_resume                              0x0800923d   Thumb Code   170  raw_task.o(i.task_resume)
    task_suspend                             0x080092ed   Thumb Code   192  raw_task.o(i.task_suspend)
    tick_list_init                           0x080093b9   Thumb Code    10  raw_tick.o(i.tick_list_init)
    tick_list_insert                         0x080093c9   Thumb Code    32  raw_tick.o(i.tick_list_insert)
    tick_list_remove                         0x08009441   Thumb Code    22  raw_tick.o(i.tick_list_remove)
    tick_list_update                         0x08009459   Thumb Code   252  raw_tick.o(i.tick_list_update)
    tick_task_start                          0x08009581   Thumb Code    52  raw_tick.o(i.tick_task_start)
    timer_task                               0x0800965d   Thumb Code   194  raw_timer.o(i.timer_task)
    tstc                                     0x08009731   Thumb Code    16  cli_port.o(i.tstc)
    wake_send_msg_size                       0x08009741   Thumb Code    20  raw_pend.o(i.wake_send_msg_size)
    reg                                      0x0800977c   Data          27  inv_mpu.o(.constdata)
    hw                                       0x08009798   Data          12  inv_mpu.o(.constdata)
    test                                     0x080097a4   Data          40  inv_mpu.o(.constdata)
    __mathlib_zero                           0x0800a4b0   Data           8  qnan.o(.constdata)
    Region$$Table$$Base                      0x0800a74c   Number         0  anon$$obj.o(Region$$Table)
    Region$$Table$$Limit                     0x0800a76c   Number         0  anon$$obj.o(Region$$Table)
    pRead                                    0x2000000c   Data           4  sys_uart.o(.data)
    pWrite                                   0x20000010   Data           4  sys_uart.o(.data)
    __stdout                                 0x20000014   Data           4  sys_uart.o(.data)
    MPU_Pitch                                0x20000018   Data           4  mpu6050.o(.data)
    MPU_Roll                                 0x2000001c   Data           4  mpu6050.o(.data)
    MPU_Yaw                                  0x20000020   Data           4  mpu6050.o(.data)
    MPU_Gyrox                                0x20000024   Data           2  mpu6050.o(.data)
    MPU_Gyroy                                0x20000026   Data           2  mpu6050.o(.data)
    MPU_Gyroz                                0x20000028   Data           2  mpu6050.o(.data)
    SystemCoreClock                          0x20000064   Data           4  system_stm32f10x.o(.data)
    AHBPrescTable                            0x20000068   Data          16  system_stm32f10x.o(.data)
    raw_os_active                            0x20000090   Data           1  raw_obj.o(.data)
    idle_task_exit                           0x20000091   Data           1  raw_obj.o(.data)
    raw_sched_lock                           0x20000092   Data           1  raw_obj.o(.data)
    raw_int_nesting                          0x20000093   Data           1  raw_obj.o(.data)
    high_ready_obj                           0x20000094   Data           4  raw_obj.o(.data)
    raw_task_active                          0x20000098   Data           4  raw_obj.o(.data)
    raw_idle_count                           0x200000a0   Data           8  raw_obj.o(.data)
    raw_tick_count                           0x200000a8   Data           4  raw_obj.o(.data)
    tick_head                                0x200000ac   Data           8  raw_obj.o(.data)
    timer_head                               0x200000b4   Data           8  raw_obj.o(.data)
    raw_timer_count                          0x200000bc   Data           4  raw_obj.o(.data)
    raw_timer_ctrl                           0x200000c0   Data           4  raw_obj.o(.data)
    mutex_recursion_levels                   0x200000c4   Data           1  raw_obj.o(.data)
    mutex_recursion_max_levels               0x200000c5   Data           1  raw_obj.o(.data)
    raw_idle_count_max                       0x200000c8   Data           8  raw_obj.o(.data)
    cpu_usuage                               0x200000d0   Data           4  raw_obj.o(.data)
    cpu_usuage_max                           0x200000d4   Data           4  raw_obj.o(.data)
    raw_task_debug                           0x200000d8   Data           8  raw_obj.o(.data)
    __cli_io                                 0x200000e0   Data          28  cli_port.o(.data)
    __microlib_freelist                      0x200001a4   Data           4  mvars.o(.data)
    __microlib_freelist_initialised          0x200001a8   Data           4  mvars.o(.data)
    TmpBuf                                   0x20000f00   Data         128  sys_uart.o(.bss)
    Sem1                                     0x20000f80   Data          28  sys_uart.o(.bss)
    Sem2                                     0x20000f9c   Data          28  sys_uart.o(.bss)
    Fifo                                     0x20000fb8   Data          24  sys_uart.o(.bss)
    Buff_Fifo                                0x20000fd0   Data         128  sys_uart.o(.bss)
    debug_tx_mutex                           0x20001d44   Data          28  debug_uart.o(.bss)
    SEM_MPU                                  0x200025d0   Data          28  mpu6050.o(.bss)
    raw_ready_queue                          0x2000286c   Data         508  raw_obj.o(.bss)
    raw_idle_obj                             0x20002a68   Data         112  raw_obj.o(.bss)
    idle_stack                               0x20002ad8   Data        1024  raw_obj.o(.bss)
    raw_timer_obj                            0x20002ed8   Data         112  raw_obj.o(.bss)
    timer_task_stack                         0x20002f48   Data        1024  raw_obj.o(.bss)
    timer_sem                                0x20003348   Data          28  raw_obj.o(.bss)
    timer_mutex                              0x20003364   Data          28  raw_obj.o(.bss)
    raw_cpu_obj                              0x20003380   Data         112  raw_obj.o(.bss)
    cpu_task_stack                           0x200033f0   Data        1024  raw_obj.o(.bss)
    tick_task_obj                            0x200037f0   Data         112  raw_obj.o(.bss)
    tick_task_stack                          0x20003860   Data        1024  raw_obj.o(.bss)
    tick_semaphore_obj                       0x20003c60   Data          28  raw_obj.o(.bss)
    console_buffer                           0x20003c98   Data          81  cli_readline.o(.bss)
    __heap_base                              0x20004430   Data           0  startup_stm32f10x_hd.o(HEAP)
    __heap_limit                             0x20004630   Data           0  startup_stm32f10x_hd.o(HEAP)
    __initial_sp                             0x20004a30   Data           0  startup_stm32f10x_hd.o(STACK)



==============================================================================

Memory Map of the image

  Image Entry point : 0x08000131

  Load Region LR_IROM1 (Base: 0x08000000, Size: 0x0000a91c, Max: 0x00080000, ABSOLUTE, COMPRESSED[0x0000a804])

    Execution Region ER_IROM1 (Base: 0x08000000, Size: 0x0000a76c, Max: 0x00080000, ABSOLUTE)

    Base Addr    Size         Type   Attr      Idx    E Section Name        Object

    0x08000000   0x00000130   Data   RO         1330    RESET               startup_stm32f10x_hd.o
    0x08000130   0x00000000   Code   RO         6445  * .ARM.Collect$$$$00000000  mc_w.l(entry.o)
    0x08000130   0x00000004   Code   RO         6832    .ARM.Collect$$$$00000001  mc_w.l(entry2.o)
    0x08000134   0x00000004   Code   RO         6835    .ARM.Collect$$$$00000004  mc_w.l(entry5.o)
    0x08000138   0x00000000   Code   RO         6837    .ARM.Collect$$$$00000008  mc_w.l(entry7b.o)
    0x08000138   0x00000000   Code   RO         6839    .ARM.Collect$$$$0000000A  mc_w.l(entry8b.o)
    0x08000138   0x00000008   Code   RO         6840    .ARM.Collect$$$$0000000B  mc_w.l(entry9a.o)
    0x08000140   0x00000000   Code   RO         6842    .ARM.Collect$$$$0000000D  mc_w.l(entry10a.o)
    0x08000140   0x00000000   Code   RO         6844    .ARM.Collect$$$$0000000F  mc_w.l(entry11a.o)
    0x08000140   0x00000004   Code   RO         6833    .ARM.Collect$$$$00002712  mc_w.l(entry2.o)
    0x08000144   0x00000024   Code   RO         1331    .text               startup_stm32f10x_hd.o
    0x08000168   0x0000009c   Code   RO         5687    .text               cpu.o
    0x08000204   0x00000062   Code   RO         6448    .text               mc_w.l(uldiv.o)
    0x08000266   0x00000062   Code   RO         6450    .text               mc_w.l(ldiv.o)
    0x080002c8   0x00000040   Code   RO         6454    .text               mc_w.l(memmovea.o)
    0x08000308   0x00000024   Code   RO         6456    .text               mc_w.l(memseta.o)
    0x0800032c   0x00000014   Code   RO         6458    .text               mc_w.l(strchr.o)
    0x08000340   0x0000000e   Code   RO         6460    .text               mc_w.l(strlen.o)
    0x0800034e   0x0000001c   Code   RO         6462    .text               mc_w.l(strcmp.o)
    0x0800036a   0x0000001a   Code   RO         6464    .text               mc_w.l(memcmp.o)
    0x08000384   0x00000012   Code   RO         6466    .text               mc_w.l(strcpy.o)
    0x08000396   0x0000001e   Code   RO         6468    .text               mc_w.l(strncmp.o)
    0x080003b4   0x000000b0   Code   RO         6763    .text               mf_w.l(fadd.o)
    0x08000464   0x00000064   Code   RO         6765    .text               mf_w.l(fmul.o)
    0x080004c8   0x0000007c   Code   RO         6767    .text               mf_w.l(fdiv.o)
    0x08000544   0x0000014e   Code   RO         6769    .text               mf_w.l(dadd.o)
    0x08000692   0x000000e4   Code   RO         6771    .text               mf_w.l(dmul.o)
    0x08000776   0x000000de   Code   RO         6773    .text               mf_w.l(ddiv.o)
    0x08000854   0x00000012   Code   RO         6775    .text               mf_w.l(fflti.o)
    0x08000866   0x0000000a   Code   RO         6777    .text               mf_w.l(ffltui.o)
    0x08000870   0x00000022   Code   RO         6779    .text               mf_w.l(dflti.o)
    0x08000892   0x00000032   Code   RO         6781    .text               mf_w.l(ffixi.o)
    0x080008c4   0x00000028   Code   RO         6783    .text               mf_w.l(ffixui.o)
    0x080008ec   0x0000003e   Code   RO         6785    .text               mf_w.l(dfixi.o)
    0x0800092a   0x00000026   Code   RO         6787    .text               mf_w.l(f2d.o)
    0x08000950   0x00000038   Code   RO         6789    .text               mf_w.l(d2f.o)
    0x08000988   0x00000014   Code   RO         6791    .text               mf_w.l(cfcmple.o)
    0x0800099c   0x00000014   Code   RO         6793    .text               mf_w.l(cfrcmple.o)
    0x080009b0   0x0000001e   Code   RO         6848    .text               mc_w.l(llshl.o)
    0x080009ce   0x00000020   Code   RO         6850    .text               mc_w.l(llushr.o)
    0x080009ee   0x00000024   Code   RO         6852    .text               mc_w.l(llsshr.o)
    0x08000a12   0x00000000   Code   RO         6863    .text               mc_w.l(iusefp.o)
    0x08000a12   0x0000006e   Code   RO         6864    .text               mf_w.l(fepilogue.o)
    0x08000a80   0x000000ba   Code   RO         6866    .text               mf_w.l(depilogue.o)
    0x08000b3a   0x0000002e   Code   RO         6868    .text               mf_w.l(dscalb.o)
    0x08000b68   0x00000024   Code   RO         6874    .text               mc_w.l(init.o)
    0x08000b8c   0x000000a2   Code   RO         6876    .text               mf_w.l(dsqrt.o)
    0x08000c2e   0x00000056   Code   RO         6888    .text               mc_w.l(__dczerorl2.o)
    0x08000c84   0x00000116   Code   RO         2637    i.GPIO_Init         stm32f10x_gpio.o
    0x08000d9a   0x00000002   PAD
    0x08000d9c   0x00000090   Code   RO         2639    i.GPIO_PinRemapConfig  stm32f10x_gpio.o
    0x08000e2c   0x00000004   Code   RO         2645    i.GPIO_SetBits      stm32f10x_gpio.o
    0x08000e30   0x00000034   Code   RO          359    i.GetCmd            sys_uart.o
    0x08000e64   0x00000004   Code   RO         1335    i.HardFault_Handler  stm32f10x_it.o
    0x08000e68   0x00000050   Code   RO          590    i.MPU_Get_Gyroscope  mpu6050.o
    0x08000eb8   0x0000004c   Code   RO          701    i.MPU_IIC_Ack       mpuiic.o
    0x08000f04   0x0000000a   Code   RO          702    i.MPU_IIC_Delay     mpuiic.o
    0x08000f0e   0x00000002   PAD
    0x08000f10   0x00000038   Code   RO          703    i.MPU_IIC_Init      mpuiic.o
    0x08000f48   0x0000004c   Code   RO          704    i.MPU_IIC_NAck      mpuiic.o
    0x08000f94   0x0000006c   Code   RO          705    i.MPU_IIC_Read_Byte  mpuiic.o
    0x08001000   0x0000005c   Code   RO          706    i.MPU_IIC_Send_Byte  mpuiic.o
    0x0800105c   0x00000048   Code   RO          707    i.MPU_IIC_Start     mpuiic.o
    0x080010a4   0x00000048   Code   RO          708    i.MPU_IIC_Stop      mpuiic.o
    0x080010ec   0x00000064   Code   RO          709    i.MPU_IIC_Wait_Ack  mpuiic.o
    0x08001150   0x000000c0   Code   RO          592    i.MPU_Init          mpu6050.o
    0x08001210   0x0000003a   Code   RO          593    i.MPU_Read_Byte     mpu6050.o
    0x0800124a   0x00000074   Code   RO          594    i.MPU_Read_Len      mpu6050.o
    0x080012be   0x00000010   Code   RO          595    i.MPU_Set_Accel_Fsr  mpu6050.o
    0x080012ce   0x00000010   Code   RO          596    i.MPU_Set_Gyro_Fsr  mpu6050.o
    0x080012de   0x0000003a   Code   RO          597    i.MPU_Set_LPF       mpu6050.o
    0x08001318   0x0000003a   Code   RO          598    i.MPU_Set_Rate      mpu6050.o
    0x08001352   0x00000044   Code   RO          599    i.MPU_Write_Byte    mpu6050.o
    0x08001396   0x00000060   Code   RO          600    i.MPU_Write_Len     mpu6050.o
    0x080013f6   0x00000002   Code   RO         1336    i.NMI_Handler       stm32f10x_it.o
    0x080013f8   0x00000070   Code   RO         1390    i.NVIC_Init         misc.o
    0x08001468   0x000000d8   Code   RO         1285    i.PWM_Config        pwm.o
    0x08001540   0x0000001a   Code   RO          233    i.Pub_Gpio_Input_INFLOATING  pub.o
    0x0800155a   0x00000020   Code   RO          236    i.Pub_Gpio_Output_AFPP  pub.o
    0x0800157a   0x00000022   Code   RO          239    i.Pub_Nvic_Config   pub.o
    0x0800159c   0x0000004e   Code   RO          240    i.Pub_Uart_Hardware_Cfg  pub.o
    0x080015ea   0x00000024   Code   RO          241    i.Pub_Uart_Int_Cfg  pub.o
    0x0800160e   0x00000002   PAD
    0x08001610   0x00000020   Code   RO         3058    i.RCC_AHBPeriphClockCmd  stm32f10x_rcc.o
    0x08001630   0x00000020   Code   RO         3059    i.RCC_APB1PeriphClockCmd  stm32f10x_rcc.o
    0x08001650   0x00000020   Code   RO         3060    i.RCC_APB1PeriphResetCmd  stm32f10x_rcc.o
    0x08001670   0x00000020   Code   RO         3061    i.RCC_APB2PeriphClockCmd  stm32f10x_rcc.o
    0x08001690   0x00000020   Code   RO         3062    i.RCC_APB2PeriphResetCmd  stm32f10x_rcc.o
    0x080016b0   0x000000d4   Code   RO         3069    i.RCC_GetClocksFreq  stm32f10x_rcc.o
    0x08001784   0x00000008   Code   RO         1356    i.SetSysClock       system_stm32f10x.o
    0x0800178c   0x000000e0   Code   RO         1357    i.SetSysClockTo72   system_stm32f10x.o
    0x0800186c   0x00000028   Code   RO         1394    i.SysTick_CLKSourceConfig  misc.o
    0x08001894   0x00000010   Code   RO         5690    i.SysTick_Handler   port.o
    0x080018a4   0x00000060   Code   RO         1359    i.SystemInit        system_stm32f10x.o
    0x08001904   0x00000018   Code   RO         3690    i.TIM_ARRPreloadConfig  stm32f10x_tim.o
    0x0800191c   0x00000018   Code   RO         3702    i.TIM_Cmd           stm32f10x_tim.o
    0x08001934   0x00000098   Code   RO         3731    i.TIM_OC1Init       stm32f10x_tim.o
    0x080019cc   0x00000012   Code   RO         3734    i.TIM_OC1PreloadConfig  stm32f10x_tim.o
    0x080019de   0x00000002   PAD
    0x080019e0   0x000000a4   Code   RO         3736    i.TIM_OC2Init       stm32f10x_tim.o
    0x08001a84   0x0000001a   Code   RO         3739    i.TIM_OC2PreloadConfig  stm32f10x_tim.o
    0x08001a9e   0x00000002   PAD
    0x08001aa0   0x000000a0   Code   RO         3741    i.TIM_OC3Init       stm32f10x_tim.o
    0x08001b40   0x00000012   Code   RO         3744    i.TIM_OC3PreloadConfig  stm32f10x_tim.o
    0x08001b52   0x00000002   PAD
    0x08001b54   0x0000007c   Code   RO         3746    i.TIM_OC4Init       stm32f10x_tim.o
    0x08001bd0   0x0000001a   Code   RO         3748    i.TIM_OC4PreloadConfig  stm32f10x_tim.o
    0x08001bea   0x00000004   Code   RO         3763    i.TIM_SetCompare1   stm32f10x_tim.o
    0x08001bee   0x00000004   Code   RO         3764    i.TIM_SetCompare2   stm32f10x_tim.o
    0x08001bf2   0x00000004   Code   RO         3765    i.TIM_SetCompare3   stm32f10x_tim.o
    0x08001bf6   0x00000006   Code   RO         3766    i.TIM_SetCompare4   stm32f10x_tim.o
    0x08001bfc   0x000000a4   Code   RO         3773    i.TIM_TimeBaseInit  stm32f10x_tim.o
    0x08001ca0   0x00000070   Code   RO          473    i.USART1_IRQHandler  debug_uart.o
    0x08001d10   0x00000024   Code   RO          360    i.USART2_IRQHandler  sys_uart.o
    0x08001d34   0x00000012   Code   RO         4237    i.USART_ClearFlag   stm32f10x_usart.o
    0x08001d46   0x0000001e   Code   RO         4238    i.USART_ClearITPendingBit  stm32f10x_usart.o
    0x08001d64   0x00000022   Code   RO         4239    i.USART_ClockInit   stm32f10x_usart.o
    0x08001d86   0x00000018   Code   RO         4241    i.USART_Cmd         stm32f10x_usart.o
    0x08001d9e   0x00000002   PAD
    0x08001da0   0x00000014   Code   RO          361    i.USART_Configuration  sys_uart.o
    0x08001db4   0x0000009c   Code   RO         4243    i.USART_DeInit      stm32f10x_usart.o
    0x08001e50   0x0000001a   Code   RO         4244    i.USART_GetFlagStatus  stm32f10x_usart.o
    0x08001e6a   0x00000054   Code   RO         4245    i.USART_GetITStatus  stm32f10x_usart.o
    0x08001ebe   0x0000004a   Code   RO         4247    i.USART_ITConfig    stm32f10x_usart.o
    0x08001f08   0x000000d8   Code   RO         4248    i.USART_Init        stm32f10x_usart.o
    0x08001fe0   0x00000008   Code   RO         4258    i.USART_SendData    stm32f10x_usart.o
    0x08001fe8   0x00000032   Code   RO          362    i.USARTx_SendBuf    sys_uart.o
    0x0800201a   0x00000002   PAD
    0x0800201c   0x000000a4   Code   RO          364    i.Uartx_Receive_T   sys_uart.o
    0x080020c0   0x00000044   Code   RO          365    i.Uartx_RxInt       sys_uart.o
    0x08002104   0x00000020   Code   RO         6681    i.__0printf$8       mc_w.l(printf8.o)
    0x08002124   0x00000028   Code   RO         6819    i.__ARM_fpclassify  m_ws.l(fpclassify.o)
    0x0800214c   0x000000aa   Code   RO         6821    i.__kernel_poly     m_ws.l(poly.o)
    0x080021f6   0x00000004   Code   RO         6368    i.__ll_entry_count  cmds.o
    0x080021fa   0x00000002   PAD
    0x080021fc   0x00000008   Code   RO         6370    i.__ll_entry_start  cmds.o
    0x08002204   0x00000006   Code   RO         6806    i.__mathlib_dbl_infnan  m_ws.l(dunder.o)
    0x0800220a   0x00000004   Code   RO         6807    i.__mathlib_dbl_infnan2  m_ws.l(dunder.o)
    0x0800220e   0x0000000c   Code   RO         6808    i.__mathlib_dbl_invalid  m_ws.l(dunder.o)
    0x0800221a   0x00000002   PAD
    0x0800221c   0x00000010   Code   RO         6811    i.__mathlib_dbl_underflow  m_ws.l(dunder.o)
    0x0800222c   0x0000000e   Code   RO         6882    i.__scatterload_copy  mc_w.l(handlers.o)
    0x0800223a   0x00000002   Code   RO         6883    i.__scatterload_null  mc_w.l(handlers.o)
    0x0800223c   0x0000000e   Code   RO         6884    i.__scatterload_zeroinit  mc_w.l(handlers.o)
    0x0800224a   0x00000002   PAD
    0x0800224c   0x0000000c   Code   RO         6858    i.__set_errno       mc_w.l(errno.o)
    0x08002258   0x0000012c   Code   RO         6281    i._do_help          command.o
    0x08002384   0x00000410   Code   RO         6688    i._printf_core      mc_w.l(printf8.o)
    0x08002794   0x00000024   Code   RO         6689    i._printf_post_padding  mc_w.l(printf8.o)
    0x080027b8   0x0000002e   Code   RO         6690    i._printf_pre_padding  mc_w.l(printf8.o)
    0x080027e6   0x00000002   PAD
    0x080027e8   0x000000a8   Code   RO          761    i.accel_self_test   inv_mpu.o
    0x08002890   0x0000002c   Code   RO         4699    i.add_ready_list    raw_pend.o
    0x080028bc   0x00000028   Code   RO         4700    i.add_ready_list_end  raw_pend.o
    0x080028e4   0x00000028   Code   RO         4701    i.add_ready_list_head  raw_pend.o
    0x0800290c   0x00000032   Code   RO         4702    i.add_to_priority_list  raw_pend.o
    0x0800293e   0x00000002   PAD
    0x08002940   0x00000270   Code   RO         6428    i.asin              m_ws.l(asin.o)
    0x08002bb0   0x00000220   Code   RO         6796    i.atan              m_ws.l(atan.o)
    0x08002dd0   0x00000180   Code   RO         6438    i.atan2             m_ws.l(atan2.o)
    0x08002f50   0x00000092   Code   RO         5207    i.bit_search_first_one  raw_system.o
    0x08002fe2   0x0000001a   Code   RO         4703    i.bit_set           raw_pend.o
    0x08002ffc   0x0000004a   Code   RO         5208    i.block_state_post_process  raw_system.o
    0x08003046   0x00000002   Code   RO         6236    i.bootretry_reset_cmd_timeout  cli_simple.o
    0x08003048   0x0000009c   Code   RO         5077    i.calculate_time_slice  raw_sched.o
    0x080030e4   0x00000028   Code   RO         5613    i.call_timer_task   raw_timer.o
    0x0800310c   0x00000078   Code   RO         5255    i.change_internal_task_priority  raw_task.o
    0x08003184   0x0000001a   Code   RO         4704    i.change_pend_list_priority  raw_pend.o
    0x0800319e   0x00000002   PAD
    0x080031a0   0x0000000c   Code   RO         6099    i.clear_ctrlc       cli_port.o
    0x080031ac   0x00000010   Code   RO         6100    i.cli_getc          cli_port.o
    0x080031bc   0x00000002   Code   RO         6051    i.cli_init          cli.o
    0x080031be   0x00000008   Code   RO         6052    i.cli_loop          cli.o
    0x080031c6   0x00000002   PAD
    0x080031c8   0x00000020   Code   RO         6101    i.cli_putc          cli_port.o
    0x080031e8   0x00000012   Code   RO         6102    i.cli_putnstr       cli_port.o
    0x080031fa   0x00000018   Code   RO         6103    i.cli_puts          cli_port.o
    0x08003212   0x00000002   PAD
    0x08003214   0x00000018   Code   RO         6167    i.cli_readline      cli_readline.o
    0x0800322c   0x00000050   Code   RO         6168    i.cli_readline_into_buffer  cli_readline.o
    0x0800327c   0x00000078   Code   RO         6237    i.cli_simple_loop   cli_simple.o
    0x080032f4   0x00000090   Code   RO         6238    i.cli_simple_parse_line  cli_simple.o
    0x08003384   0x00000110   Code   RO         6239    i.cli_simple_run_command  cli_simple.o
    0x08003494   0x000001ac   Code   RO         6282    i.cmd_auto_complete  command.o
    0x08003640   0x00000022   Code   RO         6283    i.cmd_call          command.o
    0x08003662   0x00000002   PAD
    0x08003664   0x000000a8   Code   RO         6284    i.cmd_process       command.o
    0x0800370c   0x00000080   Code   RO         6286    i.cmd_usage         command.o
    0x0800378c   0x00000134   Code   RO         6287    i.complete_cmdv     command.o
    0x080038c0   0x00000026   Code   RO         5906    i.copy2buf          serial_fifo.o
    0x080038e6   0x00000002   PAD
    0x080038e8   0x00000084   Code   RO         5172    i.cpu_task          raw_stat.o
    0x0800396c   0x00000054   Code   RO         5173    i.cpu_task_init     raw_stat.o
    0x080039c0   0x00000040   Code   RO         5174    i.cpu_task_start    raw_stat.o
    0x08003a00   0x000000b4   Code   RO         6169    i.cread_add_char    cli_readline.o
    0x08003ab4   0x00000034   Code   RO         6170    i.cread_add_str     cli_readline.o
    0x08003ae8   0x00000058   Code   RO         6171    i.cread_add_to_hist  cli_readline.o
    0x08003b40   0x00000524   Code   RO         6172    i.cread_line        cli_readline.o
    0x08004064   0x00000044   Code   RO          190    i.create_init_task  sys_init.o
    0x080040a8   0x00000034   Code   RO         6105    i.ctrlc             cli_port.o
    0x080040dc   0x00000040   Code   RO          474    i.debug_cahce_empty  debug_uart.o
    0x0800411c   0x00000094   Code   RO          475    i.debug_fifo_init   debug_uart.o
    0x080041b0   0x00000044   Code   RO          476    i.debug_fifo_read   debug_uart.o
    0x080041f4   0x0000000c   Code   RO          477    i.debug_putc        debug_uart.o
    0x08004200   0x0000001c   Code   RO          478    i.debug_putchar     debug_uart.o
    0x0800421c   0x00000018   Code   RO          479    i.debug_read        debug_uart.o
    0x08004234   0x0000000c   Code   RO          482    i.debug_serial_init  debug_uart.o
    0x08004240   0x00000040   Code   RO          483    i.debug_shell_task  debug_uart.o
    0x08004280   0x00000014   Code   RO          484    i.debug_uart_init   debug_uart.o
    0x08004294   0x00000048   Code   RO          485    i.debug_usart1_init  debug_uart.o
    0x080042dc   0x0000005c   Code   RO          488    i.debug_write       debug_uart.o
    0x08004338   0x00000064   Code   RO         1099    i.decode_gesture    inv_mpu_dmp_motion_driver.o
    0x0800439c   0x0000005c   Code   RO          298    i.delay_init        sys_delay.o
    0x080043f8   0x00000044   Code   RO          299    i.delay_ms          sys_delay.o
    0x0800443c   0x00000058   Code   RO          300    i.delay_us          sys_delay.o
    0x08004494   0x0000003c   Code   RO         1100    i.dmp_enable_6x_lp_quat  inv_mpu_dmp_motion_driver.o
    0x080044d0   0x0000021c   Code   RO         1101    i.dmp_enable_feature  inv_mpu_dmp_motion_driver.o
    0x080046ec   0x00000058   Code   RO         1102    i.dmp_enable_gyro_cal  inv_mpu_dmp_motion_driver.o
    0x08004744   0x0000003c   Code   RO         1103    i.dmp_enable_lp_quat  inv_mpu_dmp_motion_driver.o
    0x08004780   0x00000018   Code   RO         1108    i.dmp_load_motion_driver_firmware  inv_mpu_dmp_motion_driver.o
    0x08004798   0x000001cc   Code   RO         1109    i.dmp_read_fifo     inv_mpu_dmp_motion_driver.o
    0x08004964   0x00000130   Code   RO         1112    i.dmp_set_accel_bias  inv_mpu_dmp_motion_driver.o
    0x08004a94   0x00000070   Code   RO         1113    i.dmp_set_fifo_rate  inv_mpu_dmp_motion_driver.o
    0x08004b04   0x00000130   Code   RO         1114    i.dmp_set_gyro_bias  inv_mpu_dmp_motion_driver.o
    0x08004c34   0x00000138   Code   RO         1116    i.dmp_set_orientation  inv_mpu_dmp_motion_driver.o
    0x08004d6c   0x00000038   Code   RO         1119    i.dmp_set_shake_reject_thresh  inv_mpu_dmp_motion_driver.o
    0x08004da4   0x00000026   Code   RO         1120    i.dmp_set_shake_reject_time  inv_mpu_dmp_motion_driver.o
    0x08004dca   0x00000026   Code   RO         1121    i.dmp_set_shake_reject_timeout  inv_mpu_dmp_motion_driver.o
    0x08004df0   0x00000046   Code   RO         1122    i.dmp_set_tap_axes  inv_mpu_dmp_motion_driver.o
    0x08004e36   0x00000026   Code   RO         1123    i.dmp_set_tap_count  inv_mpu_dmp_motion_driver.o
    0x08004e5c   0x000001a0   Code   RO         1124    i.dmp_set_tap_thresh  inv_mpu_dmp_motion_driver.o
    0x08004ffc   0x00000026   Code   RO         1125    i.dmp_set_tap_time  inv_mpu_dmp_motion_driver.o
    0x08005022   0x00000026   Code   RO         1126    i.dmp_set_tap_time_multi  inv_mpu_dmp_motion_driver.o
    0x08005048   0x0000002c   Code   RO         6371    i.do_help           cmds.o
    0x08005074   0x00000028   Code   RO         6372    i.do_reboot         cmds.o
    0x0800509c   0x00000080   Code   RO         6373    i.do_stack          cmds.o
    0x0800511c   0x00000068   Code   RO         6374    i.do_state          cmds.o
    0x08005184   0x0000004c   Code   RO         6375    i.do_version        cmds.o
    0x080051d0   0x00000044   Code   RO         5990    i.fifo_copy_in      fifo.o
    0x08005214   0x0000004e   Code   RO         5991    i.fifo_in           fifo.o
    0x08005262   0x00000042   Code   RO         5992    i.fifo_init         fifo.o
    0x080052a4   0x00000052   Code   RO         5994    i.fifo_out_all      fifo.o
    0x080052f6   0x00000010   Code   RO         5996    i.fifo_unused       fifo.o
    0x08005306   0x0000001c   Code   RO         6288    i.find_cmd          command.o
    0x08005322   0x00000070   Code   RO         6289    i.find_cmd_tbl      command.o
    0x08005392   0x0000004e   Code   RO         6290    i.find_common_prefix  command.o
    0x080053e0   0x00000024   Code   RO          367    i.fputc             sys_uart.o
    0x08005404   0x00000050   Code   RO         6735    i.free              mc_w.l(malloc.o)
    0x08005454   0x000000b4   Code   RO          762    i.get_accel_prod_shift  inv_mpu.o
    0x08005508   0x00000018   Code   RO         4706    i.get_ready_task    raw_pend.o
    0x08005520   0x00000008   Code   RO          489    i.get_shell_task_obj  debug_uart.o
    0x08005528   0x00000470   Code   RO          763    i.get_st_biases     inv_mpu.o
    0x08005998   0x00000014   Code   RO         6291    i.get_timer         command.o
    0x080059ac   0x00000110   Code   RO          764    i.gyro_self_test    inv_mpu.o
    0x08005abc   0x0000000c   Code   RO         6107    i.had_ctrlc         cli_port.o
    0x08005ac8   0x00000054   Code   RO         6174    i.hist_init         cli_readline.o
    0x08005b1c   0x00000068   Code   RO         6175    i.hist_next         cli_readline.o
    0x08005b84   0x00000054   Code   RO         6176    i.hist_prev         cli_readline.o
    0x08005bd8   0x00000028   Code   RO         5997    i.internal_fifo_out_peek  fifo.o
    0x08005c00   0x00000028   Code   RO          765    i.inv_orientation_matrix_to_scalar  inv_mpu.o
    0x08005c28   0x0000004e   Code   RO          766    i.inv_row_2_scale   inv_mpu.o
    0x08005c76   0x00000010   Code   RO         4622    i.is_list_empty     raw_mutex.o
    0x08005c86   0x00000010   Code   RO         5000    i.is_list_empty     raw_queue_size.o
    0x08005c96   0x00000010   Code   RO         5107    i.is_list_empty     raw_sem.o
    0x08005ca6   0x00000012   Code   RO         5998    i.is_power_of_2     fifo.o
    0x08005cb8   0x00000046   Code   RO         5999    i.kfifo_copy_out    fifo.o
    0x08005cfe   0x0000000e   Code   RO         4707    i.list_delete       raw_pend.o
    0x08005d0c   0x0000000e   Code   RO         5522    i.list_delete       raw_tick.o
    0x08005d1a   0x00000006   Code   RO         5614    i.list_init         raw_timer.o
    0x08005d20   0x0000000e   Code   RO         4708    i.list_insert       raw_pend.o
    0x08005d2e   0x00000002   PAD
    0x08005d30   0x0000004c   Code   RO            1    i.main              main.o
    0x08005d7c   0x00000056   Code   RO         6292    i.make_argv         command.o
    0x08005dd2   0x00000002   PAD
    0x08005dd4   0x0000006c   Code   RO         6736    i.malloc            mc_w.l(malloc.o)
    0x08005e40   0x00000002   Code   RO          767    i.mget_ms           inv_mpu.o
    0x08005e42   0x0000001e   Code   RO         4709    i.move_to_ready_list_end  raw_pend.o
    0x08005e60   0x00000070   Code   RO          768    i.mpu_configure_fifo  inv_mpu.o
    0x08005ed0   0x00000224   Code   RO          769    i.mpu_dmp_get_data  inv_mpu.o
    0x080060f4   0x000000a0   Code   RO          770    i.mpu_dmp_init      inv_mpu.o
    0x08006194   0x0000004c   Code   RO          771    i.mpu_get_accel_fsr  inv_mpu.o
    0x080061e0   0x00000054   Code   RO          773    i.mpu_get_accel_sens  inv_mpu.o
    0x08006234   0x00000010   Code   RO          778    i.mpu_get_fifo_config  inv_mpu.o
    0x08006244   0x00000044   Code   RO          779    i.mpu_get_gyro_fsr  inv_mpu.o
    0x08006288   0x00000050   Code   RO          781    i.mpu_get_gyro_sens  inv_mpu.o
    0x080062d8   0x00000050   Code   RO          783    i.mpu_get_lpf       inv_mpu.o
    0x08006328   0x00000020   Code   RO          785    i.mpu_get_sample_rate  inv_mpu.o
    0x08006348   0x000001f0   Code   RO          787    i.mpu_init          inv_mpu.o
    0x08006538   0x000000b8   Code   RO          788    i.mpu_load_firmware  inv_mpu.o
    0x080065f0   0x000000e0   Code   RO          789    i.mpu_lp_accel_mode  inv_mpu.o
    0x080066d0   0x000000c0   Code   RO          792    i.mpu_read_fifo_stream  inv_mpu.o
    0x08006790   0x00000080   Code   RO          793    i.mpu_read_mem      inv_mpu.o
    0x08006810   0x000001c8   Code   RO          796    i.mpu_reset_fifo    inv_mpu.o
    0x080069d8   0x0000011c   Code   RO          797    i.mpu_run_self_test  inv_mpu.o
    0x08006af4   0x00000084   Code   RO          799    i.mpu_set_accel_fsr  inv_mpu.o
    0x08006b78   0x0000014c   Code   RO          800    i.mpu_set_bypass    inv_mpu.o
    0x08006cc4   0x00000090   Code   RO          802    i.mpu_set_dmp_state  inv_mpu.o
    0x08006d54   0x00000088   Code   RO          803    i.mpu_set_gyro_fsr  inv_mpu.o
    0x08006ddc   0x0000006c   Code   RO          804    i.mpu_set_int_latched  inv_mpu.o
    0x08006e48   0x00000084   Code   RO          806    i.mpu_set_lpf       inv_mpu.o
    0x08006ecc   0x0000009c   Code   RO          807    i.mpu_set_sample_rate  inv_mpu.o
    0x08006f68   0x000000d0   Code   RO          808    i.mpu_set_sensors   inv_mpu.o
    0x08007038   0x00000080   Code   RO          809    i.mpu_write_mem     inv_mpu.o
    0x080070b8   0x000000f2   Code   RO         5001    i.msg_size_post     raw_queue_size.o
    0x080071aa   0x00000002   PAD
    0x080071ac   0x00000088   Code   RO         4623    i.mtx_chg_pri       raw_mutex.o
    0x08007234   0x00000026   Code   RO         4624    i.mutex_state_change  raw_mutex.o
    0x0800725a   0x00000002   PAD
    0x0800725c   0x00000070   Code   RO         4710    i.pend_task_wake_up  raw_pend.o
    0x080072cc   0x00000002   Code   RO         5691    i.port_isr_stack_check  port.o
    0x080072ce   0x000000a8   Code   RO         5692    i.port_stack_init   port.o
    0x08007376   0x0000008c   Code   RO         5784    i.port_system_error_process  port_error_process.o
    0x08007402   0x00000002   PAD
    0x08007404   0x00000178   Code   RO         5820    i.print             simple_printf.o
    0x0800757c   0x000000a0   Code   RO         6293    i.print_argv        command.o
    0x0800761c   0x0000001c   Code   RO         5821    i.printchar         simple_printf.o
    0x08007638   0x000000ba   Code   RO         5822    i.printi            simple_printf.o
    0x080076f2   0x00000080   Code   RO         5823    i.prints            simple_printf.o
    0x08007772   0x00000144   Code   RO         6241    i.process_macros    cli_simple.o
    0x080078b6   0x00000058   Code   RO         4474    i.raw_block_allocate  raw_block.o
    0x0800790e   0x0000007e   Code   RO         4475    i.raw_block_pool_create  raw_block.o
    0x0800798c   0x00000048   Code   RO         4476    i.raw_block_release  raw_block.o
    0x080079d4   0x00000044   Code   RO         5257    i.raw_disable_sche  raw_task.o
    0x08007a18   0x0000005c   Code   RO         5258    i.raw_enable_sche   raw_task.o
    0x08007a74   0x00000054   Code   RO         5209    i.raw_enter_interrupt  raw_system.o
    0x08007ac8   0x0000008c   Code   RO         5210    i.raw_finish_int    raw_system.o
    0x08007b54   0x00000004   Code   RO         5724    i.raw_idle_coroutine_hook  port_hook.o
    0x08007b58   0x00000030   Code   RO         4603    i.raw_idle_task     raw_idle.o
    0x08007b88   0x0000005a   Code   RO         5888    i.raw_memcpy        user_extension.o
    0x08007be2   0x00000046   Code   RO         5889    i.raw_memset        user_extension.o
    0x08007c28   0x00000038   Code   RO         4625    i.raw_mutex_create  raw_mutex.o
    0x08007c60   0x00000158   Code   RO         4627    i.raw_mutex_get     raw_mutex.o
    0x08007db8   0x000000d4   Code   RO         4628    i.raw_mutex_put     raw_mutex.o
    0x08007e8c   0x00000094   Code   RO         5078    i.raw_os_init       raw_sched.o
    0x08007f20   0x00000002   Code   RO         5726    i.raw_os_init_hook  port_hook.o
    0x08007f22   0x00000002   PAD
    0x08007f24   0x0000003c   Code   RO         5079    i.raw_os_start      raw_sched.o
    0x08007f60   0x0000004c   Code   RO         4711    i.raw_pend_object   raw_pend.o
    0x08007fac   0x00000024   Code   RO         5824    i.raw_printf        simple_printf.o
    0x08007fd0   0x00000058   Code   RO         5003    i.raw_queue_size_create  raw_queue_size.o
    0x08008028   0x00000026   Code   RO         5005    i.raw_queue_size_end_post  raw_queue_size.o
    0x0800804e   0x00000060   Code   RO         5010    i.raw_queue_size_get_information  raw_queue_size.o
    0x080080ae   0x00000002   PAD
    0x080080b0   0x00000118   Code   RO         5011    i.raw_queue_size_receive  raw_queue_size.o
    0x080081c8   0x00000054   Code   RO         5080    i.raw_sched         raw_sched.o
    0x0800821c   0x0000002c   Code   RO         5108    i.raw_semaphore_create  raw_sem.o
    0x08008248   0x000000b0   Code   RO         5110    i.raw_semaphore_get  raw_sem.o
    0x080082f8   0x00000014   Code   RO         5111    i.raw_semaphore_put  raw_sem.o
    0x0800830c   0x00000070   Code   RO         5114    i.raw_semaphore_set  raw_sem.o
    0x0800837c   0x00000094   Code   RO         5265    i.raw_sleep         raw_task.o
    0x08008410   0x0000004c   Code   RO         5175    i.raw_stack_check   raw_stat.o
    0x0800845c   0x00000060   Code   RO         5693    i.raw_sys_tick_init  port.o
    0x080084bc   0x0000015c   Code   RO         5266    i.raw_task_create   raw_task.o
    0x08008618   0x0000000c   Code   RO         5268    i.raw_task_identify  raw_task.o
    0x08008624   0x00000012   Code   RO         5270    i.raw_task_resume   raw_task.o
    0x08008636   0x0000001c   Code   RO         5486    i.raw_task_semaphore_create  raw_task_sem.o
    0x08008652   0x00000002   PAD
    0x08008654   0x00000018   Code   RO         5488    i.raw_task_semaphore_get  raw_task_sem.o
    0x0800866c   0x0000000c   Code   RO         5489    i.raw_task_semaphore_put  raw_task_sem.o
    0x08008678   0x00000032   Code   RO         5271    i.raw_task_stack_check  raw_task.o
    0x080086aa   0x0000001c   Code   RO         5272    i.raw_task_suspend  raw_task.o
    0x080086c6   0x00000002   Code   RO         5730    i.raw_tick_hook     port_hook.o
    0x080086c8   0x00000024   Code   RO         5213    i.raw_time_tick     raw_system.o
    0x080086ec   0x0000006c   Code   RO         5620    i.raw_timer_init    raw_timer.o
    0x08008758   0x0000000c   Code   RO         4712    i.raw_wake_object   raw_pend.o
    0x08008764   0x0000006e   Code   RO         4630    i.release_mutex     raw_mutex.o
    0x080087d2   0x0000007c   Code   RO         4713    i.remove_ready_list  raw_pend.o
    0x0800884e   0x00000010   Code   RO         6056    i.run_command_repeatable  cli.o
    0x0800885e   0x00000024   Code   RO         4714    i.run_queue_init    raw_pend.o
    0x08008882   0x00000094   Code   RO          810    i.run_self_test     inv_mpu.o
    0x08008916   0x000000a4   Code   RO         5116    i.semaphore_put     raw_sem.o
    0x080089ba   0x0000001c   Code   RO         5907    i.serial_alloc      serial_fifo.o
    0x080089d6   0x00000020   Code   RO         5908    i.serial_append     serial_fifo.o
    0x080089f6   0x00000062   Code   RO         5910    i.serial_fifo_cache_refresh  serial_fifo.o
    0x08008a58   0x000000c4   Code   RO         5912    i.serial_fifo_init  serial_fifo.o
    0x08008b1c   0x00000028   Code   RO         5913    i.serial_fifo_int_recv  serial_fifo.o
    0x08008b44   0x00000018   Code   RO         5967    i.serial_read       serial_fifo.o
    0x08008b5c   0x0000009c   Code   RO         5915    i.serial_read_noblock  serial_fifo.o
    0x08008bf8   0x00000090   Code   RO          811    i.set_int_enable    inv_mpu.o
    0x08008c88   0x00000048   Code   RO          490    i.shell_init        debug_uart.o
    0x08008cd0   0x00000014   Code   RO         5828    i.simple_printf_lock  simple_printf.o
    0x08008ce4   0x00000010   Code   RO         5829    i.simple_printf_unlock  simple_printf.o
    0x08008cf4   0x0000004c   Code   RO         6825    i.sqrt              m_ws.l(sqrt.o)
    0x08008d40   0x000000b0   Code   RO          191    i.sys_init_task     sys_init.o
    0x08008df0   0x00000048   Code   RO          324    i.sys_led_init      sys_led.o
    0x08008e38   0x00000018   Code   RO          325    i.sys_led_off       sys_led.o
    0x08008e50   0x00000018   Code   RO          326    i.sys_led_on        sys_led.o
    0x08008e68   0x00000050   Code   RO          327    i.sys_led_task      sys_led.o
    0x08008eb8   0x00000038   Code   RO          328    i.sys_len_init      sys_led.o
    0x08008ef0   0x00000048   Code   RO         1297    i.sys_motor_init    motor.o
    0x08008f38   0x000000f8   Code   RO         1298    i.sys_motor_task    motor.o
    0x08009030   0x00000048   Code   RO          601    i.sys_mpu_init      mpu6050.o
    0x08009078   0x00000090   Code   RO          602    i.sys_mpu_task      mpu6050.o
    0x08009108   0x00000048   Code   RO          369    i.sys_uart_init     sys_uart.o
    0x08009150   0x000000a0   Code   RO          370    i.sys_uart_task     sys_uart.o
    0x080091f0   0x00000048   Code   RO          372    i.sys_usart2_init   sys_uart.o
    0x08009238   0x00000002   Code   RO         5731    i.task_create_hook  port_hook.o
    0x0800923a   0x00000002   PAD
    0x0800923c   0x000000b0   Code   RO         5276    i.task_resume       raw_task.o
    0x080092ec   0x000000cc   Code   RO         5277    i.task_suspend      raw_task.o
    0x080093b8   0x00000010   Code   RO         5523    i.tick_list_init    raw_tick.o
    0x080093c8   0x00000028   Code   RO         5524    i.tick_list_insert  raw_tick.o
    0x080093f0   0x00000050   Code   RO         5525    i.tick_list_priority_insert  raw_tick.o
    0x08009440   0x00000016   Code   RO         5526    i.tick_list_remove  raw_tick.o
    0x08009456   0x00000002   PAD
    0x08009458   0x00000108   Code   RO         5527    i.tick_list_update  raw_tick.o
    0x08009560   0x00000020   Code   RO         5528    i.tick_task_process  raw_tick.o
    0x08009580   0x0000006c   Code   RO         5529    i.tick_task_start   raw_tick.o
    0x080095ec   0x00000010   Code   RO         5621    i.timer_list_init   raw_timer.o
    0x080095fc   0x00000044   Code   RO         5622    i.timer_list_priority_insert  raw_timer.o
    0x08009640   0x0000001a   Code   RO         5623    i.timer_list_remove  raw_timer.o
    0x0800965a   0x00000002   PAD
    0x0800965c   0x000000d4   Code   RO         5624    i.timer_task        raw_timer.o
    0x08009730   0x00000010   Code   RO         6108    i.tstc              cli_port.o
    0x08009740   0x00000014   Code   RO         4716    i.wake_send_msg_size  raw_pend.o
    0x08009754   0x00000028   Data   RO          193    .constdata          sys_init.o
    0x0800977c   0x00000050   Data   RO          813    .constdata          inv_mpu.o
    0x080097cc   0x00000bf6   Data   RO         1128    .constdata          inv_mpu_dmp_motion_driver.o
    0x0800a3c2   0x00000006   PAD
    0x0800a3c8   0x00000050   Data   RO         6429    .constdata          m_ws.l(asin.o)
    0x0800a418   0x00000098   Data   RO         6797    .constdata          m_ws.l(atan.o)
    0x0800a4b0   0x00000008   Data   RO         6823    .constdata          m_ws.l(qnan.o)
    0x0800a4b8   0x0000004d   Data   RO          814    .conststring        inv_mpu.o
    0x0800a505   0x00000003   PAD
    0x0800a508   0x00000055   Data   RO         6295    .conststring        command.o
    0x0800a55d   0x00000003   PAD
    0x0800a560   0x000001ec   Data   RO         6376    .conststring        cmds.o
    0x0800a74c   0x00000020   Data   RO         6880    Region$$Table       anon$$obj.o


    Execution Region RW_IRAM1 (Base: 0x20000000, Size: 0x00004a30, Max: 0x00010000, ABSOLUTE, COMPRESSED[0x00000098])

    Base Addr    Size         Type   Attr      Idx    E Section Name        Object

    0x20000000   0x00000004   Data   RW          301    .data               sys_delay.o
    0x20000004   0x00000008   Data   RW          330    .data               sys_led.o
    0x2000000c   0x0000000c   Data   RW          375    .data               sys_uart.o
    0x20000018   0x00000012   Data   RW          604    .data               mpu6050.o
    0x2000002a   0x00000002   PAD
    0x2000002c   0x00000035   Data   RW          815    .data               inv_mpu.o
    0x20000061   0x00000003   PAD
    0x20000064   0x00000014   Data   RW         1360    .data               system_stm32f10x.o
    0x20000078   0x00000014   Data   RW         3089    .data               stm32f10x_rcc.o
    0x2000008c   0x00000004   PAD
    0x20000090   0x00000050   Data   RW         4686    .data               raw_obj.o
    0x200000e0   0x00000024   Data   RW         6109    .data               cli_port.o
    0x20000104   0x00000014   Data   RW         6179    .data               cli_readline.o
    0x20000118   0x0000008c   Data   RW         6377    .data               cmds.o
    0x200001a4   0x00000004   Data   RW         6854    .data               mc_w.l(mvars.o)
    0x200001a8   0x00000004   Data   RW         6855    .data               mc_w.l(mvars.o)
    0x200001ac   0x00000004   Data   RW         6859    .data               mc_w.l(errno.o)
    0x200001b0   0x00000270   Zero   RW          192    .bss                sys_init.o
    0x20000420   0x00000270   Zero   RW          329    .bss                sys_led.o
    0x20000690   0x000009c0   Zero   RW          374    .bss                sys_uart.o
    0x20001050   0x00000d10   Zero   RW          491    .bss                debug_uart.o
    0x20001d60   0x0000088c   Zero   RW          603    .bss                mpu6050.o
    0x200025ec   0x00000010   Zero   RW         1127    .bss                inv_mpu_dmp_motion_driver.o
    0x200025fc   0x00000270   Zero   RW         1299    .bss                motor.o
    0x2000286c   0x00001410   Zero   RW         4685    .bss                raw_obj.o
    0x20003c7c   0x0000001c   Zero   RW         5830    .bss                simple_printf.o
    0x20003c98   0x000006f8   Zero   RW         6177    .bss                cli_readline.o
    0x20004390   0x00000050   Zero   RW         6242    .bss                cli_simple.o
    0x200043e0   0x00000050   Zero   RW         6294    .bss                command.o
    0x20004430   0x00000200   Zero   RW         1329    HEAP                startup_stm32f10x_hd.o
    0x20004630   0x00000400   Zero   RW         1328    STACK               startup_stm32f10x_hd.o


==============================================================================

Image component sizes


      Code (inc. data)   RO Data    RW Data    ZI Data      Debug   Object Name

        26          0          0          0          0       3119   cli.o
       182         26          0         36          0       4492   cli_port.o
      2012        170          0         20       1784      10611   cli_readline.o
       862        108          0          0         80       4151   cli_simple.o
       404        174        492        140          0      21645   cmds.o
      1850        174         85          0         80      12763   command.o
         0          0          0          0          0         32   core_cm3.o
       156         16          0          0          0        304   cpu.o
       796        206          0          0       3344      23698   debug_uart.o
       438          0          0          0          0       5601   fifo.o
      6864        290        157         53          0      30252   inv_mpu.o
      3096        122       3062          0         16      20210   inv_mpu_dmp_motion_driver.o
        76          4          0          0          0     254239   main.o
       152         12          0          0          0      11934   misc.o
       320         92          0          0        624       1759   motor.o
       974        112          0         18       2188       8237   mpu6050.o
       662        100          0          0          0       4590   mpuiic.o
       282         12          0          0          0      17866   port.o
       140          0          0          0          0       1324   port_error_process.o
        10          0          0          0          0       2032   port_hook.o
       206          0          0          0          0       3240   pub.o
       216         16          0          0          0        665   pwm.o
       286          0          0          0          0       3005   raw_block.o
         0          0          0          0          0       3944   raw_event.o
        48          6          0          0          0        516   raw_idle.o
       912         30          0          0          0       5574   raw_mutex.o
         0          0          0         80       5136       1942   raw_obj.o
       688         24          0          0          0      13640   raw_pend.o
       760         14          0          0          0       5532   raw_queue_size.o
       448         96          0          0          0       2868   raw_sched.o
       532         16          0          0          0       4531   raw_sem.o
       356         64          0          0          0       2343   raw_stat.o
       480         34          0          0          0       3641   raw_system.o
      1264        118          0          0          0      12184   raw_task.o
        64          6          0          0          0       2130   raw_task_sem.o
       576         90          0          0          0       9664   raw_tick.o
       476         88          0          0          0       4332   raw_timer.o
       612          0          0          0          0       6993   serial_fifo.o
       790         20          0          0         28       5429   simple_printf.o
        36          8        304          0       1536        788   startup_stm32f10x_hd.o
       426          6          0          0          0      11673   stm32f10x_gpio.o
         6          0          0          0          0        838   stm32f10x_it.o
       372         50          0         20          0      14804   stm32f10x_rcc.o
       918         92          0          0          0      29828   stm32f10x_tim.o
       670         28          0          0          0      13978   stm32f10x_usart.o
       248         28          0          4          0       1775   sys_delay.o
       244        120         40          0        624       2683   sys_init.o
       256         78          0          8        624       2863   sys_led.o
       730        160          0         12       2496       8625   sys_uart.o
       328         28          0         20          0       2129   system_stm32f10x.o
       160          0          0          0          0       1846   user_extension.o

    ----------------------------------------------------------------------
     32462       2838       4184        420      18560     622862   Object Totals
         0          0         32          0          0          0   (incl. Generated)
        52          0         12          9          0          0   (incl. Padding)

    ----------------------------------------------------------------------

      Code (inc. data)   RO Data    RW Data    ZI Data      Debug   Library Member Name

       624         52         80          0          0        168   asin.o
       544         70        152          0          0        124   atan.o
       384         38          0          0          0        144   atan2.o
        38          6          0          0          0        272   dunder.o
        40          0          0          0          0         68   fpclassify.o
       170          0          0          0          0         96   poly.o
         0          0          8          0          0          0   qnan.o
        76          0          0          0          0         84   sqrt.o
        86          0          0          0          0          0   __dczerorl2.o
         0          0          0          0          0          0   entry.o
         0          0          0          0          0          0   entry10a.o
         0          0          0          0          0          0   entry11a.o
         8          4          0          0          0          0   entry2.o
         4          0          0          0          0          0   entry5.o
         0          0          0          0          0          0   entry7b.o
         0          0          0          0          0          0   entry8b.o
         8          4          0          0          0          0   entry9a.o
        12          6          0          4          0         68   errno.o
        30          0          0          0          0          0   handlers.o
        36          8          0          0          0         68   init.o
         0          0          0          0          0          0   iusefp.o
        98          0          0          0          0         84   ldiv.o
        30          0          0          0          0         68   llshl.o
        36          0          0          0          0         68   llsshr.o
        32          0          0          0          0         68   llushr.o
       188         20          0          0          0        160   malloc.o
        26          0          0          0          0         80   memcmp.o
        64          0          0          0          0         76   memmovea.o
        36          0          0          0          0        108   memseta.o
         0          0          0          8          0          0   mvars.o
      1154         54          0          0          0        352   printf8.o
        20          0          0          0          0         68   strchr.o
        28          0          0          0          0         76   strcmp.o
        18          0          0          0          0         68   strcpy.o
        14          0          0          0          0         68   strlen.o
        30          0          0          0          0         80   strncmp.o
        98          0          0          0          0         92   uldiv.o
        20          0          0          0          0         68   cfcmple.o
        20          0          0          0          0         68   cfrcmple.o
        56          0          0          0          0         88   d2f.o
       334          0          0          0          0        148   dadd.o
       222          0          0          0          0        100   ddiv.o
       186          0          0          0          0        176   depilogue.o
        62          0          0          0          0         80   dfixi.o
        34          0          0          0          0         76   dflti.o
       228          0          0          0          0         96   dmul.o
        46          0          0          0          0         80   dscalb.o
       162          0          0          0          0        100   dsqrt.o
        38          0          0          0          0         68   f2d.o
       176          0          0          0          0        140   fadd.o
       124          0          0          0          0         88   fdiv.o
       110          0          0          0          0        168   fepilogue.o
        50          0          0          0          0         68   ffixi.o
        40          0          0          0          0         68   ffixui.o
        18          0          0          0          0         68   fflti.o
        10          0          0          0          0         68   ffltui.o
       100          0          0          0          0         76   fmul.o

    ----------------------------------------------------------------------
      5974        262        240         12          0       4500   Library Totals
         6          0          0          0          0          0   (incl. Padding)

    ----------------------------------------------------------------------

      Code (inc. data)   RO Data    RW Data    ZI Data      Debug   Library Name

      1876        166        240          0          0        956   m_ws.l
      2056         96          0         12          0       1652   mc_w.l
      2036          0          0          0          0       1892   mf_w.l

    ----------------------------------------------------------------------
      5974        262        240         12          0       4500   Library Totals

    ----------------------------------------------------------------------

==============================================================================


      Code (inc. data)   RO Data    RW Data    ZI Data      Debug   

     38436       3100       4424        432      18560     608770   Grand Totals
     38436       3100       4424        152      18560     608770   ELF Image Totals (compressed)
     38436       3100       4424        152          0          0   ROM Totals

==============================================================================

    Total RO  Size (Code + RO Data)                42860 (  41.86kB)
    Total RW  Size (RW Data + ZI Data)             18992 (  18.55kB)
    Total ROM Size (Code + RO Data + RW Data)      43012 (  42.00kB)

==============================================================================

